# Raw TCP Data Log for MAGNETOMETER
# Started: 2025-12-08T12:22:02.744552
# Format: TIMESTAMP | PORT | HEX_DATA | FLOAT_VALUE
# ================================================================================
2025-12-08T12:22:36.983467 | 50052 | 1AE4BE0BB094063F | 4.3069479460e-05
2025-12-08T12:22:36.983882 | 50050 | FF696CEFC4D5053F | 4.1647026526e-05
2025-12-08T12:22:36.984570 | 50051 | 0063820212F0053F | 4.1842984787e-05
2025-12-08T12:22:37.082445 | 50050 | 3D5A6DB011E7043F | 3.9868571597e-05
2025-12-08T12:22:37.082718 | 50051 | 0329497E29B2053F | 4.1381732249e-05
2025-12-08T12:22:37.083785 | 50052 | 806A9C03668C063F | 4.3007720207e-05
2025-12-08T12:22:37.184558 | 50051 | 7EC09CE569AE053F | 4.1353804319e-05
2025-12-08T12:22:37.184793 | 50050 | 74FA6188107D043F | 3.9078776397e-05
2025-12-08T12:22:37.185902 | 50052 | AF48419F7EAB053F | 4.1332055759e-05
2025-12-08T12:22:37.283834 | 50052 | C8E03E6A9E43053F | 4.0558120673e-05
2025-12-08T12:22:37.284618 | 50051 | 2AB8BB75C0E1063F | 4.3643651876e-05
2025-12-08T12:22:37.284949 | 50050 | 8518809F932F043F | 3.8501446340e-05
2025-12-08T12:22:37.384847 | 50050 | 78975E2A36FA043F | 4.0011194229e-05
2025-12-08T12:22:37.384977 | 50051 | 1FAF4EA5B913063F | 4.2108633955e-05
2025-12-08T12:22:37.385243 | 50052 | E55728E16295063F | 4.3074684204e-05
2025-12-08T12:22:37.485610 | 50052 | 43B21EB8335D053F | 4.0748730512e-05
2025-12-08T12:22:37.486029 | 50050 | A93E96E6F2FE053F | 4.1953838102e-05
2025-12-08T12:22:37.486186 | 50051 | 4EF0CEBCE571053F | 4.0902923139e-05
2025-12-08T12:22:37.587096 | 50052 | 82997160DF6D053F | 4.0872935693e-05
2025-12-08T12:22:37.587366 | 50051 | CAF38905A803053F | 4.0081563104e-05
2025-12-08T12:22:37.587515 | 50050 | 26E625A81923053F | 4.0315838322e-05
2025-12-08T12:22:37.685538 | 50051 | 575550FF6599053F | 4.1197228633e-05
2025-12-08T12:22:37.690242 | 50050 | 29A4B6C15368043F | 3.8924270679e-05
2025-12-08T12:22:37.692035 | 50052 | 839CAA92910E053F | 4.0162866147e-05
2025-12-08T12:22:37.787486 | 50052 | A34DB91E62BB053F | 4.1450435529e-05
2025-12-08T12:22:37.787857 | 50050 | CD78D7D9E46D043F | 3.8965746380e-05
2025-12-08T12:22:37.788844 | 50051 | E0F308C4CC97053F | 4.1185318427e-05
2025-12-08T12:22:37.889221 | 50050 | C306980112E4053F | 4.1753577715e-05
2025-12-08T12:22:37.889728 | 50052 | 3931D8978FD7053F | 4.1660375228e-05
2025-12-08T12:22:37.889940 | 50051 | D4E8812F2156053F | 4.0696037048e-05
2025-12-08T12:22:37.986866 | 50052 | DE3202335C45053F | 4.0571094702e-05
2025-12-08T12:22:37.988659 | 50051 | A9156CBDD5DF063F | 4.3629370046e-05
2025-12-08T12:22:37.988952 | 50050 | 96F55342F199043F | 3.9293933051e-05
2025-12-08T12:22:38.087495 | 50050 | 47B94968010A043F | 3.8221519422e-05
2025-12-08T12:22:38.088612 | 50051 | 94D76974309E063F | 4.3140271875e-05
2025-12-08T12:22:38.089288 | 50052 | 0B19911E2C34063F | 4.2350384156e-05
2025-12-08T12:22:38.188456 | 50052 | A704E7685816063F | 4.2128155758e-05
2025-12-08T12:22:38.188734 | 50050 | E1762B209E06043F | 3.8196278202e-05
2025-12-08T12:22:38.189365 | 50051 | 5C13749CF59B063F | 4.3123658140e-05
2025-12-08T12:22:38.289460 | 50052 | 49E577F85434053F | 4.0444224449e-05
2025-12-08T12:22:38.290011 | 50051 | B5376DDF5A8E053F | 4.1114948479e-05
2025-12-08T12:22:38.290124 | 50050 | A62DF2D051E4043F | 3.9848086197e-05
2025-12-08T12:22:38.390022 | 50052 | 24D61A9C183C063F | 4.2409420997e-05
2025-12-08T12:22:38.390159 | 50050 | 3ED81D525DC0053F | 4.1487548755e-05
2025-12-08T12:22:38.391092 | 50051 | 537FEB865389053F | 4.1077481787e-05
2025-12-08T12:22:38.490386 | 50052 | 7211706DF7A6063F | 4.3205667389e-05
2025-12-08T12:22:38.490565 | 50051 | 633D63BDC2E3053F | 4.1751270759e-05
2025-12-08T12:22:38.491435 | 50050 | 04987F5F0F37043F | 3.8557202003e-05
2025-12-08T12:22:38.591269 | 50051 | 7EF76C3D1693053F | 4.1150203904e-05
2025-12-08T12:22:38.591342 | 50052 | 52B57AF4D1CA053F | 4.1565449064e-05
2025-12-08T12:22:38.592032 | 50050 | AA978B743436053F | 4.0458179290e-05
2025-12-08T12:22:38.691230 | 50052 | 9FE7A7DA52DE063F | 4.3618110187e-05
2025-12-08T12:22:38.691515 | 50050 | EE7097ED79C2043F | 3.9595933867e-05
2025-12-08T12:22:38.692040 | 50051 | 31C319E56C95063F | 4.3074975690e-05
2025-12-08T12:22:38.791887 | 50051 | 5504E5C4841D053F | 4.0274252216e-05
2025-12-08T12:22:38.791952 | 50052 | 1024462D377C063F | 4.2887147774e-05
2025-12-08T12:22:38.792749 | 50050 | D46A9D3B7545053F | 4.0571823276e-05
2025-12-08T12:22:38.892749 | 50051 | 393A0A28E890053F | 4.1133961536e-05
2025-12-08T12:22:38.895185 | 50052 | B1B28924EAEC043F | 3.9912124127e-05
2025-12-08T12:22:38.899372 | 50050 | 2B55905946EB053F | 4.1807255180e-05
2025-12-08T12:22:38.991723 | 50052 | 7F22871FB49F063F | 4.3151554511e-05
2025-12-08T12:22:38.994339 | 50051 | EFBF0B964A44053F | 4.0563131511e-05
2025-12-08T12:22:38.995850 | 50050 | DDF789998F3E053F | 4.0520436589e-05
2025-12-08T12:22:39.092033 | 50050 | 401AC938DD41053F | 4.0545047430e-05
2025-12-08T12:22:39.093479 | 50051 | BFAE540F4F64063F | 4.2709028927e-05
2025-12-08T12:22:39.093545 | 50052 | 1787D7BEC2F9053F | 4.1915183697e-05
2025-12-08T12:22:39.192825 | 50050 | 0DD3FE96F038053F | 4.0478555888e-05
2025-12-08T12:22:39.193134 | 50052 | AE45C9F32352063F | 4.2573663880e-05
2025-12-08T12:22:39.193781 | 50051 | 4133317C442A053F | 4.0369238854e-05
2025-12-08T12:22:39.292458 | 50052 | 9B8962AD5F36053F | 4.0459437217e-05
2025-12-08T12:22:39.293461 | 50050 | DA51B51AA716053F | 4.0223097438e-05
2025-12-08T12:22:39.294958 | 50051 | 199BD8BC7119053F | 4.0243896006e-05
2025-12-08T12:22:39.395981 | 50050 | 4EFAE02B1BC7053F | 4.1537777620e-05
2025-12-08T12:22:39.396175 | 50052 | 0A1802556205063F | 4.2001784665e-05
2025-12-08T12:22:39.396332 | 50051 | 36AF89D13FB9063F | 4.3341884695e-05
2025-12-08T12:22:39.494898 | 50050 | 7CF57667E6A0053F | 4.1253119828e-05
2025-12-08T12:22:39.495709 | 50052 | 1AB783BCB7F1043F | 3.9947910013e-05
2025-12-08T12:22:39.495901 | 50051 | F932E82CC5AD063F | 4.3256358925e-05
2025-12-08T12:22:39.596181 | 50050 | BDEA47647434043F | 3.8537790292e-05
2025-12-08T12:22:39.596558 | 50051 | D490BE9844AA053F | 4.1322916416e-05
2025-12-08T12:22:39.596911 | 50052 | A830A928A81B053F | 4.0260381031e-05
2025-12-08T12:22:39.697649 | 50051 | 80D90DCE478B063F | 4.2999390422e-05
2025-12-08T12:22:39.697783 | 50050 | B679C4FC3D1D043F | 3.8364843564e-05
2025-12-08T12:22:39.698049 | 50052 | 9FDB351216DC043F | 3.9786742742e-05
2025-12-08T12:22:39.796737 | 50051 | 88306C35FACB053F | 4.1574071181e-05
2025-12-08T12:22:39.797492 | 50052 | C9AAB3EA0BE2063F | 4.3645847961e-05
2025-12-08T12:22:39.798044 | 50050 | 01BCF79FD138053F | 4.0477654689e-05
2025-12-08T12:22:39.898541 | 50052 | AD17BDDC352A053F | 4.0368813272e-05
2025-12-08T12:22:39.899215 | 50051 | 1B3013EF658E053F | 4.1115270400e-05
2025-12-08T12:22:39.900165 | 50050 | D631F41AB1A5043F | 3.9381472897e-05
2025-12-08T12:22:40.000927 | 50052 | 418E9A73EA0F063F | 4.2080252070e-05
2025-12-08T12:22:40.001192 | 50050 | E6EC0CCD70F9043F | 4.0005450165e-05
2025-12-08T12:22:40.002490 | 50051 | 2F6FB3BDC20E063F | 4.2071645760e-05
2025-12-08T12:22:40.103289 | 50050 | F0B0CD7FDC9F053F | 4.1245380976e-05
2025-12-08T12:22:40.103488 | 50052 | 6C5102EFD5D8053F | 4.1669872986e-05
2025-12-08T12:22:40.105497 | 50051 | D36EEB0C74CE063F | 4.3499867038e-05
2025-12-08T12:22:40.202174 | 50052 | 0791186F5CEF053F | 4.1837700234e-05
2025-12-08T12:22:40.202483 | 50051 | C1FF6D487954053F | 4.0683699857e-05
2025-12-08T12:22:40.203590 | 50050 | 699B170A03E3053F | 4.1745691543e-05
2025-12-08T12:22:40.302814 | 50051 | EF3CC05EA932053F | 4.0431779638e-05
2025-12-08T12:22:40.303777 | 50052 | 9A2C64307037053F | 4.0467368352e-05
2025-12-08T12:22:40.304599 | 50050 | C25A0D829001053F | 4.0065977606e-05
2025-12-08T12:22:40.402979 | 50050 | A75CD1AF6BC1043F | 3.9588068809e-05
2025-12-08T12:22:40.403098 | 50051 | 1720CC04112E053F | 4.0397543307e-05
2025-12-08T12:22:40.403493 | 50052 | 6056D54515AF063F | 4.3266140646e-05
2025-12-08T12:22:40.503353 | 50050 | F7D96BE1D7FE053F | 4.1953051712e-05
2025-12-08T12:22:40.505230 | 50052 | A3EDE242B4D2063F | 4.3531538141e-05
2025-12-08T12:22:40.505622 | 50051 | 623B2C2CECBC063F | 4.3369252600e-05
2025-12-08T12:22:40.605022 | 50050 | D62980DC12C0053F | 4.1485381701e-05
2025-12-08T12:22:40.609147 | 50051 | C9ADB9C2E9DF053F | 4.1722604092e-05
2025-12-08T12:22:40.609628 | 50052 | D836FC1BF1EB063F | 4.3719573567e-05
2025-12-08T12:22:40.706002 | 50050 | 5C5F358C99BC043F | 3.9552150634e-05
2025-12-08T12:22:40.706542 | 50052 | 0690087AC268053F | 4.0834841688e-05
2025-12-08T12:22:40.706712 | 50051 | 29C45F8991DC043F | 3.9790336061e-05
2025-12-08T12:22:40.806387 | 50050 | AC230162BC52043F | 3.8763402927e-05
2025-12-08T12:22:40.806568 | 50052 | 4FB4D775ABAC053F | 4.1340811304e-05
2025-12-08T12:22:40.806648 | 50051 | D938B0EFA27D053F | 4.0990385934e-05
2025-12-08T12:22:40.907251 | 50052 | EB25070C6FAF053F | 4.1361404786e-05
2025-12-08T12:22:40.907599 | 50051 | 84D560C8DE89063F | 4.2988883294e-05
2025-12-08T12:22:40.907981 | 50050 | 69E40AB34AA5053F | 4.1285841126e-05
2025-12-08T12:22:41.007838 | 50050 | BB9ECD5FE9E9053F | 4.1797098652e-05
2025-12-08T12:22:41.007994 | 50051 | 8B9FDC06AFFE053F | 4.1951862711e-05
2025-12-08T12:22:41.008889 | 50052 | DC11D4E35EDD053F | 4.1703661262e-05
2025-12-08T12:22:41.107791 | 50052 | DABA567514A3063F | 4.3176709976e-05
2025-12-08T12:22:41.107816 | 50051 | 204C6D3DB65F063F | 4.2674778959e-05
2025-12-08T12:22:41.110047 | 50050 | 5D9265C9F0D9043F | 3.9770756461e-05
2025-12-08T12:22:41.210941 | 50052 | 3DE402377681063F | 4.2926235325e-05
2025-12-08T12:22:41.211024 | 50050 | 1A53CAEB8D44043F | 3.8657742583e-05
2025-12-08T12:22:41.212037 | 50051 | CAB3B56E1621053F | 4.0300843319e-05
2025-12-08T12:22:41.310687 | 50051 | F444D4E1EC2C053F | 4.0389041013e-05
2025-12-08T12:22:41.311132 | 50050 | E1C75A732EB9053F | 4.1434030590e-05
2025-12-08T12:22:41.311185 | 50052 | 600F330363EE053F | 4.1830441114e-05
2025-12-08T12:22:41.412501 | 50051 | E75C906448EB063F | 4.3714663271e-05
2025-12-08T12:22:41.412619 | 50052 | A9B11C5B4030053F | 4.0413822161e-05
2025-12-08T12:22:41.412796 | 50050 | 7AE1DE59035C043F | 3.8832523600e-05
2025-12-08T12:22:41.511855 | 50052 | 03F7C00D4BBE063F | 4.3379464586e-05
2025-12-08T12:22:41.512562 | 50051 | 78C8A66108A5063F | 4.3191259653e-05
2025-12-08T12:22:41.512731 | 50050 | 1D9D28481FCC053F | 4.1575150153e-05
2025-12-08T12:22:41.612019 | 50052 | DD2268BC0B94063F | 4.3064697412e-05
2025-12-08T12:22:41.612118 | 50051 | C63579C3DDD2063F | 4.3532746017e-05
2025-12-08T12:22:41.612243 | 50050 | 52E16994DFEC053F | 4.1819165337e-05
2025-12-08T12:22:41.714163 | 50051 | 60DF2A2609A7063F | 4.3206183155e-05
2025-12-08T12:22:41.714793 | 50052 | E11C90A0CF98053F | 4.1192852287e-05
2025-12-08T12:22:41.715804 | 50050 | 6F85D8CA3539043F | 3.8573221314e-05
2025-12-08T12:22:41.813221 | 50050 | B5E2202DAE45053F | 4.0573480547e-05
2025-12-08T12:22:41.813746 | 50052 | B12CB0247BC0063F | 4.3395765339e-05
2025-12-08T12:22:41.814356 | 50051 | 7F169DCA2AA4053F | 4.1277461902e-05
2025-12-08T12:22:41.913734 | 50050 | DA49205DD666043F | 3.8913170684e-05
2025-12-08T12:22:41.913842 | 50051 | 64B65DA72CE9043F | 3.9884257531e-05
2025-12-08T12:22:41.914651 | 50052 | 1BF95DCF306D053F | 4.0867855133e-05
2025-12-08T12:22:42.014336 | 50052 | C66EF899CBC2053F | 4.1505659507e-05
2025-12-08T12:22:42.014367 | 50051 | EDD8C0D1C302063F | 4.1982270176e-05
2025-12-08T12:22:42.014415 | 50050 | 8066090F8FD7043F | 3.9753011042e-05
2025-12-08T12:22:42.114611 | 50052 | 1D4C041EAFA1053F | 4.1258961348e-05
2025-12-08T12:22:42.115693 | 50050 | 6C696FD22443053F | 4.0554581851e-05
2025-12-08T12:22:42.115942 | 50051 | 40AD4D4ABA70063F | 4.2801556709e-05
2025-12-08T12:22:42.216497 | 50052 | 3F9AD25EA4EF053F | 4.1839793860e-05
2025-12-08T12:22:42.216952 | 50051 | 88D03DF38E55063F | 4.2599129670e-05
2025-12-08T12:22:42.218805 | 50050 | B82A7BB567B8043F | 3.9520897813e-05
2025-12-08T12:22:42.318469 | 50051 | 25B0E1306DA1063F | 4.3164391273e-05
2025-12-08T12:22:42.318556 | 50052 | 785F46BCC3FC053F | 4.1937564251e-05
2025-12-08T12:22:42.319422 | 50050 | 14BE69491CD8053F | 4.1664469951e-05
2025-12-08T12:22:42.418218 | 50050 | C3A5140454F6043F | 3.9982260669e-05
2025-12-08T12:22:42.418894 | 50052 | 8D7547F24A90053F | 4.1129386122e-05
2025-12-08T12:22:42.419165 | 50051 | 6D823C5E7B48053F | 4.0594353577e-05
2025-12-08T12:22:42.518983 | 50051 | 52F03D0D1328053F | 4.0352898991e-05
2025-12-08T12:22:42.519352 | 50050 | 7A00E7CBE084043F | 3.9136991734e-05
2025-12-08T12:22:42.520024 | 50052 | 54205E432F39053F | 4.0480379922e-05
2025-12-08T12:22:42.618847 | 50050 | 5322E8E42BB4043F | 3.9489354652e-05
2025-12-08T12:22:42.618888 | 50052 | AAC46490851D053F | 4.0274275351e-05
2025-12-08T12:22:42.619131 | 50051 | 7395D3E675CC053F | 4.1577671121e-05
2025-12-08T12:22:42.719601 | 50052 | 4A231B12C47C063F | 4.2891248325e-05
2025-12-08T12:22:42.719677 | 50050 | 130AB9B82A34043F | 3.8535646209e-05
2025-12-08T12:22:42.720991 | 50051 | A032A4A73B9A053F | 4.1203446886e-05
2025-12-08T12:22:42.825802 | 50052 | 3F8FCBCE06DA053F | 4.1678745992e-05
2025-12-08T12:22:42.826044 | 50051 | AF557D46A774053F | 4.0923456992e-05
2025-12-08T12:22:42.826211 | 50050 | 945F0C4A2E14053F | 4.0204680096e-05
2025-12-08T12:22:42.922604 | 50052 | 57C722E2B1E9063F | 4.3702832288e-05
2025-12-08T12:22:42.922788 | 50050 | 574A034FA589043F | 3.9172513313e-05
2025-12-08T12:22:42.922879 | 50051 | 389714D4C64E063F | 4.2548601878e-05
2025-12-08T12:22:43.023473 | 50050 | 7B697B9B2458053F | 4.0711037796e-05
2025-12-08T12:22:43.023604 | 50051 | 88DDD99BD53D053F | 4.0515023540e-05
2025-12-08T12:22:43.023747 | 50052 | B93F6058D2BD053F | 4.1468602873e-05
2025-12-08T12:22:43.123082 | 50051 | 935DD5F387F1053F | 4.1853867951e-05
2025-12-08T12:22:43.123867 | 50050 | AA22AE1E28C5043F | 3.9615904675e-05
2025-12-08T12:22:43.124036 | 50052 | 08A8CCCA13CF053F | 4.1597167501e-05
2025-12-08T12:22:43.226897 | 50051 | 2FC704BFF303063F | 4.1991115611e-05
2025-12-08T12:22:43.229489 | 50050 | 7D66CA61DDE3043F | 3.9844697516e-05
2025-12-08T12:22:43.229541 | 50052 | 954F0C1CDAD4053F | 4.1640192199e-05
2025-12-08T12:22:43.324217 | 50051 | 933BB6474DE2043F | 3.9833053019e-05
2025-12-08T12:22:43.324998 | 50052 | C0F71CD4061F063F | 4.2192836658e-05
2025-12-08T12:22:43.325509 | 50050 | 1F84F46DC59C053F | 4.1222357817e-05
2025-12-08T12:22:43.428015 | 50050 | DD5539AB6585043F | 3.9140858828e-05
2025-12-08T12:22:43.428357 | 50052 | 0885D58202E4053F | 4.1753126747e-05
2025-12-08T12:22:43.430083 | 50051 | 66807A514CBA053F | 4.1442350434e-05
2025-12-08T12:22:43.526964 | 50052 | 8F0559F15150063F | 4.2560101218e-05
2025-12-08T12:22:43.527056 | 50050 | 224142C4958A043F | 3.9179511561e-05
2025-12-08T12:22:43.527465 | 50051 | E21EC22F6887063F | 4.2970530530e-05
2025-12-08T12:22:43.629892 | 50050 | 9CE342851A43053F | 4.0554282039e-05
2025-12-08T12:22:43.631688 | 50052 | 9778B00FC325053F | 4.0335669802e-05
2025-12-08T12:22:43.632160 | 50051 | E5CCFE8FD239063F | 4.2392481191e-05
2025-12-08T12:22:43.727720 | 50051 | 3EF430722B4D063F | 4.2536629075e-05
2025-12-08T12:22:43.727879 | 50050 | 4C840423754B053F | 4.0616523963e-05
2025-12-08T12:22:43.728421 | 50052 | A57F27EA00A9053F | 4.1313496030e-05
2025-12-08T12:22:43.834124 | 50052 | A563BC68AF29063F | 4.2272248804e-05
2025-12-08T12:22:43.834200 | 50050 | A8657348163A043F | 3.8579754852e-05
2025-12-08T12:22:43.834973 | 50051 | CDAD2CF9E3AB063F | 4.3242354101e-05
2025-12-08T12:22:43.930960 | 50051 | 9454E441A32B063F | 4.2286796303e-05
2025-12-08T12:22:43.931048 | 50050 | 348A0D9CF97A043F | 3.9063208084e-05
2025-12-08T12:22:43.931084 | 50052 | EA8F736A342E063F | 4.2305922131e-05
2025-12-08T12:22:44.031468 | 50050 | DC54A23224DA053F | 4.1679601354e-05
2025-12-08T12:22:44.031579 | 50052 | 94794D5427BA053F | 4.1441273914e-05
2025-12-08T12:22:44.032388 | 50051 | 75DEF0C0D075053F | 4.0932114750e-05
2025-12-08T12:22:44.130537 | 50051 | E6FD3EDDD979053F | 4.0962182225e-05
2025-12-08T12:22:44.131186 | 50052 | 021B47674A8A053F | 4.1084666836e-05
2025-12-08T12:22:44.131553 | 50050 | E58B3B3BC0F7053F | 4.1900209366e-05
2025-12-08T12:22:44.232349 | 50050 | A6EF337810F6043F | 3.9980294810e-05
2025-12-08T12:22:44.232692 | 50051 | 75C3EC6078E2053F | 4.1741655983e-05
2025-12-08T12:22:44.234446 | 50052 | F629A6FD2B05053F | 4.0092854493e-05
2025-12-08T12:22:44.332857 | 50052 | 4CE310C7C24A053F | 4.0611333028e-05
2025-12-08T12:22:44.333112 | 50050 | E40104747AF2053F | 4.1860925650e-05
2025-12-08T12:22:44.333422 | 50051 | 61C8471BFB84053F | 4.1045106091e-05
2025-12-08T12:22:44.440177 | 50051 | 52AD57AA68E8063F | 4.3693250784e-05
2025-12-08T12:22:44.440293 | 50050 | 48C27C1E3310063F | 4.2082366973e-05
2025-12-08T12:22:44.441750 | 50052 | 8A706A3CEA53053F | 4.0679536643e-05
2025-12-08T12:22:44.533689 | 50052 | 1DAE638D20A1063F | 4.3162160795e-05
2025-12-08T12:22:44.534231 | 50051 | EE71979839FB053F | 4.1926093285e-05
2025-12-08T12:22:44.535182 | 50050 | ABCE48639DC9053F | 4.1556468578e-05
2025-12-08T12:22:44.635110 | 50051 | D628682B3195063F | 4.3073237453e-05
2025-12-08T12:22:44.635357 | 50050 | BCE3B438FD22043F | 3.8407662112e-05
2025-12-08T12:22:44.635627 | 50052 | 80B98D3C095A063F | 4.2632490994e-05
2025-12-08T12:22:44.734591 | 50052 | 967807644AA3063F | 4.3178279615e-05
2025-12-08T12:22:44.734752 | 50050 | EAA02F2A2B16053F | 4.0219490323e-05
2025-12-08T12:22:44.735462 | 50051 | 1340FB5C6F48053F | 4.0594004188e-05
2025-12-08T12:22:44.834847 | 50052 | 750F008F3F9B063F | 4.3118359713e-05
2025-12-08T12:22:44.835139 | 50050 | B5EEDF3D3DA8043F | 3.9400452565e-05
2025-12-08T12:22:44.835702 | 50051 | 574BF127424C063F | 4.2529839441e-05
2025-12-08T12:22:44.936207 | 50052 | E08D6538AC2C053F | 4.0387159106e-05
2025-12-08T12:22:44.936929 | 50050 | 6610739538C0043F | 3.9579130936e-05
2025-12-08T12:22:44.937125 | 50051 | AB558F1A6437063F | 4.2374365257e-05
2025-12-08T12:22:45.037091 | 50052 | F73DB0946587053F | 4.1063106060e-05
2025-12-08T12:22:45.037147 | 50050 | 07502F6929C1053F | 4.1493488559e-05
2025-12-08T12:22:45.042798 | 50051 | 8F6DAEDA5FB1063F | 4.3283212413e-05
2025-12-08T12:22:45.136545 | 50051 | 49CC62A29450053F | 4.0654693565e-05
2025-12-08T12:22:45.136706 | 50052 | 88BE6ACC3A57053F | 4.0704233063e-05
2025-12-08T12:22:45.137021 | 50050 | 70B76D084646053F | 4.0577900157e-05
2025-12-08T12:22:45.238843 | 50051 | 53E121C87939063F | 4.2389897332e-05
2025-12-08T12:22:45.238924 | 50050 | 9FFE06166A0A053F | 4.0131914605e-05
2025-12-08T12:22:45.241089 | 50052 | 7470F2413462053F | 4.0785999084e-05
2025-12-08T12:22:45.337838 | 50050 | 2566DD8C49B7043F | 3.9512569500e-05
2025-12-08T12:22:45.337920 | 50051 | D8C8C17B9E6A063F | 4.2756043940e-05
2025-12-08T12:22:45.338323 | 50052 | 49B9F558B0F1053F | 4.1855043601e-05
2025-12-08T12:22:45.439195 | 50051 | F498F2DC8B52063F | 4.2576688082e-05
2025-12-08T12:22:45.439991 | 50050 | E74C65D7DD1B043F | 3.8354594767e-05
2025-12-08T12:22:45.440293 | 50052 | 9BD2714B1FE4053F | 4.1753964461e-05
2025-12-08T12:22:45.538572 | 50050 | 3F791A0EA26A043F | 3.8941450623e-05
2025-12-08T12:22:45.538639 | 50052 | E81A991C4AAE053F | 4.1352879248e-05
2025-12-08T12:22:45.539479 | 50051 | 75A874FB2E04053F | 4.0085490975e-05
2025-12-08T12:22:45.643305 | 50050 | 48436AAFB6F1053F | 4.1855228052e-05
2025-12-08T12:22:45.643763 | 50052 | 2D093531DAD9063F | 4.3584796141e-05
2025-12-08T12:22:45.644044 | 50051 | 0EB92629B89D053F | 4.1229422226e-05
2025-12-08T12:22:45.739506 | 50051 | 2AAE5EBC4F9D053F | 4.1226383061e-05
2025-12-08T12:22:45.739751 | 50050 | 62694D00B6D2043F | 3.9716891513e-05
2025-12-08T12:22:45.741110 | 50052 | EC91D6614164053F | 4.0801282221e-05
2025-12-08T12:22:45.840516 | 50052 | EA56F51AB3C5053F | 4.1527298317e-05
2025-12-08T12:22:45.841102 | 50050 | 1D9B8D3F8CDD043F | 3.9797632730e-05
2025-12-08T12:22:45.841387 | 50051 | C5BA197450F6043F | 3.9982156989e-05
2025-12-08T12:22:45.940407 | 50051 | 98E86895BC0C053F | 4.0149216762e-05
2025-12-08T12:22:45.940578 | 50052 | ADD31AF35330053F | 4.0414392413e-05
2025-12-08T12:22:45.941531 | 50050 | C588D940882D063F | 4.2300911542e-05
2025-12-08T12:22:46.041588 | 50052 | 541C8E4DC9E2053F | 4.1744011191e-05
2025-12-08T12:22:46.042545 | 50051 | 2D17C99FA422063F | 4.2219780856e-05
2025-12-08T12:22:46.044391 | 50050 | 2D0DE6ABB195043F | 3.9262280086e-05
2025-12-08T12:22:46.141458 | 50051 | 49DEFE45FD45063F | 4.2483131210e-05
2025-12-08T12:22:46.141932 | 50050 | 00C943C15ED2043F | 3.9714352313e-05
2025-12-08T12:22:46.142081 | 50052 | A58FD3C1BBE6043F | 3.9866070645e-05
2025-12-08T12:22:46.242719 | 50051 | 6AF8B76354E8053F | 4.1785312046e-05
2025-12-08T12:22:46.242890 | 50050 | 5DEE6E463835043F | 3.8543491250e-05
2025-12-08T12:22:46.242976 | 50052 | 7CB778732003063F | 4.1984966114e-05
2025-12-08T12:22:46.343879 | 50050 | B747E428CB40043F | 3.8629722541e-05
2025-12-08T12:22:46.343946 | 50052 | 166DA1ADDA84063F | 4.2951510935e-05
2025-12-08T12:22:46.344053 | 50051 | DB15D51EA546053F | 4.0580667568e-05
2025-12-08T12:22:46.445146 | 50052 | 62D0BCC91B12053F | 4.0189240478e-05
2025-12-08T12:22:46.445428 | 50051 | 48B3676CC956053F | 4.0700933415e-05
2025-12-08T12:22:46.445838 | 50050 | AB3054A7F610063F | 4.2088057777e-05
2025-12-08T12:22:46.545506 | 50050 | 3D706D5A807D043F | 3.9082030802e-05
2025-12-08T12:22:46.545796 | 50051 | F1C8199F9FA2053F | 4.1265960942e-05
2025-12-08T12:22:46.545918 | 50052 | 187562FD9A1A063F | 4.2159895814e-05
2025-12-08T12:22:46.644365 | 50050 | 212D2E5F8516053F | 4.0222115692e-05
2025-12-08T12:22:46.644530 | 50052 | A056CD3B7394063F | 4.3067709589e-05
2025-12-08T12:22:46.644953 | 50051 | 9EC1C937F518063F | 4.2147620637e-05
2025-12-08T12:22:46.745560 | 50051 | 9D2D3D271DA8063F | 4.3214215934e-05
2025-12-08T12:22:46.746057 | 50052 | 4EE7CF35CDCF053F | 4.1602563876e-05
2025-12-08T12:22:46.746402 | 50050 | 78655F827E63053F | 4.0795610672e-05
2025-12-08T12:22:46.845650 | 50052 | 99D00BA622A0053F | 4.1247422592e-05
2025-12-08T12:22:46.846512 | 50050 | 885ACE0C934F043F | 3.8739848242e-05
2025-12-08T12:22:46.847806 | 50051 | 2E457CA5DE5A063F | 4.2638702039e-05
2025-12-08T12:22:46.946366 | 50051 | 2E9CEC3E70E0063F | 4.3633866758e-05
2025-12-08T12:22:46.946592 | 50052 | A1E31D4A6FDA053F | 4.1681786810e-05
2025-12-08T12:22:46.946738 | 50050 | 7A47D58A7637043F | 3.8560204625e-05
2025-12-08T12:22:47.046613 | 50051 | 186D3391D959053F | 4.0723755001e-05
2025-12-08T12:22:47.046770 | 50050 | 43312C714933053F | 4.0436438345e-05
2025-12-08T12:22:47.048971 | 50052 | 1E83E268D4C8053F | 4.1550619345e-05
2025-12-08T12:22:47.147153 | 50050 | 8AC0FB77712F063F | 4.2315149583e-05
2025-12-08T12:22:47.147453 | 50051 | 5B4ED817BF2E063F | 4.2309958172e-05
2025-12-08T12:22:47.148457 | 50052 | 5B820CA03670063F | 4.2797724751e-05
2025-12-08T12:22:47.249304 | 50051 | AE8837E09096063F | 4.3083473454e-05
2025-12-08T12:22:47.249434 | 50050 | 694A51A524AF053F | 4.1359239426e-05
2025-12-08T12:22:47.249532 | 50052 | 245381CC3A1B063F | 4.2164546870e-05
2025-12-08T12:22:47.348166 | 50050 | B67B639B0760053F | 4.0769798419e-05
2025-12-08T12:22:47.352539 | 50051 | 633619F4CAEF043F | 3.9933568143e-05
2025-12-08T12:22:47.353257 | 50052 | 52E09959621E063F | 4.2188049702e-05
2025-12-08T12:22:47.451241 | 50052 | 3E812B7BDDCA053F | 4.1565784519e-05
2025-12-08T12:22:47.451506 | 50050 | A6F0A261EEBC043F | 3.9554619620e-05
2025-12-08T12:22:47.454414 | 50051 | 001381EB5676063F | 4.2843368135e-05
2025-12-08T12:22:47.550677 | 50050 | 8456CA3D7104063F | 4.1994768002e-05
2025-12-08T12:22:47.550916 | 50052 | 52A84A16CFAF053F | 4.1364199921e-05
2025-12-08T12:22:47.551246 | 50051 | 26092EF221A4053F | 4.1277204466e-05
2025-12-08T12:22:47.651046 | 50050 | 10F4EE4C5E62053F | 4.0787222694e-05
2025-12-08T12:22:47.651114 | 50052 | 40AA7860933D063F | 4.2420444569e-05
2025-12-08T12:22:47.653074 | 50051 | 4A2D4DA959C1063F | 4.3402241465e-05
2025-12-08T12:22:47.751136 | 50052 | 81E7FD29AE20063F | 4.2205157341e-05
2025-12-08T12:22:47.751699 | 50050 | 8D6020F865FD043F | 4.0034937243e-05
2025-12-08T12:22:47.752005 | 50051 | 6DDBC59A8A14053F | 4.0207366825e-05
2025-12-08T12:22:47.851012 | 50050 | 4C8A75821408063F | 4.2021871475e-05
2025-12-08T12:22:47.852331 | 50052 | 3328D2DC2F33053F | 4.0435693884e-05
2025-12-08T12:22:47.852398 | 50051 | 45B1D2BDCE42063F | 4.2459425211e-05
2025-12-08T12:22:47.951983 | 50050 | C330CFCC96F4043F | 3.9969303181e-05
2025-12-08T12:22:47.952166 | 50052 | 1195B4E966DE043F | 3.9803996709e-05
2025-12-08T12:22:47.953595 | 50051 | BA2E3F25C63D063F | 4.2421922131e-05
2025-12-08T12:22:48.053030 | 50050 | 04B59AB59621053F | 4.0304576669e-05
2025-12-08T12:22:48.053738 | 50052 | D78A81483A16063F | 4.2127278960e-05
2025-12-08T12:22:48.055483 | 50051 | 54610280E3B3063F | 4.3301944971e-05
2025-12-08T12:22:48.154270 | 50050 | DF7B6C9A223C043F | 3.8595014578e-05
2025-12-08T12:22:48.154584 | 50052 | 576B66F71EB9063F | 4.3340928573e-05
2025-12-08T12:22:48.154997 | 50051 | EF867ED94ED4063F | 4.3543487833e-05
2025-12-08T12:22:48.254997 | 50051 | 9365F2473065063F | 4.2715583725e-05
2025-12-08T12:22:48.255231 | 50050 | BC305876783C053F | 4.0504862039e-05
2025-12-08T12:22:48.255612 | 50052 | 7E0E5B849ED1043F | 3.9708757453e-05
2025-12-08T12:22:48.354519 | 50052 | 986DB32B99AE053F | 4.1355180167e-05
2025-12-08T12:22:48.354953 | 50051 | 7E2BB5EF3A18053F | 4.0234850497e-05
2025-12-08T12:22:48.354994 | 50050 | 191AF5587BD5053F | 4.1644884841e-05
2025-12-08T12:22:48.458107 | 50050 | F29CA381EB2B063F | 4.2288899026e-05
2025-12-08T12:22:48.462853 | 50052 | 71609DE4D412053F | 4.0194627742e-05
2025-12-08T12:22:48.462975 | 50051 | 265265E44DFE063F | 4.3856384354e-05
2025-12-08T12:22:48.559850 | 50050 | 3B6EBBA195B3043F | 3.9484981441e-05
2025-12-08T12:22:48.559914 | 50051 | D2C623CE3DB9063F | 4.3341826101e-05
2025-12-08T12:22:48.560399 | 50052 | 43D02D92B9F3043F | 3.9962864569e-05
2025-12-08T12:22:48.659563 | 50050 | E31B7FBBE07C053F | 4.0984733857e-05
2025-12-08T12:22:48.661121 | 50052 | 89535C5591D6043F | 3.9745626664e-05
2025-12-08T12:22:48.661168 | 50051 | DDE580F50C05053F | 4.0091951349e-05
2025-12-08T12:22:48.758471 | 50052 | EFBA8CC474A4053F | 4.1279614896e-05
2025-12-08T12:22:48.759285 | 50050 | 6E2F79BFD1DF043F | 3.9814556598e-05
2025-12-08T12:22:48.760011 | 50051 | DDDEE39ADF0C053F | 4.0150236019e-05
2025-12-08T12:22:48.859769 | 50050 | A4E5FB70FA2B043F | 3.8474636424e-05
2025-12-08T12:22:48.860244 | 50052 | C3328C6ADEC4043F | 3.9613759617e-05
2025-12-08T12:22:48.860607 | 50051 | 882FBA25D77A063F | 4.2876902367e-05
2025-12-08T12:22:48.959816 | 50050 | 55B16FAC14EE043F | 3.9920812519e-05
2025-12-08T12:22:48.960556 | 50051 | E21D972ABB13053F | 4.0201329579e-05
2025-12-08T12:22:48.961089 | 50052 | 39AD0815FBBE063F | 4.3384587688e-05
2025-12-08T12:22:49.062191 | 50050 | 547D472449AA053F | 4.1323048695e-05
2025-12-08T12:22:49.062336 | 50051 | 0D5BBB9768E5063F | 4.3670896927e-05
2025-12-08T12:22:49.063871 | 50052 | 7330481A7289063F | 4.2985720288e-05
2025-12-08T12:22:49.163031 | 50050 | 72A30DD96FC7053F | 4.1540242029e-05
2025-12-08T12:22:49.163954 | 50052 | 4010923ACC19053F | 4.0246529644e-05
2025-12-08T12:22:49.164580 | 50051 | 7D6C4063FE56063F | 4.2609823510e-05
2025-12-08T12:22:49.263996 | 50052 | FEB73A5A6837053F | 4.0467140278e-05
2025-12-08T12:22:49.265946 | 50050 | 7A45DBDE8044043F | 3.8657362763e-05
2025-12-08T12:22:49.266739 | 50051 | B87AD9E4AC56053F | 4.0700103096e-05
2025-12-08T12:22:49.364283 | 50052 | 73DC9E4BF79A063F | 4.3116256577e-05
2025-12-08T12:22:49.364480 | 50050 | E79BA374C886053F | 4.1058533115e-05
2025-12-08T12:22:49.365089 | 50051 | 78DFADC01B8F053F | 4.1120562023e-05
2025-12-08T12:22:49.463983 | 50052 | B806305445DC043F | 3.9788118123e-05
2025-12-08T12:22:49.464445 | 50050 | 96ED69FB6330043F | 3.8507510387e-05
2025-12-08T12:22:49.465568 | 50051 | 879C265CA813053F | 4.0200782240e-05
2025-12-08T12:22:49.567251 | 50051 | F7B34D2D085F053F | 4.0762364427e-05
2025-12-08T12:22:49.569143 | 50052 | B3E8EC60FC25063F | 4.2244686588e-05
2025-12-08T12:22:49.570057 | 50050 | BDA4E69C74FC053F | 4.1935261481e-05
2025-12-08T12:22:49.668062 | 50051 | 8E8AAA4F85EC043F | 3.9909189544e-05
2025-12-08T12:22:49.669884 | 50050 | DE60A183AB64043F | 3.8897022436e-05
2025-12-08T12:22:49.670196 | 50052 | 128B79F3A851053F | 4.0662735441e-05
2025-12-08T12:22:49.768790 | 50050 | 0E8BE1252436063F | 4.2365053319e-05
2025-12-08T12:22:49.769166 | 50051 | DECDC35BF70A053F | 4.0136026174e-05
2025-12-08T12:22:49.769442 | 50052 | 313501216458053F | 4.0712886517e-05
2025-12-08T12:22:49.869044 | 50050 | 207612559B6E053F | 4.0878405920e-05
2025-12-08T12:22:49.869730 | 50051 | 30A044C3263F063F | 4.2432184644e-05
2025-12-08T12:22:49.870145 | 50052 | 1BBE4771B00D053F | 4.0156313989e-05
2025-12-08T12:22:49.970594 | 50052 | 9BD4C468FD43063F | 4.2468234002e-05
2025-12-08T12:22:49.971311 | 50050 | 885A609EB4C3053F | 4.1512441200e-05
2025-12-08T12:22:49.971727 | 50051 | 1FDA85AECAA9053F | 4.1319368225e-05
2025-12-08T12:22:50.069034 | 50050 | 9F3B6B43A2C5043F | 3.9619459519e-05
2025-12-08T12:22:50.069078 | 50051 | A858CFCA0DBD063F | 4.3370231061e-05
2025-12-08T12:22:50.070968 | 50052 | C5F6A6970C52063F | 4.2572984018e-05
2025-12-08T12:22:50.170070 | 50050 | 0ACBB2543D3E043F | 3.8610693616e-05
2025-12-08T12:22:50.170454 | 50052 | A1AE61CE6D88053F | 4.1070796031e-05
2025-12-08T12:22:50.171175 | 50051 | C3C010595C97063F | 4.3089395270e-05
2025-12-08T12:22:50.273041 | 50050 | 41AB8905ECEE053F | 4.1834428605e-05
2025-12-08T12:22:50.273190 | 50051 | 34B14F2BE1FD063F | 4.3853220099e-05
2025-12-08T12:22:50.273431 | 50052 | 6B3AA8CDC475063F | 4.2839115583e-05
2025-12-08T12:22:50.371346 | 50052 | A5C936662935053F | 4.0450406938e-05
2025-12-08T12:22:50.372008 | 50050 | DEB96979605C053F | 4.0742582475e-05
2025-12-08T12:22:50.372378 | 50051 | 1C919E91E4BC063F | 4.3369031302e-05
2025-12-08T12:22:50.472162 | 50050 | 2D031A228CB4053F | 4.1399504210e-05
2025-12-08T12:22:50.472457 | 50052 | 80196F79BD61053F | 4.0782542036e-05
2025-12-08T12:22:50.474003 | 50051 | 76D382524B31053F | 4.0421591906e-05
2025-12-08T12:22:50.571695 | 50050 | 3D05DF377184053F | 4.1041093013e-05
2025-12-08T12:22:50.571724 | 50052 | F4F238F3A2E5053F | 4.1765246717e-05
2025-12-08T12:22:50.572739 | 50051 | 1CA51307C792063F | 4.3055247156e-05
2025-12-08T12:22:50.677297 | 50051 | D125CE204C70063F | 4.2798350569e-05
2025-12-08T12:22:50.677386 | 50052 | 6C1D9B94A183063F | 4.2942398591e-05
2025-12-08T12:22:50.677443 | 50050 | 789926C0D283053F | 4.1036480997e-05
2025-12-08T12:22:50.773609 | 50052 | B9B6312FC5F8053F | 4.1907804097e-05
2025-12-08T12:22:50.773995 | 50050 | 34B0E0AB4FC7043F | 3.9631956938e-05
2025-12-08T12:22:50.774276 | 50051 | C5E51F4B5D3B053F | 4.0496620741e-05
2025-12-08T12:22:50.874344 | 50052 | EF412152EFC8053F | 4.1551402561e-05
2025-12-08T12:22:50.875272 | 50050 | 3555E0E0EC3B063F | 4.2408148247e-05
2025-12-08T12:22:50.875703 | 50051 | 18072DF283A3053F | 4.1272606060e-05
2025-12-08T12:22:50.974595 | 50051 | 1DE6374775F6063F | 4.3797925993e-05
2025-12-08T12:22:50.974829 | 50052 | FC12C2A3CE5C063F | 4.2653137343e-05
2025-12-08T12:22:50.975822 | 50050 | 8D254FE22DD0053F | 4.1605377454e-05
2025-12-08T12:22:51.076136 | 50050 | 9E1EC298231F063F | 4.2193673921e-05
2025-12-08T12:22:51.076495 | 50051 | 70C5665E48C1053F | 4.1494389552e-05
2025-12-08T12:22:51.076960 | 50052 | F32D4D4631AC053F | 4.1337255232e-05
2025-12-08T12:22:51.174883 | 50050 | F8A369AAABF1043F | 3.9947558709e-05
2025-12-08T12:22:51.175679 | 50051 | 5D22DF059778063F | 4.2860134939e-05
2025-12-08T12:22:51.176195 | 50052 | DA4E3730864C053F | 4.0624470809e-05
2025-12-08T12:22:51.281207 | 50050 | 70A9B5297C5D053F | 4.0750838901e-05
2025-12-08T12:22:51.283631 | 50052 | FAFC77546F77063F | 4.2851529141e-05
2025-12-08T12:22:51.283958 | 50051 | AB2FB442C0EA053F | 4.1803352668e-05
2025-12-08T12:22:51.382216 | 50050 | F0DD61EA80FD053F | 4.1943070117e-05
2025-12-08T12:22:51.382329 | 50052 | 29327F110D69053F | 4.0837012591e-05
2025-12-08T12:22:51.383296 | 50051 | F4AE1DC169A4053F | 4.1279294364e-05
2025-12-08T12:22:51.479167 | 50051 | 098CA3E07748063F | 4.2501600619e-05
2025-12-08T12:22:51.479202 | 50050 | 7C0EA22B7CDF043F | 3.9812065965e-05
2025-12-08T12:22:51.480264 | 50052 | 9338BC043390053F | 4.1128689729e-05
2025-12-08T12:22:51.579946 | 50050 | B6C8496268C5043F | 3.9617775006e-05
2025-12-08T12:22:51.580597 | 50052 | CD8E6BF4DB7D053F | 4.0992045390e-05
2025-12-08T12:22:51.580667 | 50051 | 32A5083C3478063F | 4.2857259818e-05
2025-12-08T12:22:51.680852 | 50050 | 8F000CD52D28063F | 4.2261027039e-05
2025-12-08T12:22:51.681088 | 50052 | 22A4FAF15110053F | 4.0175915499e-05
2025-12-08T12:22:51.681707 | 50051 | F9834B50CFF6053F | 4.1893197737e-05
2025-12-08T12:22:51.782288 | 50052 | 3FD28DE04AC3043F | 3.9602015085e-05
2025-12-08T12:22:51.782420 | 50051 | 98087F058B0E053F | 4.0162675475e-05
2025-12-08T12:22:51.782881 | 50050 | C696794B566C053F | 4.0861495503e-05
2025-12-08T12:22:51.881518 | 50052 | B3CE7F739BB7063F | 4.3329650396e-05
2025-12-08T12:22:51.881610 | 50051 | 546A07D6F505063F | 4.2006077596e-05
2025-12-08T12:22:51.882559 | 50050 | 1D58C547AB5D043F | 3.8844861566e-05
2025-12-08T12:22:51.982206 | 50051 | 79D7E21C42C2053F | 4.1501658062e-05
2025-12-08T12:22:51.982301 | 50052 | 773509AD516D053F | 4.0868811656e-05
2025-12-08T12:22:51.983734 | 50050 | 6144DEFEAF6D043F | 3.8964208087e-05
2025-12-08T12:22:52.082984 | 50050 | 4E1C4B009938053F | 4.0476006722e-05
2025-12-08T12:22:52.085365 | 50052 | 2F7AAD59D868053F | 4.0835478294e-05
2025-12-08T12:22:52.085433 | 50051 | C2AA823B04B3063F | 4.3295447030e-05
2025-12-08T12:22:52.183890 | 50051 | 26134B5AC927053F | 4.0350754067e-05
2025-12-08T12:22:52.183950 | 50052 | F211F70BEBB9053F | 4.1439519460e-05
2025-12-08T12:22:52.184720 | 50050 | 0231CA3EA302053F | 4.0073973513e-05
2025-12-08T12:22:52.284088 | 50052 | DAD836C385A7053F | 4.1302461251e-05
2025-12-08T12:22:52.284166 | 50051 | 8E1A25B31891053F | 4.1135374334e-05
2025-12-08T12:22:52.284454 | 50050 | 80B8A3BDD637053F | 4.0470353001e-05
2025-12-08T12:22:52.385263 | 50050 | 867BBA96EA7E043F | 3.9092573244e-05
2025-12-08T12:22:52.385337 | 50051 | B40C19991A45053F | 4.0569185455e-05
2025-12-08T12:22:52.385653 | 50052 | 3AD7B782C67B053F | 4.0976520122e-05
2025-12-08T12:22:52.485334 | 50052 | 4B64A2985114063F | 4.2113056297e-05
2025-12-08T12:22:52.485797 | 50050 | BAB85ACC6324063F | 4.2232795335e-05
2025-12-08T12:22:52.486010 | 50051 | 898DC4402811053F | 4.0182152676e-05
2025-12-08T12:22:52.586011 | 50051 | 4A1BE1D7E829053F | 4.0366571725e-05
2025-12-08T12:22:52.586589 | 50050 | 841F8D6A3EA0043F | 3.9340882103e-05
2025-12-08T12:22:52.586878 | 50052 | F90A76292323053F | 4.0316114958e-05
2025-12-08T12:22:52.686771 | 50050 | 735D3D202AC6043F | 3.9623413641e-05
2025-12-08T12:22:52.686964 | 50051 | 6D08CB243DC6063F | 4.3438664397e-05
2025-12-08T12:22:52.686997 | 50052 | 11BFB5B8B758063F | 4.2622668014e-05
2025-12-08T12:22:52.786921 | 50051 | 37028BBF3E4F063F | 4.2552092002e-05
2025-12-08T12:22:52.787082 | 50050 | B491F6034FF3053F | 4.1867112027e-05
2025-12-08T12:22:52.787777 | 50052 | 502A5CF3CFD0043F | 3.9702745580e-05
2025-12-08T12:22:52.887889 | 50050 | 8D98CFAA178D053F | 4.1105541960e-05
2025-12-08T12:22:52.888034 | 50051 | CB2811181E68053F | 4.0830057522e-05
2025-12-08T12:22:52.889070 | 50052 | D552254AB85D053F | 4.0752588819e-05
2025-12-08T12:22:52.989252 | 50050 | 36A4823DE8E1043F | 3.9830112372e-05
2025-12-08T12:22:52.989389 | 50052 | 993AF6ADD545063F | 4.2481978876e-05
2025-12-08T12:22:52.989741 | 50051 | 1AA311B2AE85053F | 4.1050332819e-05
2025-12-08T12:22:53.089195 | 50051 | A08FE259C935053F | 4.0455062149e-05
2025-12-08T12:22:53.089442 | 50050 | E50E448F9D68043F | 3.8926418627e-05
2025-12-08T12:22:53.089493 | 50052 | 0C02E68BECC7053F | 4.1543871236e-05
2025-12-08T12:22:53.189227 | 50052 | 8BC8CA482A9A053F | 4.1202941337e-05
2025-12-08T12:22:53.190223 | 50050 | C3923D92B6A2053F | 4.1266628869e-05
2025-12-08T12:22:53.190579 | 50051 | 6ED113FC8C9E053F | 4.1235616218e-05
2025-12-08T12:22:53.289988 | 50050 | 410D67D97B63043F | 3.8888184622e-05
2025-12-08T12:22:53.290751 | 50052 | 69F4580A4BC5043F | 3.9616920998e-05
2025-12-08T12:22:53.293273 | 50051 | D548ABABC4F7043F | 3.9992989931e-05
2025-12-08T12:22:53.392010 | 50051 | 704A315A4970053F | 4.0890921149e-05
2025-12-08T12:22:53.393717 | 50050 | 94C939D31789043F | 3.9168395600e-05
2025-12-08T12:22:53.393859 | 50052 | 133E480A054D063F | 4.2535511316e-05
2025-12-08T12:22:53.491953 | 50052 | CDF30D671FAC063F | 4.3244083719e-05
2025-12-08T12:22:53.492014 | 50050 | 0A4925460A84053F | 4.1038096941e-05
2025-12-08T12:22:53.494386 | 50051 | 9A603F3368D9053F | 4.1674129903e-05
2025-12-08T12:22:53.591876 | 50051 | EF0CD36B76F5063F | 4.3790508678e-05
2025-12-08T12:22:53.592050 | 50052 | FA01FAAEFE10063F | 4.2088291477e-05
2025-12-08T12:22:53.592536 | 50050 | CAD7FEAD9345053F | 4.0572709394e-05
2025-12-08T12:22:53.692498 | 50050 | 21E489B9F443053F | 4.0560632617e-05
2025-12-08T12:22:53.692695 | 50052 | 1BA4D3F90B01063F | 4.1969469047e-05
2025-12-08T12:22:53.693589 | 50051 | F647EA53563E053F | 4.0518769756e-05
2025-12-08T12:22:53.793020 | 50050 | 3B0FB3B716B9053F | 4.1433339868e-05
2025-12-08T12:22:53.793432 | 50051 | 98CD29CC9C5E053F | 4.0759239273e-05
2025-12-08T12:22:53.794284 | 50052 | EDD4C39C823D053F | 4.0512608026e-05
2025-12-08T12:22:53.894751 | 50051 | C72AC8B70400073F | 4.3869155864e-05
2025-12-08T12:22:53.895218 | 50052 | DF0D9E6A1A3D053F | 4.0509575526e-05
2025-12-08T12:22:53.895579 | 50050 | 8DE942285B8C043F | 3.9192706966e-05
2025-12-08T12:22:53.995415 | 50050 | DDC4ACF36F93053F | 4.1152814865e-05
2025-12-08T12:22:53.995768 | 50051 | FA17665096C8063F | 4.3456160756e-05
2025-12-08T12:22:53.998668 | 50052 | DF872A436687063F | 4.2970474529e-05
2025-12-08T12:22:54.095288 | 50050 | CA704814E0C8043F | 3.9643610340e-05
2025-12-08T12:22:54.095975 | 50051 | CC1F683D4612053F | 4.0190475989e-05
2025-12-08T12:22:54.096149 | 50052 | 55829E0E759B053F | 4.1212568092e-05
2025-12-08T12:22:54.195448 | 50052 | 56275BFBF0A6063F | 4.3205479796e-05
2025-12-08T12:22:54.195857 | 50050 | BAD8F250011F063F | 4.2192676227e-05
2025-12-08T12:22:54.196978 | 50051 | AA1A856F9C31053F | 4.0423952614e-05
2025-12-08T12:22:54.295908 | 50052 | 6F4EFD29C781053F | 4.1021242622e-05
2025-12-08T12:22:54.296358 | 50050 | 8F9509A625AC043F | 3.9429568237e-05
2025-12-08T12:22:54.296827 | 50051 | 2F467E61132B053F | 4.0375260311e-05
2025-12-08T12:22:54.396619 | 50051 | C8D1848D055D053F | 4.0747386893e-05
2025-12-08T12:22:54.397102 | 50050 | 7A8DBD29CEA9053F | 4.1319469544e-05
2025-12-08T12:22:54.397321 | 50052 | B7F91E41DB67053F | 4.0828112233e-05
2025-12-08T12:22:54.499483 | 50052 | 11DCE5D82911063F | 4.2089547708e-05
2025-12-08T12:22:54.499654 | 50050 | 82BC91008D89043F | 3.9171805903e-05
2025-12-08T12:22:54.499930 | 50051 | A5AE28B44059053F | 4.0719306089e-05
2025-12-08T12:22:54.598301 | 50050 | 6B8EBA8D612D053F | 4.0392436600e-05
2025-12-08T12:22:54.600255 | 50052 | 5B6B93C1CCC1063F | 4.3405591166e-05
2025-12-08T12:22:54.601766 | 50051 | A27BC89C4107073F | 4.3923082192e-05
2025-12-08T12:22:54.699876 | 50052 | A11048AA5F7E063F | 4.2903227300e-05
2025-12-08T12:22:54.700130 | 50051 | 7346F905E2CA063F | 4.3473265347e-05
2025-12-08T12:22:54.700189 | 50050 | 8C2C7CDA7A88053F | 4.1071175756e-05
2025-12-08T12:22:54.799891 | 50050 | 8AEA89DB963A063F | 4.2398194130e-05
2025-12-08T12:22:54.800113 | 50052 | CA8CAFC7DA4A063F | 4.2519380223e-05
2025-12-08T12:22:54.800949 | 50051 | D0EEE41F3941053F | 4.0540271572e-05
2025-12-08T12:22:54.900342 | 50051 | AAC8747050D8063F | 4.3573336422e-05
2025-12-08T12:22:54.900527 | 50050 | 85917F5162A5053F | 4.1286528528e-05
2025-12-08T12:22:54.901580 | 50052 | 23A8F2A2578A063F | 4.2992400603e-05
2025-12-08T12:22:55.002653 | 50050 | A8A019E23F55053F | 4.0689479886e-05
2025-12-08T12:22:55.002960 | 50052 | FF3E323424F5053F | 4.1880767207e-05
2025-12-08T12:22:55.004962 | 50051 | 895827BEC211063F | 4.2093997553e-05
2025-12-08T12:22:55.103035 | 50050 | B243B719DCE1043F | 3.9829759057e-05
2025-12-08T12:22:55.103146 | 50051 | 4162BEE64C4F053F | 4.0645155280e-05
2025-12-08T12:22:55.103456 | 50052 | 5CCD4420E0F1043F | 3.9949085507e-05
2025-12-08T12:22:55.202405 | 50051 | 737FF25FD339063F | 4.2392504832e-05
2025-12-08T12:22:55.203918 | 50052 | 390755DC6B31063F | 4.2329887530e-05
2025-12-08T12:22:55.204224 | 50050 | 10C63CE85BF2043F | 3.9952688012e-05
2025-12-08T12:22:55.302476 | 50050 | 517A2CAC6AD7053F | 4.1659300697e-05
2025-12-08T12:22:55.303085 | 50052 | DD21521578A7053F | 4.1302063132e-05
2025-12-08T12:22:55.303302 | 50051 | E25903C43F00073F | 4.3870874380e-05
2025-12-08T12:22:55.402419 | 50051 | 5C0DD28DE159053F | 4.0723987447e-05
2025-12-08T12:22:55.402981 | 50052 | 6C5A158ED6FB053F | 4.1930661392e-05
2025-12-08T12:22:55.403382 | 50050 | AB89BA644E5F063F | 4.2671756629e-05
2025-12-08T12:22:55.503012 | 50050 | 6C18F5309D45053F | 4.0572986217e-05
2025-12-08T12:22:55.503036 | 50051 | A19F5139E64C053F | 4.0627265812e-05
2025-12-08T12:22:55.503590 | 50052 | E0A6B71FA284063F | 4.2949864987e-05
2025-12-08T12:22:55.603883 | 50051 | 3A1D04E79AA8063F | 4.3217875716e-05
2025-12-08T12:22:55.604417 | 50052 | 0AFCAE0E492A053F | 4.0369371923e-05
2025-12-08T12:22:55.604611 | 50050 | 1E29696D8CF6053F | 4.1891251091e-05
2025-12-08T12:22:55.704952 | 50051 | 8D6188222915063F | 4.2119329297e-05
2025-12-08T12:22:55.708826 | 50052 | 57C904F4CCA6063F | 4.3204431224e-05
2025-12-08T12:22:55.709788 | 50050 | 05B501953E9A053F | 4.1203532079e-05
2025-12-08T12:22:55.805367 | 50051 | 55445F15BAAA063F | 4.3233684366e-05
2025-12-08T12:22:55.806186 | 50050 | 92C1F9790B52043F | 3.8758254274e-05
2025-12-08T12:22:55.806656 | 50052 | 67DD8F089D41053F | 4.0543179303e-05
2025-12-08T12:22:55.905218 | 50051 | 2AA3AFCE354E063F | 4.2544381209e-05
2025-12-08T12:22:55.905731 | 50050 | C959170235DF053F | 4.1717343503e-05
2025-12-08T12:22:55.907069 | 50052 | 917693FBC056063F | 4.2608036390e-05
2025-12-08T12:22:56.006655 | 50052 | 92A94F944929063F | 4.2269285167e-05
2025-12-08T12:22:56.006766 | 50051 | C357D090E352053F | 4.0671891931e-05
2025-12-08T12:22:56.006892 | 50050 | B8FC33C1DD15053F | 4.0217237393e-05
2025-12-08T12:22:56.107118 | 50050 | 275C4AD8F88C043F | 3.9197296279e-05
2025-12-08T12:22:56.107296 | 50051 | 8EA4772E83D0063F | 4.3515208571e-05
2025-12-08T12:22:56.107455 | 50052 | 862E68126437053F | 4.0467015698e-05
2025-12-08T12:22:56.207714 | 50050 | 3AE9424DDEFC043F | 4.0030988801e-05
2025-12-08T12:22:56.209513 | 50052 | 49A28D5472C9043F | 3.9647866805e-05
2025-12-08T12:22:56.209675 | 50051 | 2B5A62997B84063F | 4.2948743770e-05
2025-12-08T12:22:56.309931 | 50050 | FB46413ACE9A043F | 3.9300364080e-05
2025-12-08T12:22:56.310201 | 50052 | 20AF0CD417A0063F | 4.3154456313e-05
2025-12-08T12:22:56.310318 | 50051 | 23C5D8BA036F053F | 4.0881444289e-05
2025-12-08T12:22:56.409402 | 50051 | 17A868714BF5063F | 4.3789257848e-05
2025-12-08T12:22:56.409566 | 50052 | 7255DB06BCBB063F | 4.3360400793e-05
2025-12-08T12:22:56.409806 | 50050 | 1068B118B8A7043F | 3.9396577528e-05
2025-12-08T12:22:56.509163 | 50051 | 4C81664B7989053F | 4.1078580966e-05
2025-12-08T12:22:56.510208 | 50052 | C90F9853A5B0053F | 4.1370435110e-05
2025-12-08T12:22:56.510866 | 50050 | 4FA85EB6149A053F | 4.1202313511e-05
2025-12-08T12:22:56.610449 | 50052 | 47FFC46A455E063F | 4.2664044801e-05
2025-12-08T12:22:56.610704 | 50050 | 4EAC7F9730E1053F | 4.1732116131e-05
2025-12-08T12:22:56.611189 | 50051 | 813CD3121B5A053F | 4.0725661486e-05
2025-12-08T12:22:56.709938 | 50050 | 4613A8E24ABE043F | 3.9564762421e-05
2025-12-08T12:22:56.710124 | 50052 | F4C0B4D1595B063F | 4.2642286838e-05
2025-12-08T12:22:56.710350 | 50051 | 26AFDCDD5DE5063F | 4.3670584758e-05
2025-12-08T12:22:56.813806 | 50051 | 3658B69F5F5A053F | 4.0727656564e-05
2025-12-08T12:22:56.814087 | 50052 | 7CB66E56ACFF053F | 4.1959235026e-05
2025-12-08T12:22:56.816529 | 50050 | 3C32A65DACAC053F | 4.1340837657e-05
2025-12-08T12:22:56.911341 | 50050 | E8B1D331224D063F | 4.2536359823e-05
2025-12-08T12:22:56.911530 | 50052 | 1DC2818595B5043F | 3.9499879393e-05
2025-12-08T12:22:56.911690 | 50051 | A9D6E27205B0063F | 4.3273130687e-05
2025-12-08T12:22:57.010976 | 50051 | 527C6A60FC1B053F | 4.0262832092e-05
2025-12-08T12:22:57.011366 | 50050 | F74B2063D0F3043F | 3.9963528607e-05
2025-12-08T12:22:57.012558 | 50052 | 461E37C8E08F063F | 4.3033644967e-05
2025-12-08T12:22:57.113064 | 50050 | 0CC492129ABF043F | 3.9574517652e-05
2025-12-08T12:22:57.113175 | 50052 | AF9C7385E5FC043F | 4.0031198916e-05
2025-12-08T12:22:57.113375 | 50051 | 5FE7CC476B9B053F | 4.1212283554e-05
2025-12-08T12:22:57.212204 | 50050 | 6918EE0F38B2043F | 3.9474807628e-05
2025-12-08T12:22:57.212280 | 50052 | 3F5DB53C8C08063F | 4.2025356005e-05
2025-12-08T12:22:57.212751 | 50051 | 87A658A1782D053F | 4.0393108219e-05
2025-12-08T12:22:57.313869 | 50052 | 0D813E1BA392053F | 4.1146853078e-05
2025-12-08T12:22:57.314246 | 50050 | 9E4F96FDEF6F043F | 3.8980971748e-05
2025-12-08T12:22:57.314375 | 50051 | 9611CE57C974053F | 4.0924448490e-05
2025-12-08T12:22:57.415648 | 50051 | 49F5B3E891B0063F | 4.3277218618e-05
2025-12-08T12:22:57.415947 | 50050 | FA356A060D69053F | 4.0837011331e-05
2025-12-08T12:22:57.416308 | 50052 | B928643439C4043F | 3.9608951328e-05
2025-12-08T12:22:57.515931 | 50052 | 4DEC291B5D64053F | 4.0802089093e-05
2025-12-08T12:22:57.516091 | 50050 | D11C478F510A053F | 4.0131200794e-05
2025-12-08T12:22:57.516304 | 50051 | 02E9C48866AD053F | 4.1346255872e-05
2025-12-08T12:22:57.615801 | 50051 | EC39F7CF6902073F | 4.3886999261e-05
2025-12-08T12:22:57.616142 | 50052 | DD70685D3CA9053F | 4.1315226259e-05
2025-12-08T12:22:57.616259 | 50050 | C2BCE4F9D80F053F | 4.0172394835e-05
2025-12-08T12:22:57.716116 | 50050 | 6C2E8941AABF043F | 3.9574988652e-05
2025-12-08T12:22:57.717277 | 50052 | 094CF365D262053F | 4.0790601582e-05
2025-12-08T12:22:57.717494 | 50051 | 30AFF94981CD053F | 4.1585453116e-05
2025-12-08T12:22:57.816526 | 50050 | 4680D1FBB3EA043F | 3.9895646730e-05
2025-12-08T12:22:57.817034 | 50052 | 601E7ABF799A063F | 4.3112602666e-05
2025-12-08T12:22:57.817421 | 50051 | 4057B5495431063F | 4.2329201473e-05
2025-12-08T12:22:57.916410 | 50050 | B7ECD3577D2A063F | 4.2278242271e-05
2025-12-08T12:22:57.916478 | 50052 | C4BACA9C311A063F | 4.2156828930e-05
2025-12-08T12:22:57.916923 | 50051 | C534984F46F0053F | 4.1844506949e-05
2025-12-08T12:22:58.018842 | 50050 | FD2C25252C1B063F | 4.2164120389e-05
2025-12-08T12:22:58.018989 | 50051 | A97103F4B519063F | 4.2153229971e-05
2025-12-08T12:22:58.019315 | 50052 | 054FE71CA36B053F | 4.0856280623e-05
2025-12-08T12:22:58.117796 | 50050 | CA4C4A02B654053F | 4.0685467217e-05
2025-12-08T12:22:58.118119 | 50052 | 2CFA812C1B97063F | 4.3087498455e-05
2025-12-08T12:22:58.118279 | 50051 | F8C9E38EB01C053F | 4.0268076065e-05
2025-12-08T12:22:58.220531 | 50051 | AA2847C19205053F | 4.0095845324e-05
2025-12-08T12:22:58.221284 | 50052 | 89EE294FC6FA043F | 4.0015389364e-05
2025-12-08T12:22:58.221343 | 50050 | B9DF0BFD1D05063F | 4.1999795604e-05
2025-12-08T12:22:58.319404 | 50052 | D7A3E1773BDB053F | 4.1687729195e-05
2025-12-08T12:22:58.319862 | 50051 | FBCF3796FD59063F | 4.2632151942e-05
2025-12-08T12:22:58.320085 | 50050 | 635ACE2F6351063F | 4.2568053664e-05
2025-12-08T12:22:58.419604 | 50050 | BBE9083A9522053F | 4.0311984098e-05
2025-12-08T12:22:58.420774 | 50051 | 306D2EB8E6D5053F | 4.1648009776e-05
2025-12-08T12:22:58.421017 | 50052 | 7EF268747EB2053F | 4.1384204952e-05
2025-12-08T12:22:58.526115 | 50052 | 33F12FF54F5E053F | 4.0757002942e-05
2025-12-08T12:22:58.527283 | 50050 | DB4D80468602063F | 4.1980479011e-05
2025-12-08T12:22:58.527379 | 50051 | 3B786CAE7AB8053F | 4.1428798616e-05
2025-12-08T12:22:58.623150 | 50051 | 9C47D00C3138053F | 4.0472981347e-05
2025-12-08T12:22:58.623251 | 50052 | 5CA04984C996053F | 4.1177773288e-05
2025-12-08T12:22:58.623977 | 50050 | 15315F214374043F | 3.9013193756e-05
2025-12-08T12:22:58.721008 | 50051 | B72B73C0A23B063F | 4.2405990877e-05
2025-12-08T12:22:58.721378 | 50050 | 86CBC330771A053F | 4.0251505284e-05
2025-12-08T12:22:58.721958 | 50052 | 73228176EBD7053F | 4.1663048990e-05
2025-12-08T12:22:58.822339 | 50050 | 38010B0758F3043F | 3.9960025679e-05
2025-12-08T12:22:58.822434 | 50052 | DF5E7B35831A063F | 4.2159203699e-05
2025-12-08T12:22:58.823443 | 50051 | CD7AB619FB5B053F | 4.0739632108e-05
2025-12-08T12:22:58.922636 | 50051 | 17E77BC463E4053F | 4.1755957282e-05
2025-12-08T12:22:58.922680 | 50050 | 84D61616A129053F | 4.0364483321e-05
2025-12-08T12:22:58.923456 | 50052 | D55A01C5C85D063F | 4.2660417080e-05
2025-12-08T12:22:59.022675 | 50050 | F7602D071131063F | 4.2327243952e-05
2025-12-08T12:22:59.022801 | 50051 | 05D666251359063F | 4.2625328820e-05
2025-12-08T12:22:59.023543 | 50052 | EDBE9AADFEC0053F | 4.1492244873e-05
2025-12-08T12:22:59.123418 | 50051 | 62873AA47C0E053F | 4.0162256963e-05
2025-12-08T12:22:59.127545 | 50052 | FD3430B94733053F | 4.0436388325e-05
2025-12-08T12:22:59.127902 | 50050 | 14A436115229053F | 4.0362183565e-05
2025-12-08T12:22:59.226302 | 50051 | A72C9AD9A94A053F | 4.0610607539e-05
2025-12-08T12:22:59.226423 | 50052 | 9F8A3DD3B968053F | 4.0834589895e-05
2025-12-08T12:22:59.227459 | 50050 | 9E8E474CA5BF043F | 3.9574844354e-05
2025-12-08T12:22:59.327304 | 50052 | 90C054118E50053F | 4.0654502451e-05
2025-12-08T12:22:59.327764 | 50050 | B62DA0368B4B053F | 4.0617166476e-05
2025-12-08T12:22:59.327980 | 50051 | 5AE4FA99EB64063F | 4.2713584887e-05
2025-12-08T12:22:59.426949 | 50050 | 19C7591651DE043F | 3.9803361500e-05
2025-12-08T12:22:59.427260 | 50052 | C9CD95EECE18053F | 4.0239157736e-05
2025-12-08T12:22:59.427357 | 50051 | 60B4FE65D812053F | 4.0194729763e-05
2025-12-08T12:22:59.527391 | 50052 | A3D478B0C750053F | 4.0656179462e-05
2025-12-08T12:22:59.527834 | 50051 | 186661393D05063F | 4.2000704682e-05
2025-12-08T12:22:59.527988 | 50050 | 8B6BC26EA706063F | 4.2011246337e-05
2025-12-08T12:22:59.627214 | 50051 | 2D7435195D43063F | 4.2463568344e-05
2025-12-08T12:22:59.628285 | 50050 | 37B52F2AB780043F | 3.9105977770e-05
2025-12-08T12:22:59.628341 | 50052 | BB658EA89FA6043F | 3.9388415707e-05
2025-12-08T12:22:59.729009 | 50052 | 88D00C3A637C053F | 4.0981081162e-05
2025-12-08T12:22:59.729318 | 50050 | 503BC94FACE5043F | 3.9858170542e-05
2025-12-08T12:22:59.730092 | 50051 | E0F03470D558063F | 4.2623532887e-05
2025-12-08T12:22:59.829861 | 50051 | 151FAA0EE7A4063F | 4.3190289792e-05
2025-12-08T12:22:59.830309 | 50052 | CBD6894581C5053F | 4.1525847966e-05
2025-12-08T12:22:59.830819 | 50050 | 190A2B12F9F1053F | 4.1857160132e-05
2025-12-08T12:22:59.929966 | 50050 | E296BAD261EE043F | 3.9923057867e-05
2025-12-08T12:22:59.930765 | 50051 | 226B2CD17484053F | 4.1041197752e-05
2025-12-08T12:22:59.930992 | 50052 | 7AED066296BA053F | 4.1444505999e-05
2025-12-08T12:23:00.030360 | 50052 | 875408B44BE5053F | 4.1762707500e-05
2025-12-08T12:23:00.031737 | 50050 | BBC5F37587CC053F | 4.1578182158e-05
2025-12-08T12:23:00.031964 | 50051 | 986A9311EF39063F | 4.2393310830e-05
2025-12-08T12:23:00.131771 | 50050 | DF9EC4ED4C05063F | 4.2001161747e-05
2025-12-08T12:23:00.132033 | 50051 | 3659E8BE598B063F | 4.2999912569e-05
2025-12-08T12:23:00.132283 | 50052 | 32D93AB30BA1063F | 4.3161553916e-05
2025-12-08T12:23:00.231696 | 50051 | D3D98A08A50A053F | 4.0133630198e-05
2025-12-08T12:23:00.232680 | 50050 | 0ECB994488C6043F | 3.9626153534e-05
2025-12-08T12:23:00.234975 | 50052 | F00A7F4BC0E5053F | 4.1766100764e-05
2025-12-08T12:23:00.332292 | 50051 | A13BE2DCBAF8043F | 4.0000155068e-05
2025-12-08T12:23:00.332578 | 50050 | 56E2FF25845C053F | 4.0743620730e-05
2025-12-08T12:23:00.332932 | 50052 | FC5BB45AF5CD043F | 3.9681482429e-05
2025-12-08T12:23:00.433811 | 50052 | 9822FD1AC9AA053F | 4.1326772929e-05
2025-12-08T12:23:00.434183 | 50050 | 8B07F46E97A6053F | 4.1295524960e-05
2025-12-08T12:23:00.434731 | 50051 | F8B347AD13A3053F | 4.1269338599e-05
2025-12-08T12:23:00.533611 | 50050 | 69B147438779043F | 3.9052429574e-05
2025-12-08T12:23:00.533683 | 50051 | 8CE5A10769D5063F | 4.3551700359e-05
2025-12-08T12:23:00.534842 | 50052 | 6B4197273801063F | 4.1970754818e-05
2025-12-08T12:23:00.633687 | 50051 | 6C15648B2711063F | 4.2089480688e-05
2025-12-08T12:23:00.634477 | 50052 | 0A0DD85D8FE5053F | 4.1764676762e-05
2025-12-08T12:23:00.635427 | 50050 | 0642184F015C053F | 4.0739812800e-05
2025-12-08T12:23:00.739062 | 50050 | 2F77D27F8B58063F | 4.2621380979e-05
2025-12-08T12:23:00.739918 | 50052 | 1574576181A3043F | 3.9365182754e-05
2025-12-08T12:23:00.739967 | 50051 | 2ECD8216E5A6063F | 4.3205133637e-05
2025-12-08T12:23:00.836612 | 50052 | 74178E7E9E61053F | 4.0781640400e-05
2025-12-08T12:23:00.836863 | 50051 | 059C8A9EF6AE053F | 4.1357899879e-05
2025-12-08T12:23:00.837009 | 50050 | B9EE5D4C0AAB053F | 4.1328670291e-05
2025-12-08T12:23:00.937205 | 50050 | 86AB7DDDE71A053F | 4.0254784550e-05
2025-12-08T12:23:00.937701 | 50052 | 2FE6FC822A97043F | 3.9273247579e-05
2025-12-08T12:23:00.937857 | 50051 | 6DCE75729AC9063F | 4.3463731624e-05
2025-12-08T12:23:01.036727 | 50050 | D0EB033535FA043F | 4.0011166336e-05
2025-12-08T12:23:01.037510 | 50051 | 8D499A4F396E063F | 4.2782901756e-05
2025-12-08T12:23:01.037979 | 50052 | 386499C4C369053F | 4.0842329849e-05
2025-12-08T12:23:01.138163 | 50050 | 3F384C5CEE74043F | 3.9018177210e-05
2025-12-08T12:23:01.138409 | 50052 | CB5732948FCD053F | 4.1585869007e-05
2025-12-08T12:23:01.138560 | 50051 | 96FFED57FBCB063F | 4.3481452841e-05
2025-12-08T12:23:01.239299 | 50051 | 344F2DCC6B06063F | 4.2009510728e-05
2025-12-08T12:23:01.239373 | 50052 | 77CBF89E1184053F | 4.1038310766e-05
2025-12-08T12:23:01.241606 | 50050 | 3635C9D0141B053F | 4.0256092778e-05
2025-12-08T12:23:01.341850 | 50051 | 8628E7D62677063F | 4.2849419390e-05
2025-12-08T12:23:01.342991 | 50050 | 50D73731BC51063F | 4.2570644066e-05
2025-12-08T12:23:01.344249 | 50052 | E09687F224EF043F | 3.9928736729e-05
2025-12-08T12:23:01.438688 | 50051 | 539F44A535B0053F | 4.1367184766e-05
2025-12-08T12:23:01.441155 | 50050 | 7EA2DA67F1E4053F | 4.1760079495e-05
2025-12-08T12:23:01.441177 | 50052 | 796DAA5842F3053F | 4.1866743307e-05
2025-12-08T12:23:01.540116 | 50050 | 995B2EA9A83A053F | 4.0491363641e-05
2025-12-08T12:23:01.540740 | 50052 | ECB4385D78CA053F | 4.1562841627e-05
2025-12-08T12:23:01.541022 | 50051 | D04E7CCCCFDE053F | 4.1714397922e-05
2025-12-08T12:23:01.641253 | 50050 | 09374674A154053F | 4.0684868995e-05
2025-12-08T12:23:01.641590 | 50052 | 21F0306E8A80053F | 4.1012024461e-05
2025-12-08T12:23:01.642460 | 50051 | EFE8C8BDDC76063F | 4.2847262851e-05
2025-12-08T12:23:01.741499 | 50051 | 5DDC03FBAAFB043F | 4.0022044574e-05
2025-12-08T12:23:01.741964 | 50052 | E07D5F7565E2053F | 4.1741105335e-05
2025-12-08T12:23:01.742112 | 50050 | 66AD565F8404053F | 4.0087976156e-05
2025-12-08T12:23:01.843796 | 50052 | E3E98889C88A053F | 4.1088337813e-05
2025-12-08T12:23:01.844805 | 50051 | 24AE3FB463D0063F | 4.3514292457e-05
2025-12-08T12:23:01.845091 | 50050 | 229F42EC01A1053F | 4.1253920729e-05
2025-12-08T12:23:01.943154 | 50051 | 9C3D2D9CD7E7063F | 4.3689029119e-05
2025-12-08T12:23:01.943867 | 50050 | 689F5A46457A063F | 4.2872656917e-05
2025-12-08T12:23:01.943936 | 50052 | 6C9F513AE822063F | 4.2221748381e-05
2025-12-08T12:23:02.043671 | 50051 | B23A6281C839053F | 4.0484839858e-05
2025-12-08T12:23:02.045950 | 50052 | 303536C41295063F | 4.3072352606e-05
2025-12-08T12:23:02.046973 | 50050 | E656692B18C0053F | 4.1485536191e-05
2025-12-08T12:23:02.144522 | 50050 | CB2A8475E056063F | 4.2608952471e-05
2025-12-08T12:23:02.145166 | 50052 | C0AF22E9DD8C063F | 4.3011209656e-05
2025-12-08T12:23:02.145442 | 50051 | A84DBE77711D053F | 4.0273690472e-05
2025-12-08T12:23:02.245500 | 50052 | F0BE7CD14198063F | 4.3096073738e-05
2025-12-08T12:23:02.245662 | 50050 | A03572A4BC55053F | 4.0693110855e-05
2025-12-08T12:23:02.245921 | 50051 | B30C6A8AF82E063F | 4.2311630115e-05
2025-12-08T12:23:02.345228 | 50051 | 40BC9CD568D7063F | 4.3566595833e-05
2025-12-08T12:23:02.345516 | 50052 | DEB2996942C5053F | 4.1524018525e-05
2025-12-08T12:23:02.346036 | 50050 | 55CF3BF9B02B063F | 4.2287195496e-05
2025-12-08T12:23:02.448315 | 50050 | EA6AD1CABC1E063F | 4.2190681918e-05
2025-12-08T12:23:02.448664 | 50051 | 6C60540C9991053F | 4.1139109763e-05
2025-12-08T12:23:02.450126 | 50052 | CE9B35425B2E053F | 4.0399703972e-05
2025-12-08T12:23:02.547007 | 50051 | 4F257E1D1EAD063F | 4.3251496833e-05
2025-12-08T12:23:02.547695 | 50052 | 823B57CE0FB5053F | 4.1403336393e-05
2025-12-08T12:23:02.548710 | 50050 | 6D3BCB6F153A063F | 4.2394427486e-05
2025-12-08T12:23:02.647882 | 50050 | 5B5484E2D661053F | 4.0783281579e-05
2025-12-08T12:23:02.648677 | 50052 | 32F9D21E22F9043F | 4.0003160259e-05
2025-12-08T12:23:02.648832 | 50051 | 9065C72521FB043F | 4.0018033107e-05
2025-12-08T12:23:02.748083 | 50050 | 0DECD178DC40053F | 4.0537575026e-05
2025-12-08T12:23:02.749033 | 50051 | B9624A098D67063F | 4.2733184420e-05
2025-12-08T12:23:02.749105 | 50052 | F305C9A48534053F | 4.0445641023e-05
2025-12-08T12:23:02.849315 | 50051 | 4BC1D4F46AE3053F | 4.1748715925e-05
2025-12-08T12:23:02.849734 | 50050 | BF89B1E86318053F | 4.0236042957e-05
2025-12-08T12:23:02.850455 | 50052 | BAA9D7EE8254053F | 4.0683980710e-05
2025-12-08T12:23:02.948704 | 50052 | 3EAB6110CAF2053F | 4.1863242630e-05
2025-12-08T12:23:02.948811 | 50051 | F679557B3D72053F | 4.0905476832e-05
2025-12-08T12:23:02.949122 | 50050 | 691E3379C77F063F | 4.2913699099e-05
2025-12-08T12:23:03.053330 | 50050 | 362777739A9B053F | 4.1213656398e-05
2025-12-08T12:23:03.053398 | 50051 | F369CF7BE635063F | 4.2363258650e-05
2025-12-08T12:23:03.053613 | 50052 | 087D9C42F732053F | 4.0434046538e-05
2025-12-08T12:23:03.152042 | 50050 | 9AF6A4D706AA043F | 3.9413770497e-05
2025-12-08T12:23:03.152611 | 50051 | 7F1696E8AD90053F | 4.1132266300e-05
2025-12-08T12:23:03.152718 | 50052 | D3CF31F190FF053F | 4.1958437714e-05
2025-12-08T12:23:03.252455 | 50050 | CB9F61C5D559063F | 4.2630993151e-05
2025-12-08T12:23:03.252741 | 50051 | 8C42AE83DF3A053F | 4.0492960088e-05
2025-12-08T12:23:03.252889 | 50052 | FABF1B69096A053F | 4.0844356716e-05
2025-12-08T12:23:03.353250 | 50052 | 59EF08323F47063F | 4.2492500374e-05
2025-12-08T12:23:03.353406 | 50051 | 6DE8FD2B9D93053F | 4.1154130939e-05
2025-12-08T12:23:03.354240 | 50050 | 76BF637D9185043F | 3.9142134186e-05
2025-12-08T12:23:03.452894 | 50050 | 42290AF1D8A1043F | 3.9352829963e-05
2025-12-08T12:23:03.453533 | 50051 | 69A684B254CD053F | 4.1584155328e-05
2025-12-08T12:23:03.453702 | 50052 | 2AABD721968D043F | 3.9201873942e-05
2025-12-08T12:23:03.557463 | 50050 | 4AEA5FABF208053F | 4.0120988544e-05
2025-12-08T12:23:03.557525 | 50051 | B5ECDE581724063F | 4.2230570315e-05
2025-12-08T12:23:03.557618 | 50052 | EB7BF7EB9EA2053F | 4.1265940577e-05
2025-12-08T12:23:03.655165 | 50050 | 08162C98E8D2043F | 3.9718363970e-05
2025-12-08T12:23:03.656846 | 50051 | C3219414F59B063F | 4.3123642692e-05
2025-12-08T12:23:03.656914 | 50052 | D7AAD5D476C6043F | 3.9625646063e-05
2025-12-08T12:23:03.754886 | 50052 | EEA7663FAD5A053F | 4.0729915713e-05
2025-12-08T12:23:03.755084 | 50051 | B820142AC68C053F | 4.1103169915e-05
2025-12-08T12:23:03.755666 | 50050 | AE55BB24A07A053F | 4.0967952911e-05
2025-12-08T12:23:03.856237 | 50051 | F2917049073D063F | 4.2416367414e-05
2025-12-08T12:23:03.858089 | 50052 | 4AF7A8A4D765063F | 4.2720454605e-05
2025-12-08T12:23:03.858375 | 50050 | ED687E455D14063F | 4.2113396091e-05
2025-12-08T12:23:03.956795 | 50050 | C7F3DFB3D14C063F | 4.2534017197e-05
2025-12-08T12:23:03.957307 | 50052 | 8CD860F9068C053F | 4.1097605547e-05
2025-12-08T12:23:03.957374 | 50051 | 448BBD281971053F | 4.0896969124e-05
2025-12-08T12:23:04.057985 | 50050 | 89F111CA0793043F | 3.9242434704e-05
2025-12-08T12:23:04.058620 | 50051 | 02C39ABBE1A3063F | 4.3182684249e-05
2025-12-08T12:23:04.060742 | 50052 | 4EEAEADC56ED053F | 4.1822636935e-05
2025-12-08T12:23:04.158774 | 50051 | A432C87D3CD2063F | 4.3528052377e-05
2025-12-08T12:23:04.159358 | 50050 | 391269E6A713063F | 4.2108117488e-05
2025-12-08T12:23:04.159484 | 50052 | D3C5B531E5D8053F | 4.1670317127e-05
2025-12-08T12:23:04.260082 | 50050 | 09CC2897E987053F | 4.1066948047e-05
2025-12-08T12:23:04.260472 | 50052 | ECD39B4B80B4053F | 4.1399159683e-05
2025-12-08T12:23:04.261163 | 50051 | 22641D952701073F | 4.3877621137e-05
2025-12-08T12:23:04.359069 | 50051 | 5DA88F8B34E3063F | 4.3654480983e-05
2025-12-08T12:23:04.359331 | 50052 | 82383B95A6CD053F | 4.1586538513e-05
2025-12-08T12:23:04.359840 | 50050 | EA2BB990C756053F | 4.0700879336e-05
2025-12-08T12:23:04.459954 | 50050 | B88D51C68071063F | 4.2807333366e-05
2025-12-08T12:23:04.460135 | 50052 | 7F8742DF119E053F | 4.1232033170e-05
2025-12-08T12:23:04.461279 | 50051 | 08935C895E58063F | 4.2620072391e-05
2025-12-08T12:23:04.561186 | 50052 | 909E16E1877B063F | 4.2882045942e-05
2025-12-08T12:23:04.561637 | 50051 | 6F56D2A2C954063F | 4.2593387073e-05
2025-12-08T12:23:04.563614 | 50050 | 53FFEFAFCB60053F | 4.0775505106e-05
2025-12-08T12:23:04.664179 | 50052 | 9CE1CE736D3A063F | 4.2396989080e-05
2025-12-08T12:23:04.664239 | 50051 | 1365BAA6BDA7053F | 4.1304087827e-05
2025-12-08T12:23:04.666144 | 50050 | 9A88D5B42600063F | 4.1962796426e-05
2025-12-08T12:23:04.760813 | 50051 | E8259DC579F1053F | 4.1853455243e-05
2025-12-08T12:23:04.760881 | 50052 | 82FB13A86EEE053F | 4.1830780001e-05
2025-12-08T12:23:04.761634 | 50050 | 12EBFE1E46C2043F | 3.9594426084e-05
2025-12-08T12:23:04.861868 | 50050 | 0B0796C7C7EA043F | 3.9896222868e-05
2025-12-08T12:23:04.861959 | 50051 | 8722360EA068063F | 4.2741188532e-05
2025-12-08T12:23:04.863174 | 50052 | 2B12CE3D0B81053F | 4.1015773355e-05
2025-12-08T12:23:04.962141 | 50052 | 9A25E8E9B677063F | 4.2853612502e-05
2025-12-08T12:23:04.962536 | 50050 | 0E85178A6D7F063F | 4.2911081674e-05
2025-12-08T12:23:04.962895 | 50051 | 598B9782E1FB043F | 4.0023631595e-05
2025-12-08T12:23:05.062541 | 50050 | 0202AEC5A250063F | 4.2562453664e-05
2025-12-08T12:23:05.062660 | 50052 | 1AAD3F9EAC18053F | 4.0238159073e-05
2025-12-08T12:23:05.063691 | 50051 | 7D3BD669D8E3053F | 4.1751901544e-05
2025-12-08T12:23:05.161897 | 50052 | F0035CFC3FEC043F | 3.9907171908e-05
2025-12-08T12:23:05.162015 | 50051 | 0F5B323B4C4C053F | 4.0622784035e-05
2025-12-08T12:23:05.162447 | 50050 | 33091E3F1CFA043F | 4.0010439888e-05
2025-12-08T12:23:05.264891 | 50052 | A1820B4651DB053F | 4.1688363813e-05
2025-12-08T12:23:05.265230 | 50050 | AF8F8AD2E839053F | 4.0485780408e-05
2025-12-08T12:23:05.265548 | 50051 | 53EB772731F9063F | 4.3818295065e-05
2025-12-08T12:23:05.364769 | 50051 | F42252FA053E063F | 4.2423779896e-05
2025-12-08T12:23:05.365293 | 50050 | B41BC4652064063F | 4.2707670874e-05
2025-12-08T12:23:05.365427 | 50052 | 5EAEFBD875DA053F | 4.1681977675e-05
2025-12-08T12:23:05.463936 | 50051 | 20CB4C469EF1063F | 4.3761866243e-05
2025-12-08T12:23:05.465518 | 50052 | 8DE500F0DC2F053F | 4.0410928705e-05
2025-12-08T12:23:05.466829 | 50050 | C7B5586F570E053F | 4.0161174109e-05
2025-12-08T12:23:05.564832 | 50052 | 9DEEE7115BF5053F | 4.1882364020e-05
2025-12-08T12:23:05.564923 | 50051 | 10D72292804E053F | 4.0639208480e-05
2025-12-08T12:23:05.565459 | 50050 | 8577CAE7D81D063F | 4.2184049538e-05
2025-12-08T12:23:05.667256 | 50052 | 78C403044E35053F | 4.0451472616e-05
2025-12-08T12:23:05.673224 | 50051 | 56908CE83C94063F | 4.3066128518e-05
2025-12-08T12:23:05.674987 | 50050 | A69D3A6B819F043F | 3.9335381556e-05
2025-12-08T12:23:05.765927 | 50050 | 08F0CE0C9E85043F | 3.9142499737e-05
2025-12-08T12:23:05.766007 | 50051 | 02A62D892DC5053F | 4.1523410934e-05
2025-12-08T12:23:05.766352 | 50052 | 9474746E8F13063F | 4.2107405358e-05
2025-12-08T12:23:05.866209 | 50050 | E6DDAA356173063F | 4.2821315863e-05
2025-12-08T12:23:05.866373 | 50052 | E4AE2AEA88EB053F | 4.1809192472e-05
2025-12-08T12:23:05.868069 | 50051 | 5A87A2188B00053F | 4.0058369522e-05
2025-12-08T12:23:05.967034 | 50050 | DAF50B114697053F | 4.1181398165e-05
2025-12-08T12:23:05.967109 | 50052 | BCB441320307063F | 4.2013917011e-05
2025-12-08T12:23:05.967472 | 50051 | F04ECF4EFE91053F | 4.1142056808e-05
2025-12-08T12:23:06.067464 | 50051 | D0B4BBC2D131053F | 4.0425504577e-05
2025-12-08T12:23:06.068896 | 50052 | 0DB5BAD6DC30063F | 4.2325725045e-05
2025-12-08T12:23:06.069045 | 50050 | AFB15FE1EB83053F | 4.1037212369e-05
2025-12-08T12:23:06.169357 | 50051 | 762F40305118053F | 4.0235498119e-05
2025-12-08T12:23:06.170656 | 50050 | 0BA1B2BC80F0043F | 3.9938858742e-05
2025-12-08T12:23:06.171248 | 50052 | EA6A5B20FBBB053F | 4.1454888601e-05
2025-12-08T12:23:06.267564 | 50050 | 482CC746B68D043F | 3.9202809464e-05
2025-12-08T12:23:06.269212 | 50051 | 93994F10D654063F | 4.2593748766e-05
2025-12-08T12:23:06.271823 | 50052 | 0C35246F8D81043F | 3.9112213829e-05
2025-12-08T12:23:06.367864 | 50052 | 53C79FB60878053F | 4.0948644553e-05
2025-12-08T12:23:06.368934 | 50051 | 06D301D67A35063F | 4.2360125691e-05
2025-12-08T12:23:06.369117 | 50050 | D9832DBF3756063F | 4.2604042298e-05
2025-12-08T12:23:06.468572 | 50050 | FC912FA5F386063F | 4.2967138732e-05
2025-12-08T12:23:06.469776 | 50051 | BAB4686DA0FC053F | 4.1936536651e-05
2025-12-08T12:23:06.470033 | 50052 | BA236B9D15D8043F | 3.9756927142e-05
2025-12-08T12:23:06.569102 | 50051 | 55401AE51F4B053F | 4.0614043099e-05
2025-12-08T12:23:06.569227 | 50050 | 93C0F41B2C27063F | 4.2253526312e-05
2025-12-08T12:23:06.570071 | 50052 | 0D068A7DE967063F | 4.2735875188e-05
2025-12-08T12:23:06.669865 | 50050 | 82863038C92F063F | 4.2317703468e-05
2025-12-08T12:23:06.669959 | 50052 | 52571EAC9504053F | 4.0088479650e-05
2025-12-08T12:23:06.670025 | 50051 | B6D5869E6B47053F | 4.0586444644e-05
2025-12-08T12:23:06.770015 | 50051 | 3ED3900A8A3B063F | 4.2405271707e-05
2025-12-08T12:23:06.770360 | 50052 | 16080E2F4C0F063F | 4.2075645871e-05
2025-12-08T12:23:06.770824 | 50050 | A77ACBBE145F063F | 4.2670078846e-05
2025-12-08T12:23:06.871582 | 50051 | 3BEC3689EF55053F | 4.0694592055e-05
2025-12-08T12:23:06.872147 | 50052 | 858F2F03A8EF043F | 3.9932551225e-05
2025-12-08T12:23:06.874988 | 50050 | 6981CD9A71AB043F | 3.9424328270e-05
2025-12-08T12:23:06.970338 | 50050 | 1CB84D07C28E053F | 4.1117950707e-05
2025-12-08T12:23:06.971283 | 50051 | 21705CB56D44053F | 4.0564153706e-05
2025-12-08T12:23:06.971691 | 50052 | 0E2B5D42DE37063F | 4.2377920450e-05
2025-12-08T12:23:07.071004 | 50051 | B038C08A50DF063F | 4.3625493476e-05
2025-12-08T12:23:07.071322 | 50052 | 24007A27BB11053F | 4.0186428063e-05
2025-12-08T12:23:07.071942 | 50050 | 51046339731D053F | 4.0273741591e-05
2025-12-08T12:23:07.171509 | 50052 | 6DDA539A99BD053F | 4.1466951453e-05
2025-12-08T12:23:07.171880 | 50050 | C4909D9FB75F063F | 4.2674819226e-05
2025-12-08T12:23:07.172346 | 50051 | 514E5E029889053F | 4.1079474882e-05
2025-12-08T12:23:07.272793 | 50052 | A079872BBCE4043F | 3.9851181501e-05
2025-12-08T12:23:07.272969 | 50050 | 7A0CA2A6F4FA053F | 4.1924086717e-05
2025-12-08T12:23:07.273928 | 50051 | 94365C6EFBA5063F | 4.3198333328e-05
2025-12-08T12:23:07.373405 | 50051 | 065C2F83DB06073F | 4.3920110691e-05
2025-12-08T12:23:07.373437 | 50052 | 645B56E6E580043F | 3.9107337936e-05
2025-12-08T12:23:07.374261 | 50050 | 0079584811E0043F | 3.9816405700e-05
