# Raw TCP Data Log for REACTION_WHEEL
# Started: 2025-12-08T12:22:02.744601
# Format: TIMESTAMP | PORT | HEX_DATA | FLOAT_VALUE
# ================================================================================
2025-12-08T12:22:36.982604 | 50053 | 28DFF2749A2B5840 | 9.6681302297e+01
2025-12-08T12:22:36.982752 | 50054 | 7D4E900CD0EA5A40 | 1.0766894831e+02
2025-12-08T12:22:36.985258 | 50055 | 755522B19DCB553F | 1.3302841149e-03
2025-12-08T12:22:36.988846 | 50056 | 35D0BF491143243F | 1.5458665882e-04
2025-12-08T12:22:37.083261 | 50055 | 5F6C5EA045D45E3F | 1.8816642709e-03
2025-12-08T12:22:37.084117 | 50053 | 5AA2E94871C05940 | 1.0300691436e+02
2025-12-08T12:22:37.084181 | 50054 | B715C53C842F5B40 | 1.0874244613e+02
2025-12-08T12:22:37.084205 | 50056 | FA9A205D655A343F | 3.1056379987e-04
2025-12-08T12:22:37.184602 | 50053 | 72431E48B6585840 | 9.7386125593e+01
2025-12-08T12:22:37.186038 | 50056 | 07CA467E6E70493F | 7.7634234599e-04
2025-12-08T12:22:37.186499 | 50055 | B06CA4D45E93543F | 1.2558389740e-03
2025-12-08T12:22:37.186529 | 50054 | E6F14351EBD35840 | 9.9311237637e+01
2025-12-08T12:22:37.284435 | 50055 | 5A20DACFF7B7523F | 1.1424942053e-03
2025-12-08T12:22:37.284871 | 50054 | 4B0D319BC0CF5940 | 1.0324613075e+02
2025-12-08T12:22:37.285349 | 50056 | AE75A159707E37BF | -3.5848849223e-04
2025-12-08T12:22:37.285773 | 50053 | 63D3FF5146BA5940 | 1.0291054201e+02
2025-12-08T12:22:37.384232 | 50054 | 0F64BCBBB4EB5940 | 1.0368290609e+02
2025-12-08T12:22:37.384680 | 50055 | 9B4F6FD6AC3B413F | 5.2591266000e-04
2025-12-08T12:22:37.385555 | 50053 | F7963C1EF32A5840 | 9.6671088752e+01
2025-12-08T12:22:37.385590 | 50056 | 112969B6B68D41BF | -5.3569242011e-04
2025-12-08T12:22:37.484813 | 50054 | 861B1AD8742F5A40 | 1.0474150660e+02
2025-12-08T12:22:37.486132 | 50053 | 709683D7BFA45840 | 9.8574209097e+01
2025-12-08T12:22:37.486231 | 50055 | 68B5A0DEA2B71BBF | -1.0573321893e-04
2025-12-08T12:22:37.486321 | 50056 | B8E10A58C328343F | 3.0760544909e-04
2025-12-08T12:22:37.585399 | 50055 | 90F77D62B0750ABF | -5.0467915854e-05
2025-12-08T12:22:37.585591 | 50053 | F43228D68D415840 | 9.7024282016e+01
2025-12-08T12:22:37.585651 | 50056 | 517B212245CC33BF | -3.0209243608e-04
2025-12-08T12:22:37.586149 | 50054 | 5CC0680F6EFA5940 | 1.0391296754e+02
2025-12-08T12:22:37.687919 | 50053 | 0168352D40E65840 | 9.9597667029e+01
2025-12-08T12:22:37.688131 | 50056 | CA86B30C2C8825BF | -1.6427552905e-04
2025-12-08T12:22:37.689974 | 50055 | FA1B6F13E6AA413F | 5.3917154479e-04
2025-12-08T12:22:37.690497 | 50054 | 34D7D840DCFB5840 | 9.9935318195e+01
2025-12-08T12:22:37.788334 | 50056 | 3E6FDBB5EE98103F | 6.3314027524e-05
2025-12-08T12:22:37.788813 | 50054 | DE7BD389B93C5940 | 1.0094882436e+02
2025-12-08T12:22:37.788877 | 50055 | 00A88E9C99F62B3F | 2.1334290639e-04
2025-12-08T12:22:37.789078 | 50053 | 1532F6C30B515840 | 9.7266343108e+01
2025-12-08T12:22:37.888902 | 50053 | 5761BAEEA94D5940 | 1.0121349686e+02
2025-12-08T12:22:37.888991 | 50054 | E97437F2D7745940 | 1.0182568031e+02
2025-12-08T12:22:37.889074 | 50056 | ABAD21FDA44340BF | -4.9634510129e-04
2025-12-08T12:22:37.890525 | 50055 | E6A16D7956B85C3F | 1.7529339290e-03
2025-12-08T12:22:37.987679 | 50054 | 442BF6C075D05940 | 1.0325718712e+02
2025-12-08T12:22:37.987798 | 50055 | 980C85E37DC9403F | 5.1230093872e-04
2025-12-08T12:22:37.988549 | 50056 | 8202084E030A003F | 3.0592180114e-05
2025-12-08T12:22:37.988592 | 50053 | E7E9160E51E45740 | 9.5567447207e+01
2025-12-08T12:22:38.088348 | 50055 | A84A556934A4513F | 1.0767471152e-03
2025-12-08T12:22:38.088706 | 50053 | 127BF4BCA0EA5940 | 1.0366606068e+02
2025-12-08T12:22:38.088805 | 50054 | 92C6F1AC7DC15940 | 1.0302329563e+02
2025-12-08T12:22:38.090030 | 50056 | BB6974199E6D373F | 3.5748586511e-04
2025-12-08T12:22:38.187963 | 50054 | 0ADCF1405A1A5940 | 1.0041175865e+02
2025-12-08T12:22:38.188354 | 50053 | 5E034227BEA45940 | 1.0257410604e+02
2025-12-08T12:22:38.188668 | 50055 | BC64967B2E0C453F | 6.4232129732e-04
2025-12-08T12:22:38.189200 | 50056 | 8E5BCF4CB1D7463F | 6.9709927777e-04
2025-12-08T12:22:38.289905 | 50054 | 4C35998DDD175B40 | 1.0837289753e+02
2025-12-08T12:22:38.291933 | 50053 | C5C5379FB0415840 | 9.7026405148e+01
2025-12-08T12:22:38.291996 | 50055 | A1ED82BDAF23433F | 5.8408814495e-04
2025-12-08T12:22:38.293822 | 50056 | 121F18BE8C4648BF | -7.4083206363e-04
2025-12-08T12:22:38.389556 | 50055 | 2CBACA4F7BD5313F | 2.7212391414e-04
2025-12-08T12:22:38.389876 | 50054 | A67211C350155B40 | 1.0833305432e+02
2025-12-08T12:22:38.390091 | 50056 | AC03F85F78E728BF | -1.9000381870e-04
2025-12-08T12:22:38.390434 | 50053 | 8F2580B9511A5A40 | 1.0441123807e+02
2025-12-08T12:22:38.490486 | 50056 | 52CCADB527A93C3F | 4.3732852435e-04
2025-12-08T12:22:38.490535 | 50055 | 90393C639AE7543F | 1.2759216015e-03
2025-12-08T12:22:38.491556 | 50053 | 3E1A4B4179F15740 | 9.5773025821e+01
2025-12-08T12:22:38.492034 | 50054 | 5CF8900E2FC35940 | 1.0304974713e+02
2025-12-08T12:22:38.590795 | 50055 | D5CF0509EDEB3E3F | 4.7182595247e-04
2025-12-08T12:22:38.591009 | 50053 | D03E8D9DC6025940 | 1.0004337252e+02
2025-12-08T12:22:38.591206 | 50056 | 6EBCECE1ABC5203F | 1.2796137977e-04
2025-12-08T12:22:38.591538 | 50054 | D2C5C84059325A40 | 1.0478669757e+02
2025-12-08T12:22:38.691105 | 50056 | D9564DFEF423353F | 3.2257777484e-04
2025-12-08T12:22:38.691277 | 50054 | BDA66AF6FEE95940 | 1.0365618668e+02
2025-12-08T12:22:38.691337 | 50053 | D7978EB7EA485840 | 9.7139325990e+01
2025-12-08T12:22:38.691720 | 50055 | A8992B7834BC3C3F | 4.3846398346e-04
2025-12-08T12:22:38.792420 | 50055 | F3C8AFABB0E3453F | 6.6801191804e-04
2025-12-08T12:22:38.792565 | 50054 | C93FB54F69995940 | 1.0239705270e+02
2025-12-08T12:22:38.792847 | 50056 | ACE04EB8941A4B3F | 8.2714330403e-04
2025-12-08T12:22:38.793121 | 50053 | 6D3FF72FC5185840 | 9.6387035362e+01
2025-12-08T12:22:38.892864 | 50053 | 35E91C1B659F5840 | 9.8490546015e+01
2025-12-08T12:22:38.894003 | 50056 | 8CC281A3862F00BF | -3.0871673915e-05
2025-12-08T12:22:38.895378 | 50055 | 708BF9B75EBD233F | 1.5060216173e-04
2025-12-08T12:22:38.899475 | 50054 | A3DA376475FF5940 | 1.0399154001e+02
2025-12-08T12:22:38.991784 | 50056 | 5FD1DA9228EB463F | 6.9941979537e-04
2025-12-08T12:22:38.995474 | 50053 | 679D9EE617485A40 | 1.0512645879e+02
2025-12-08T12:22:38.995533 | 50054 | 7FEECC3AB80E5B40 | 1.0822999449e+02
2025-12-08T12:22:38.995697 | 50055 | 9637F23A8CC3593F | 1.5725011288e-03
2025-12-08T12:22:39.093266 | 50055 | 80EAF283400D17BF | -8.7935507497e-05
2025-12-08T12:22:39.093331 | 50053 | 4AE08541E64A5840 | 9.7170303708e+01
2025-12-08T12:22:39.094014 | 50054 | 214EE70312235940 | 1.0054797456e+02
2025-12-08T12:22:39.094353 | 50056 | 4F46F02C11363E3F | 4.6098632169e-04
2025-12-08T12:22:39.193081 | 50056 | 8AF525E2AC724DBF | -8.9868012974e-04
2025-12-08T12:22:39.193217 | 50055 | 34148FF254DA25BF | -1.6672408063e-04
2025-12-08T12:22:39.193484 | 50054 | F0357008631E5B40 | 1.0847479449e+02
2025-12-08T12:22:39.193713 | 50053 | 52ECD67A578E5940 | 1.0222408935e+02
2025-12-08T12:22:39.293346 | 50056 | 6013C892C9813ABF | -4.0446444726e-04
2025-12-08T12:22:39.293418 | 50054 | DD7227685C405A40 | 1.0500564007e+02
2025-12-08T12:22:39.293539 | 50053 | B927C31B54765840 | 9.7848883572e+01
2025-12-08T12:22:39.293928 | 50055 | C8D7D2C6A3A95A3F | 1.6273593313e-03
2025-12-08T12:22:39.394410 | 50056 | 1109D7C4960C413F | 5.2029954684e-04
2025-12-08T12:22:39.394474 | 50053 | 63D7448544605840 | 9.7504182164e+01
2025-12-08T12:22:39.394675 | 50055 | E07B286604D816BF | -8.7142246720e-05
2025-12-08T12:22:39.395942 | 50054 | A8F9431701EE5A40 | 1.0771881658e+02
2025-12-08T12:22:39.494602 | 50056 | 04D753426CB752BF | -1.1423642366e-03
2025-12-08T12:22:39.495578 | 50054 | 8228B27808AF5940 | 1.0273489206e+02
2025-12-08T12:22:39.496197 | 50053 | C0F057BEABF45940 | 1.0382298239e+02
2025-12-08T12:22:39.497242 | 50055 | C4281E03730F553F | 1.2854216734e-03
2025-12-08T12:22:39.595567 | 50055 | 8072506D9B8B583F | 1.4981286852e-03
2025-12-08T12:22:39.595954 | 50053 | CF28D354643B5940 | 1.0092799874e+02
2025-12-08T12:22:39.596426 | 50054 | 36497CD94E9A5A40 | 1.0641106259e+02
2025-12-08T12:22:39.596503 | 50056 | 16E49CF7847851BF | -1.0663317211e-03
2025-12-08T12:22:39.697344 | 50054 | 95A64ACAFA295A40 | 1.0465593202e+02
2025-12-08T12:22:39.697701 | 50053 | 6B1DE981348D5A40 | 1.0620632980e+02
2025-12-08T12:22:39.698110 | 50056 | 00FCC0305D90F63E | 2.1518632863e-05
2025-12-08T12:22:39.698376 | 50055 | 2C9105E413F8263F | 1.7523997122e-04
2025-12-08T12:22:39.797414 | 50055 | 377D3736CF60473F | 7.1344487918e-04
2025-12-08T12:22:39.797586 | 50056 | 2BAB7B6B3FC4343F | 3.1687305771e-04
2025-12-08T12:22:39.798007 | 50054 | 3ED76FF9DBBA5940 | 1.0291967617e+02
2025-12-08T12:22:39.798077 | 50053 | 4CB0AC956C675A40 | 1.0561600248e+02
2025-12-08T12:22:39.899051 | 50053 | E3B0E5BBDD255940 | 1.0059165857e+02
2025-12-08T12:22:39.900102 | 50056 | 76F13157C9AC433F | 6.0043173870e-04
2025-12-08T12:22:39.900514 | 50055 | 9817188D0CF12FBF | -2.4369505131e-04
2025-12-08T12:22:39.900657 | 50054 | 46B9943BC02D5A40 | 1.0471485796e+02
2025-12-08T12:22:40.000420 | 50053 | BB325F982CA25940 | 1.0253397188e+02
2025-12-08T12:22:40.000476 | 50055 | E2672DFA0962503F | 9.9993681280e-04
2025-12-08T12:22:40.002159 | 50054 | 22A88CAF22E05A40 | 1.0750211705e+02
2025-12-08T12:22:40.002192 | 50056 | B3D5E0DE69A84BBF | -8.4405106987e-04
2025-12-08T12:22:40.103025 | 50053 | 3D73FF1C179F5940 | 1.0248578572e+02
2025-12-08T12:22:40.103328 | 50055 | FD2D457F4869553F | 1.3068397503e-03
2025-12-08T12:22:40.103806 | 50054 | 877B734DE4F95A40 | 1.0790455948e+02
2025-12-08T12:22:40.104093 | 50056 | 9D7E35A9342E50BF | -9.8757879899e-04
2025-12-08T12:22:40.202321 | 50056 | 0228FF02187944BF | -6.2478706786e-04
2025-12-08T12:22:40.203239 | 50055 | D05813E29582393F | 3.8925322776e-04
2025-12-08T12:22:40.203270 | 50054 | 213890C79C435940 | 1.0105644406e+02
2025-12-08T12:22:40.203532 | 50053 | 2EA90E86DDDD5840 | 9.9466645731e+01
2025-12-08T12:22:40.302977 | 50053 | 24C83F9F34F15940 | 1.0376883680e+02
2025-12-08T12:22:40.303303 | 50055 | 6C824FF8F966413F | 5.3107457699e-04
2025-12-08T12:22:40.303600 | 50056 | FD50B069672D37BF | -3.5365843513e-04
2025-12-08T12:22:40.303939 | 50054 | 2EF6121BDD275B40 | 1.0862287022e+02
2025-12-08T12:22:40.402897 | 50053 | 93914D3A87A15840 | 9.8523878647e+01
2025-12-08T12:22:40.403722 | 50056 | 554D70729C2F51BF | -1.0489490321e-03
2025-12-08T12:22:40.403766 | 50054 | 16F560ECC44D5940 | 1.0121514425e+02
2025-12-08T12:22:40.403895 | 50055 | 25C9438EF7A44E3F | 9.3519294435e-04
2025-12-08T12:22:40.503410 | 50054 | E05B0A7CCD355940 | 1.0084066678e+02
2025-12-08T12:22:40.505142 | 50053 | 2E59C9E512BC5840 | 9.8938653418e+01
2025-12-08T12:22:40.505408 | 50056 | C6783640E1A9423F | 5.6956766678e-04
2025-12-08T12:22:40.505585 | 50055 | 6EDE499EAD674A3F | 8.0581643540e-04
2025-12-08T12:22:40.605340 | 50054 | 2E6BAE8CEB2C5B40 | 1.0870187680e+02
2025-12-08T12:22:40.606796 | 50055 | 2081A7484602103F | 6.1069049628e-05
2025-12-08T12:22:40.608629 | 50056 | 0FD3E84634B43F3F | 4.8376346868e-04
2025-12-08T12:22:40.609535 | 50053 | 09509B3D35475840 | 9.7112624551e+01
2025-12-08T12:22:40.706069 | 50054 | 77545F59CE375B40 | 1.0887196955e+02
2025-12-08T12:22:40.706126 | 50055 | 1E19CAB092CD3B3F | 4.2424041093e-04
2025-12-08T12:22:40.706467 | 50053 | 3CE14414CE9A5940 | 1.0241882807e+02
2025-12-08T12:22:40.706738 | 50056 | F0A5E033EC3003BF | -3.6604126294e-05
2025-12-08T12:22:40.806187 | 50054 | AB776BA6E4095B40 | 1.0815458069e+02
2025-12-08T12:22:40.806706 | 50055 | 54525D640E78173F | 8.9527014180e-05
2025-12-08T12:22:40.807440 | 50056 | 04BBC8DBF8B12F3F | 2.4181521248e-04
2025-12-08T12:22:40.807777 | 50053 | 6929CE6075085A40 | 1.0413216419e+02
2025-12-08T12:22:40.907083 | 50055 | 7CD740E19810223F | 1.3782373628e-04
2025-12-08T12:22:40.907439 | 50054 | 65B3B798A2F55A40 | 1.0783804911e+02
2025-12-08T12:22:40.908318 | 50053 | 09B9B828E8925A40 | 1.0629541987e+02
2025-12-08T12:22:40.908701 | 50056 | 2624ED7FE08037BF | -3.5863381338e-04
2025-12-08T12:22:41.007635 | 50054 | 532F55D62D885940 | 1.0212779768e+02
2025-12-08T12:22:41.008066 | 50053 | E5EADDE957725940 | 1.0178661582e+02
2025-12-08T12:22:41.008218 | 50055 | 7082EB698016443F | 6.1303396418e-04
2025-12-08T12:22:41.008822 | 50056 | 1E2AD4D609DC32BF | -2.8777351584e-04
2025-12-08T12:22:41.107881 | 50056 | E5001B49D57356BF | -1.3703902118e-03
2025-12-08T12:22:41.107957 | 50054 | 9165B092D9C95940 | 1.0315390460e+02
2025-12-08T12:22:41.109803 | 50055 | 507BF060ABE901BF | -3.4165899813e-05
2025-12-08T12:22:41.109932 | 50053 | EB9D9D6F5C495940 | 1.0114626685e+02
2025-12-08T12:22:41.211275 | 50053 | 0B7342AEB7045A40 | 1.0407371098e+02
2025-12-08T12:22:41.211344 | 50056 | 704136312BEB55BF | -1.3378068732e-03
2025-12-08T12:22:41.211424 | 50055 | FA6C2FE89C29503F | 9.8648379275e-04
2025-12-08T12:22:41.211700 | 50054 | E3880FEA99E25A40 | 1.0754064418e+02
2025-12-08T12:22:41.310894 | 50054 | B8EF1DD814505940 | 1.0125127223e+02
2025-12-08T12:22:41.310973 | 50055 | F43DF14EBABE18BF | -9.4394799576e-05
2025-12-08T12:22:41.311057 | 50056 | 229A58C72FCE3EBF | -4.7005335304e-04
2025-12-08T12:22:41.311582 | 50053 | 9202440E736D5840 | 9.7710147444e+01
2025-12-08T12:22:41.411476 | 50054 | 0D8E751F4E1A5B40 | 1.0841101824e+02
2025-12-08T12:22:41.412435 | 50053 | 20C2131DD68B5A40 | 1.0618494346e+02
2025-12-08T12:22:41.412733 | 50055 | 2C2872EA2ACF1B3F | 1.0608386457e-04
2025-12-08T12:22:41.413134 | 50056 | FA36AA6CF22153BF | -1.1677615572e-03
2025-12-08T12:22:41.512288 | 50054 | 56028F3641305940 | 1.0075398029e+02
2025-12-08T12:22:41.512677 | 50056 | 0C41A97A6A123DBF | -4.4360255803e-04
2025-12-08T12:22:41.512792 | 50053 | B1C944F7C1E25940 | 1.0354308874e+02
2025-12-08T12:22:41.513327 | 50055 | 86CC40BE70E226BF | -1.7459512958e-04
2025-12-08T12:22:41.612329 | 50055 | 843B39C37F0D463F | 6.7299593361e-04
2025-12-08T12:22:41.612806 | 50054 | 897654E615085940 | 1.0012633665e+02
2025-12-08T12:22:41.613040 | 50053 | A6D751BDB4B65840 | 9.8854781465e+01
2025-12-08T12:22:41.614022 | 50056 | A4EB76A9F6E818BF | -9.5024161388e-05
2025-12-08T12:22:41.714410 | 50056 | AD8D623AC0FD39BF | -3.9659445828e-04
2025-12-08T12:22:41.714714 | 50055 | DCF462BBCA97503F | 1.0127525143e-03
2025-12-08T12:22:41.714903 | 50053 | 101002D4B5695840 | 9.7651722910e+01
2025-12-08T12:22:41.716089 | 50054 | D64DAFF0F0845940 | 1.0207720582e+02
2025-12-08T12:22:41.813056 | 50056 | E03AC7C9017EF5BE | -2.0496573244e-05
2025-12-08T12:22:41.813158 | 50054 | 848D4B1D0B505B40 | 1.0925067837e+02
2025-12-08T12:22:41.813571 | 50055 | 49C9FBF5E95D42BF | -5.6051181670e-04
2025-12-08T12:22:41.814389 | 50053 | 433ECF725D6B5940 | 1.0167757864e+02
2025-12-08T12:22:41.913635 | 50056 | 723CF977521558BF | -1.4699273451e-03
2025-12-08T12:22:41.913971 | 50055 | 15373A41DE42513F | 1.0535402734e-03
2025-12-08T12:22:41.914447 | 50053 | BDDC5F15AEA45940 | 1.0257312521e+02
2025-12-08T12:22:41.914533 | 50054 | 6DF2A6CF30A05940 | 1.0250297920e+02
2025-12-08T12:22:42.014080 | 50055 | 1250D8557B0C523F | 1.1016087004e-03
2025-12-08T12:22:42.014665 | 50056 | 887AA784E438113F | 6.5697620051e-05
2025-12-08T12:22:42.014766 | 50054 | CBA759694C365B40 | 1.0884841379e+02
2025-12-08T12:22:42.014800 | 50053 | D6780E77538D5A40 | 1.0620821930e+02
2025-12-08T12:22:42.115104 | 50053 | 448A2AE946815A40 | 1.0601995305e+02
2025-12-08T12:22:42.115363 | 50054 | EE128D3259505B40 | 1.0925544418e+02
2025-12-08T12:22:42.115415 | 50056 | EE425DD9FA8840BF | -5.0461052408e-04
2025-12-08T12:22:42.115865 | 50055 | C133CBF27C75513F | 1.0656089973e-03
2025-12-08T12:22:42.216108 | 50055 | 80D7CB76E8F10ABF | -5.1393419971e-05
2025-12-08T12:22:42.216425 | 50054 | 38C4861F82715B40 | 1.0977356709e+02
2025-12-08T12:22:42.217030 | 50053 | 76F8D250683B5940 | 1.0092824193e+02
2025-12-08T12:22:42.217419 | 50056 | 4BA5A3C619AB57BF | -1.4446021765e-03
2025-12-08T12:22:42.317743 | 50056 | 1C6AD17D13DC56BF | -1.3952436778e-03
2025-12-08T12:22:42.317962 | 50055 | 44A56EC6B8CA483F | 7.5658819411e-04
2025-12-08T12:22:42.318007 | 50054 | 8658B91D965E5B40 | 1.0947791236e+02
2025-12-08T12:22:42.319211 | 50053 | 00DCA0590FA75840 | 9.8610311896e+01
2025-12-08T12:22:42.418379 | 50056 | E20A8E7759FA40BF | -5.1812523371e-04
2025-12-08T12:22:42.418442 | 50053 | D0E9F734AF085940 | 1.0013569378e+02
2025-12-08T12:22:42.418627 | 50055 | 86D02FE8A12A34BF | -3.0771687324e-04
2025-12-08T12:22:42.418809 | 50054 | 9A1459C851175A40 | 1.0436436661e+02
2025-12-08T12:22:42.518812 | 50056 | 48E5963E6EE359BF | -1.5801025969e-03
2025-12-08T12:22:42.519062 | 50055 | 92FE52800F1A443F | 6.1345822237e-04
2025-12-08T12:22:42.519499 | 50054 | 0E85B25194DA5940 | 1.0341530268e+02
2025-12-08T12:22:42.519931 | 50053 | 610F0BCDB2B95A40 | 1.0690153814e+02
2025-12-08T12:22:42.619050 | 50054 | 6E5DF52735735A40 | 1.0580011939e+02
2025-12-08T12:22:42.619393 | 50055 | D977115378C1483F | 7.5548529834e-04
2025-12-08T12:22:42.619521 | 50056 | FE732F28E7E453BF | -1.2142426865e-03
2025-12-08T12:22:42.619584 | 50053 | D318FDC21BE95840 | 9.9642319438e+01
2025-12-08T12:22:42.719721 | 50055 | 13D9DEB098183D3F | 4.4397094541e-04
2025-12-08T12:22:42.719739 | 50056 | C0360D2504F1083F | 4.7572077739e-05
2025-12-08T12:22:42.719976 | 50053 | 0FA7A4ACF5445A40 | 1.0507749477e+02
2025-12-08T12:22:42.721035 | 50054 | E3678660B7815A40 | 1.0602681745e+02
2025-12-08T12:22:42.823986 | 50056 | 20F5FE93FCEDFEBE | -2.9496798788e-05
2025-12-08T12:22:42.825889 | 50055 | 2FD644B3755F343F | 3.1086562673e-04
2025-12-08T12:22:42.826130 | 50053 | 4926A6477A0E5940 | 1.0022621337e+02
2025-12-08T12:22:42.826400 | 50054 | 91B4966E9F345940 | 1.0082223096e+02
2025-12-08T12:22:42.922525 | 50056 | CBCA41C7584C52BF | -1.1168353058e-03
2025-12-08T12:22:42.922978 | 50054 | 4D946D13A33E5940 | 1.0097870336e+02
2025-12-08T12:22:42.923568 | 50053 | 833ABB429C9C5840 | 9.8447037394e+01
2025-12-08T12:22:42.923641 | 50055 | E5C673ADB32D413F | 5.2424691503e-04
2025-12-08T12:22:43.024801 | 50054 | F16728A286695940 | 1.0164884237e+02
2025-12-08T12:22:43.024947 | 50055 | 0A723120D0A22A3F | 2.0321646307e-04
2025-12-08T12:22:43.025713 | 50053 | A3658D938AA35940 | 1.0255533303e+02
2025-12-08T12:22:43.025736 | 50056 | 219BF8F7D33F3DBF | -4.4630932823e-04
2025-12-08T12:22:43.123188 | 50056 | 84CDBFB665743FBF | -4.7996028184e-04
2025-12-08T12:22:43.123301 | 50053 | 620CB86146675940 | 1.0161367076e+02
2025-12-08T12:22:43.123661 | 50055 | F9309E58594B513F | 1.0555622598e-03
2025-12-08T12:22:43.123717 | 50054 | C59CDA380DC55940 | 1.0307893201e+02
2025-12-08T12:22:43.223864 | 50055 | F2B7E9A929A5413F | 5.3848776208e-04
2025-12-08T12:22:43.223920 | 50053 | 59F8D59829F65A40 | 1.0784628888e+02
2025-12-08T12:22:43.231626 | 50054 | 813DE85ABFE35940 | 1.0355855439e+02
2025-12-08T12:22:43.232836 | 50056 | 5FD18360B0B651BF | -1.0811541015e-03
2025-12-08T12:22:43.324300 | 50054 | 1200EB63FF425A40 | 1.0504683779e+02
2025-12-08T12:22:43.324658 | 50055 | D672EC2FB4944A3F | 8.1118391231e-04
2025-12-08T12:22:43.325043 | 50053 | C8062088868F5840 | 9.8242586166e+01
2025-12-08T12:22:43.325919 | 50056 | 73116066EEED37BF | -3.6513395605e-04
2025-12-08T12:22:43.428142 | 50056 | 28648E18413F123F | 6.9607113018e-05
2025-12-08T12:22:43.428415 | 50055 | 63159AEDE2B03B3F | 4.2253055799e-04
2025-12-08T12:22:43.429164 | 50054 | A80250827BD35A40 | 1.0730441339e+02
2025-12-08T12:22:43.429225 | 50053 | 28989CBF11CD5940 | 1.0320420828e+02
2025-12-08T12:22:43.526324 | 50055 | EF59A61163C5173F | 9.0679332436e-05
2025-12-08T12:22:43.526516 | 50053 | 0FD6E8F1BB825A40 | 1.0604272125e+02
2025-12-08T12:22:43.526691 | 50054 | 5088D5D483AF5A40 | 1.0674242135e+02
2025-12-08T12:22:43.526819 | 50056 | 3DE792BDE78943BF | -5.9627356963e-04
2025-12-08T12:22:43.631744 | 50055 | EC12FA3D605D493F | 7.7407073327e-04
2025-12-08T12:22:43.631881 | 50054 | 92AB81AC30AF5940 | 1.0273734582e+02
2025-12-08T12:22:43.631990 | 50056 | D00C4EE407FC41BF | -5.4884324400e-04
2025-12-08T12:22:43.632089 | 50053 | EA2EA4E36FE45940 | 1.0356932918e+02
2025-12-08T12:22:43.727430 | 50055 | E6C5074DED7942BF | -5.6385123213e-04
2025-12-08T12:22:43.727617 | 50054 | 8596981498895A40 | 1.0614990725e+02
2025-12-08T12:22:43.727939 | 50056 | F613EF7A2C3B57BF | -1.4179167153e-03
2025-12-08T12:22:43.728317 | 50053 | FAF56544CD1D5A40 | 1.0446565351e+02
2025-12-08T12:22:43.833022 | 50054 | 1E21B1AFA83B5B40 | 1.0893217079e+02
2025-12-08T12:22:43.833493 | 50055 | 8122F9868A8A453F | 6.5738452936e-04
2025-12-08T12:22:43.833586 | 50056 | 10C117F09F0F46BF | -6.7324933496e-04
2025-12-08T12:22:43.833671 | 50053 | 7CE1ECD25BCB5940 | 1.0317747949e+02
2025-12-08T12:22:43.930905 | 50056 | 8CA478D8E05453BF | -1.1799045332e-03
2025-12-08T12:22:43.931005 | 50054 | 84F719AD0A915940 | 1.0226627662e+02
2025-12-08T12:22:43.931484 | 50053 | 367B0674EEE35A40 | 1.0756142903e+02
2025-12-08T12:22:43.931524 | 50055 | 59B90B3F288C37BF | -3.5930616927e-04
2025-12-08T12:22:44.031525 | 50054 | C3289CD0BB015A40 | 1.0402708831e+02
2025-12-08T12:22:44.031744 | 50055 | 986E85C132A83EBF | -4.6778906974e-04
2025-12-08T12:22:44.032107 | 50053 | B6A75965B6385940 | 1.0088613256e+02
2025-12-08T12:22:44.032507 | 50056 | 8885B702F8F925BF | -1.6766693567e-04
2025-12-08T12:22:44.130319 | 50055 | E5DB498F8B2214BF | -7.6808708238e-05
2025-12-08T12:22:44.130936 | 50054 | E3B840B87D055940 | 1.0008579832e+02
2025-12-08T12:22:44.131264 | 50053 | CC09B7F279F95840 | 9.9898068122e+01
2025-12-08T12:22:44.131489 | 50056 | 8B0EC4F89A1E3EBF | -4.5958789339e-04
2025-12-08T12:22:44.231885 | 50055 | CA14DBDEA442293F | 1.9272101001e-04
2025-12-08T12:22:44.232127 | 50056 | 009C9FE6236AA33E | 5.7860047531e-07
2025-12-08T12:22:44.232451 | 50054 | A297E9450FA55A40 | 1.0657905720e+02
2025-12-08T12:22:44.234741 | 50053 | 50B507AA006C5940 | 1.0168754054e+02
2025-12-08T12:22:44.332443 | 50055 | 3F54731D289B4EBF | -9.3402346365e-04
2025-12-08T12:22:44.333522 | 50053 | 4FA0491CFD0E5B40 | 1.0823419864e+02
2025-12-08T12:22:44.333686 | 50056 | 168C974EBD505DBF | -1.7892693235e-03
2025-12-08T12:22:44.334029 | 50054 | 0A690DD738855940 | 1.0208159424e+02
2025-12-08T12:22:44.439807 | 50056 | 7C590C695F074CBF | -8.5537108143e-04
2025-12-08T12:22:44.439927 | 50053 | DE56061285235940 | 1.0055499697e+02
2025-12-08T12:22:44.440436 | 50055 | 3825A338ADCD3F3F | 4.8528174433e-04
2025-12-08T12:22:44.441685 | 50054 | A9DAF674116B5940 | 1.0167294048e+02
2025-12-08T12:22:44.534033 | 50053 | 92DFCEE74AB45840 | 9.8817071869e+01
2025-12-08T12:22:44.534171 | 50056 | 16191F68B14B53BF | -1.1777145851e-03
2025-12-08T12:22:44.534732 | 50054 | 797FA5BB44CC5A40 | 1.0719169513e+02
2025-12-08T12:22:44.535108 | 50055 | BC80B3B9D1F544BF | -6.3965549944e-04
2025-12-08T12:22:44.635268 | 50053 | 4CCBA457A5F45A40 | 1.0782259170e+02
2025-12-08T12:22:44.635422 | 50054 | A57F0367771E5B40 | 1.0847603774e+02
2025-12-08T12:22:44.636891 | 50055 | FFF0FA1553BA373F | 3.6205795730e-04
2025-12-08T12:22:44.636957 | 50056 | 7DD4BD9A999148BF | -7.4977874964e-04
2025-12-08T12:22:44.734409 | 50056 | ED7751ABDB3E5ABF | -1.6019005973e-03
2025-12-08T12:22:44.734486 | 50055 | C3704CA4F37D4BBF | -8.3898922512e-04
2025-12-08T12:22:44.734681 | 50054 | A8E67ACDA7F35940 | 1.0380711686e+02
2025-12-08T12:22:44.734911 | 50053 | AE9411CB95BF5A40 | 1.0699351765e+02
2025-12-08T12:22:44.833888 | 50054 | 0B89D8B3824C5A40 | 1.0519547745e+02
2025-12-08T12:22:44.834791 | 50056 | 7717A2AD3FC757BF | -1.4513131960e-03
2025-12-08T12:22:44.835266 | 50053 | 6D1650AC48235940 | 1.0055131061e+02
2025-12-08T12:22:44.837055 | 50055 | 65F3CE77C3C637BF | -3.6279937904e-04
2025-12-08T12:22:44.936994 | 50055 | E3A580CF2AA52E3F | 2.3380420294e-04
2025-12-08T12:22:44.937194 | 50053 | D02C035306A75940 | 1.0260976100e+02
2025-12-08T12:22:44.937251 | 50054 | E89C4FD7C33F5940 | 1.0099632819e+02
2025-12-08T12:22:44.937391 | 50056 | CC0B3762E46842BF | -5.6182052179e-04
2025-12-08T12:22:45.042044 | 50053 | 9D536000A32E5940 | 1.0072869882e+02
2025-12-08T12:22:45.042223 | 50055 | ABBB4749A58A413F | 5.3532667749e-04
2025-12-08T12:22:45.042941 | 50056 | 8662D5C536DA57BF | -1.4558348551e-03
2025-12-08T12:22:45.042980 | 50054 | 474B0F28E4245B40 | 1.0857642557e+02
2025-12-08T12:22:45.137090 | 50053 | C6747CF70F045B40 | 1.0806347453e+02
2025-12-08T12:22:45.137181 | 50056 | F26FA695425234BF | -3.1007886505e-04
2025-12-08T12:22:45.137495 | 50054 | 944CFC45E1175A40 | 1.0437312460e+02
2025-12-08T12:22:45.138085 | 50055 | 1D11EF503636463F | 6.7784931331e-04
2025-12-08T12:22:45.237990 | 50053 | F527CC347A895940 | 1.0214808388e+02
2025-12-08T12:22:45.238198 | 50054 | 2E77CC6D7F8B5A40 | 1.0617965264e+02
2025-12-08T12:22:45.240982 | 50056 | 94C042EE093C58BF | -1.4791581134e-03
2025-12-08T12:22:45.241010 | 50055 | 4CE3256CCE114DBF | -8.8713244649e-04
2025-12-08T12:22:45.339047 | 50055 | FA0C01C4D5A049BF | -7.8211248184e-04
2025-12-08T12:22:45.339472 | 50054 | A0DFACABD8D25940 | 1.0329447452e+02
2025-12-08T12:22:45.339618 | 50056 | BE5BF392C7E939BF | -3.9540407574e-04
2025-12-08T12:22:45.339722 | 50053 | 976EB393D4BF5940 | 1.0299734967e+02
2025-12-08T12:22:45.438624 | 50055 | 12F7BD923C7C453F | 6.5567929913e-04
2025-12-08T12:22:45.439680 | 50056 | EBE126E1BD0655BF | -1.2833456318e-03
2025-12-08T12:22:45.439724 | 50053 | F1E932151F055B40 | 1.0808002214e+02
2025-12-08T12:22:45.440043 | 50054 | 4C50383E56415B40 | 1.0902088886e+02
2025-12-08T12:22:45.538525 | 50053 | 88285BFA84F55940 | 1.0383624133e+02
2025-12-08T12:22:45.538603 | 50056 | 5847174868DA5EBF | -1.8831270576e-03
2025-12-08T12:22:45.538881 | 50055 | EA91D126B727453F | 6.4560358954e-04
2025-12-08T12:22:45.540588 | 50054 | 1A5E15B5E2A55A40 | 1.0659196212e+02
2025-12-08T12:22:45.642918 | 50054 | 11B202619C5D5A40 | 1.0546266961e+02
2025-12-08T12:22:45.643177 | 50053 | B2145AA9BDE95840 | 9.9652201021e+01
2025-12-08T12:22:45.643387 | 50056 | 206C3A6DB556F03E | 1.5581804134e-05
2025-12-08T12:22:45.643726 | 50055 | AA96C06C2AD0213F | 1.3590352899e-04
2025-12-08T12:22:45.739819 | 50056 | 4B3409F7F31259BF | -1.5303976508e-03
2025-12-08T12:22:45.739945 | 50054 | A9444330D9D05A40 | 1.0726325614e+02
2025-12-08T12:22:45.740220 | 50055 | 75C643C9998649BF | -7.7898511020e-04
2025-12-08T12:22:45.740768 | 50053 | 98F202BE81EB5840 | 9.9679793837e+01
2025-12-08T12:22:45.840194 | 50055 | 8257AE8498A152BF | -1.1371602475e-03
2025-12-08T12:22:45.840802 | 50054 | 2DDE90099F165B40 | 1.0835345687e+02
2025-12-08T12:22:45.841007 | 50053 | 5203FFBE55CD5940 | 1.0320835853e+02
2025-12-08T12:22:45.842732 | 50056 | 05E4BCCF020750BF | -9.7823404844e-04
2025-12-08T12:22:45.940675 | 50054 | 3481493A01FD5940 | 1.0395319993e+02
2025-12-08T12:22:45.940960 | 50055 | 4D9CA614A8D0413F | 5.4367262901e-04
2025-12-08T12:22:45.941294 | 50056 | 2887609E69CC103F | 6.4081140949e-05
2025-12-08T12:22:45.941733 | 50053 | 7777C49560CE5840 | 9.9224645082e+01
2025-12-08T12:22:46.041683 | 50054 | 384B3FE32F1A5940 | 1.0040917283e+02
2025-12-08T12:22:46.042096 | 50055 | 928CDBF200984ABF | -8.1157728502e-04
2025-12-08T12:22:46.042147 | 50053 | D3EA689EB0E45840 | 9.9573279955e+01
2025-12-08T12:22:46.043787 | 50056 | DA8C2EC57BE65ABF | -1.6418656057e-03
2025-12-08T12:22:46.141501 | 50055 | 287E6AF6B0430F3F | 5.9632146806e-05
2025-12-08T12:22:46.141844 | 50056 | 0029FD14F0C3F8BE | -2.3618108855e-05
2025-12-08T12:22:46.141977 | 50053 | 0F583661660B5A40 | 1.0417812376e+02
2025-12-08T12:22:46.142114 | 50054 | 771A853D5B2B5940 | 1.0067744387e+02
2025-12-08T12:22:46.242526 | 50055 | 6953F07480314EBF | -9.2142841629e-04
2025-12-08T12:22:46.242770 | 50053 | 87CBE422352F5940 | 1.0073761818e+02
2025-12-08T12:22:46.242814 | 50054 | 2D44A0BB010C5B40 | 1.0818760577e+02
2025-12-08T12:22:46.243012 | 50056 | 10E98FF2C71B013F | 3.2631911672e-05
2025-12-08T12:22:46.343914 | 50053 | 5081A43CD0335940 | 1.0080958477e+02
2025-12-08T12:22:46.343974 | 50054 | CE16332B26F35940 | 1.0379920464e+02
2025-12-08T12:22:46.344133 | 50056 | 8452300942C423BF | -1.5080743887e-04
2025-12-08T12:22:46.344596 | 50055 | 83176883F389393F | 3.8969226026e-04
2025-12-08T12:22:46.444129 | 50056 | 36D3054AF11B53BF | -1.1663299884e-03
2025-12-08T12:22:46.444732 | 50055 | 16BA623811AF2EBF | -2.3409924706e-04
2025-12-08T12:22:46.445300 | 50053 | 062F7F94D4AB5A40 | 1.0668484986e+02
2025-12-08T12:22:46.448288 | 50054 | F287C528112C5A40 | 1.0468854732e+02
2025-12-08T12:22:46.544484 | 50053 | 7054E232E69D5940 | 1.0246717522e+02
2025-12-08T12:22:46.544690 | 50055 | B44479E1D0822FBF | -2.4040984930e-04
2025-12-08T12:22:46.545155 | 50056 | C294A5A7CDFE51BF | -1.0983475064e-03
2025-12-08T12:22:46.545322 | 50054 | AC70D33238645940 | 1.0156593009e+02
2025-12-08T12:22:46.645544 | 50055 | 50E61B5B7183F5BE | -2.0516823219e-05
2025-12-08T12:22:46.645738 | 50053 | 1AA51C511ADE5940 | 1.0347035625e+02
2025-12-08T12:22:46.645795 | 50054 | C5CA64A0E3355A40 | 1.0484201822e+02
2025-12-08T12:22:46.645834 | 50056 | E8E8BE2E9B4941BF | -5.2757336879e-04
2025-12-08T12:22:46.745285 | 50053 | 5F065E21FDA45A40 | 1.0657794985e+02
2025-12-08T12:22:46.745380 | 50054 | DF723C4369505B40 | 1.0925642472e+02
2025-12-08T12:22:46.745730 | 50055 | 12E1ED3BC81C393F | 3.8318527725e-04
2025-12-08T12:22:46.745974 | 50056 | 49D6FF79E2B254BF | -1.2633525548e-03
2025-12-08T12:22:46.845753 | 50053 | 95BE1598C5435B40 | 1.0905893519e+02
2025-12-08T12:22:46.845871 | 50054 | 4076333445995940 | 1.0239484887e+02
2025-12-08T12:22:46.845945 | 50056 | 5A5BF2FD7BFF4BBF | -8.5443071648e-04
2025-12-08T12:22:46.847969 | 50055 | 1B4DE1B3DFB248BF | -7.5374529821e-04
2025-12-08T12:22:46.945866 | 50053 | B31607AD0AE45A40 | 1.0756315160e+02
2025-12-08T12:22:46.946110 | 50056 | 40C109046EEAFBBE | -2.6622525413e-05
2025-12-08T12:22:46.947138 | 50055 | 6EA8C7F4108037BF | -3.5858549089e-04
2025-12-08T12:22:46.947361 | 50054 | A2783394DB595A40 | 1.0540402703e+02
2025-12-08T12:22:47.046967 | 50056 | 71BF199E7BF85EBF | -1.8902976230e-03
2025-12-08T12:22:47.047712 | 50053 | D25FC26BAC675940 | 1.0161989874e+02
2025-12-08T12:22:47.048839 | 50054 | 5A601B9A17F35940 | 1.0379831555e+02
2025-12-08T12:22:47.049199 | 50055 | 2C238E32C7FF203F | 1.2969309435e-04
2025-12-08T12:22:47.146187 | 50055 | 64957B9EB14952BF | -1.1162027894e-03
2025-12-08T12:22:47.146502 | 50054 | C4507D1058FF5940 | 1.0398975003e+02
2025-12-08T12:22:47.147966 | 50053 | 5CF1831D5F815940 | 1.0202143038e+02
2025-12-08T12:22:47.148052 | 50056 | 58AA14D94EF759BF | -1.5848417282e-03
2025-12-08T12:22:47.249007 | 50053 | DF1C6923D6E35840 | 9.9559944966e+01
2025-12-08T12:22:47.249053 | 50054 | CA6242801EAE5940 | 1.0272061163e+02
2025-12-08T12:22:47.249880 | 50055 | AFE78A5612AB26BF | -1.7294501165e-04
2025-12-08T12:22:47.249977 | 50056 | 54BB7C44EEC154BF | -1.2669398147e-03
2025-12-08T12:22:47.349258 | 50055 | 37F36E296E0456BF | -1.3438297080e-03
2025-12-08T12:22:47.353173 | 50056 | 2678F45CEA3560BF | -1.9788339047e-03
2025-12-08T12:22:47.353324 | 50054 | 8BDF091E62635A40 | 1.0555286361e+02
2025-12-08T12:22:47.353428 | 50053 | 03E835DE47C65940 | 1.0309813648e+02
2025-12-08T12:22:47.448262 | 50056 | D8FBDD499C2556BF | -1.3517404800e-03
2025-12-08T12:22:47.451106 | 50053 | A1215F8039EF5A40 | 1.0773788461e+02
2025-12-08T12:22:47.451151 | 50054 | 2E1A8AF8663A5B40 | 1.0891253484e+02
2025-12-08T12:22:47.451415 | 50055 | 29E0DF23F4F047BF | -7.3062821298e-04
2025-12-08T12:22:47.549564 | 50053 | E22042511F5B5940 | 1.0142378646e+02
2025-12-08T12:22:47.549750 | 50055 | 5006FB73D27051BF | -1.0644965368e-03
2025-12-08T12:22:47.550432 | 50054 | 826D3B06414E5940 | 1.0122271877e+02
2025-12-08T12:22:47.550518 | 50056 | 783C3266924857BF | -1.4211110763e-03
2025-12-08T12:22:47.651375 | 50054 | 57D57A9AB3E55940 | 1.0358908712e+02
2025-12-08T12:22:47.651525 | 50056 | 4D49F29E16A651BF | -1.0771962077e-03
2025-12-08T12:22:47.653136 | 50053 | D8C9708FD0AA5A40 | 1.0666897951e+02
2025-12-08T12:22:47.653355 | 50055 | EC88C098DE0954BF | -1.2230562015e-03
2025-12-08T12:22:47.751067 | 50055 | 481D26404932343F | 3.0817306847e-04
2025-12-08T12:22:47.751471 | 50056 | 90BECE62A42A30BF | -2.4668229417e-04
2025-12-08T12:22:47.751919 | 50053 | 1F19A933B3055A40 | 1.0408906261e+02
2025-12-08T12:22:47.752251 | 50054 | 4A0136BC5FAD5A40 | 1.0670896821e+02
2025-12-08T12:22:47.851078 | 50054 | 5C019D3F69C75940 | 1.0311579886e+02
2025-12-08T12:22:47.851823 | 50056 | 982A4687399D36BF | -3.4506468298e-04
2025-12-08T12:22:47.852446 | 50055 | CCC8114A4C7756BF | -1.3712162984e-03
2025-12-08T12:22:47.852481 | 50053 | D9F4186032015A40 | 1.0401869967e+02
2025-12-08T12:22:47.952627 | 50054 | 26735746EF375940 | 1.0087397917e+02
2025-12-08T12:22:47.953315 | 50056 | B2094491569B56BF | -1.3798089395e-03
2025-12-08T12:22:47.953674 | 50053 | 6711C9448EC65A40 | 1.0710243339e+02
2025-12-08T12:22:47.954028 | 50055 | 0C25D01AE20F57BF | -1.4075954489e-03
2025-12-08T12:22:48.052475 | 50056 | F32C93F06A584FBF | -9.5658513706e-04
2025-12-08T12:22:48.052658 | 50054 | 3114D2ADB6735A40 | 1.0580802484e+02
2025-12-08T12:22:48.053675 | 50053 | 17FC0B2F64DD5940 | 1.0345923973e+02
2025-12-08T12:22:48.053849 | 50055 | 00F8463DD15490BE | -2.4335559814e-07
2025-12-08T12:22:48.154203 | 50055 | 50C7CBE114B01BBF | -1.0562064604e-04
2025-12-08T12:22:48.154452 | 50056 | FFAD9A2D50F750BF | -1.0355265608e-03
2025-12-08T12:22:48.155590 | 50054 | B5FADB6606855940 | 1.0207851573e+02
2025-12-08T12:22:48.155874 | 50053 | 13BE114E4A185B40 | 1.0837953521e+02
2025-12-08T12:22:48.255359 | 50055 | 7AA6BAFC643157BF | -1.4155851558e-03
2025-12-08T12:22:48.255743 | 50054 | ABDD561227D55940 | 1.0333050974e+02
2025-12-08T12:22:48.255837 | 50056 | BF5A5231687951BF | -1.0665433413e-03
2025-12-08T12:22:48.257077 | 50053 | CC82B3EE88D15940 | 1.0327398269e+02
2025-12-08T12:22:48.355025 | 50056 | 4C24500474524EBF | -9.2535653005e-04
2025-12-08T12:22:48.355213 | 50053 | EC2E367E5FF05840 | 9.9755828431e+01
2025-12-08T12:22:48.355240 | 50055 | 022932FB040859BF | -1.5277908940e-03
2025-12-08T12:22:48.355888 | 50054 | CB51DA131B3B5B40 | 1.0892352768e+02
2025-12-08T12:22:48.457677 | 50054 | C63527D9433F5A40 | 1.0498851613e+02
2025-12-08T12:22:48.458025 | 50055 | A67BD32C237E363F | 3.4321173446e-04
2025-12-08T12:22:48.458702 | 50056 | BC549BBF96453BBF | -4.1613512404e-04
2025-12-08T12:22:48.462933 | 50053 | 5E4EE4D2F0F65840 | 9.9858448718e+01
2025-12-08T12:22:48.559984 | 50053 | 3EC232A9EC575B40 | 1.0937381964e+02
2025-12-08T12:22:48.560071 | 50054 | E0A04F6CAA465940 | 1.0110415180e+02
2025-12-08T12:22:48.560248 | 50056 | 9AA04DE545C839BF | -3.9340692938e-04
2025-12-08T12:22:48.560835 | 50055 | DFE881AC7E5858BF | -1.4859425592e-03
2025-12-08T12:22:48.659370 | 50055 | DAB16AC8F2C457BF | -1.4507647444e-03
2025-12-08T12:22:48.660927 | 50054 | 8EE4E988F1DB5A40 | 1.0743661712e+02
2025-12-08T12:22:48.661250 | 50056 | 7C64A03B53CD44BF | -6.3482822520e-04
2025-12-08T12:22:48.662712 | 50053 | A2C51ABE61825940 | 1.0203721573e+02
2025-12-08T12:22:48.759063 | 50054 | 7985F5B6275E5940 | 1.0147117399e+02
2025-12-08T12:22:48.759206 | 50053 | E46F32FB45885940 | 1.0212927132e+02
2025-12-08T12:22:48.759509 | 50056 | 62C3B7EFE3AC45BF | -6.6147927958e-04
2025-12-08T12:22:48.759597 | 50055 | 0277EC0A1E673A3F | 4.0287478889e-04
2025-12-08T12:22:48.860092 | 50053 | 5C644A1D435F5A40 | 1.0548847134e+02
2025-12-08T12:22:48.860158 | 50056 | E0FB6CE912C24BBF | -8.4711001805e-04
2025-12-08T12:22:48.860671 | 50055 | AF2035BA0E7E44BF | -6.2537879095e-04
2025-12-08T12:22:48.861101 | 50054 | 6BE479FB357A5A40 | 1.0590954482e+02
2025-12-08T12:22:48.959242 | 50056 | 7F4C9DEE2C095EBF | -1.8332423010e-03
2025-12-08T12:22:48.959650 | 50055 | C870FC022AE444BF | -6.3755084372e-04
2025-12-08T12:22:48.960292 | 50054 | 3898C9F890065B40 | 1.0810259838e+02
2025-12-08T12:22:48.960507 | 50053 | 81578AAA74DD5A40 | 1.0746024574e+02
2025-12-08T12:22:49.062443 | 50053 | 43ADAD18D3AB5A40 | 1.0668475930e+02
2025-12-08T12:22:49.062661 | 50054 | C452703CD7605A40 | 1.0551313697e+02
2025-12-08T12:22:49.063258 | 50056 | 98CDA57740C950BF | -1.0245446743e-03
2025-12-08T12:22:49.064047 | 50055 | A0E5CF61EE6C16BF | -8.5546540916e-05
2025-12-08T12:22:49.163144 | 50054 | BE28C0010D2D5B40 | 1.0870391887e+02
2025-12-08T12:22:49.164085 | 50053 | EB280E1193885940 | 1.0213397623e+02
2025-12-08T12:22:49.164782 | 50056 | C49F0C33E0C32EBF | -2.3471938905e-04
2025-12-08T12:22:49.165115 | 50055 | B6CE1A11ACE5373F | 3.6464167452e-04
2025-12-08T12:22:49.264156 | 50055 | 369D2E800A8C53BF | -1.1930563494e-03
2025-12-08T12:22:49.264241 | 50056 | AA4049B8090B33BF | -2.9057490636e-04
2025-12-08T12:22:49.265886 | 50053 | 694FAC53D9A15A40 | 1.0652888958e+02
2025-12-08T12:22:49.266230 | 50054 | AF4DF1B195EB5840 | 9.9681011663e+01
2025-12-08T12:22:49.364799 | 50054 | 3E8DB7EB5E315A40 | 1.0477141850e+02
2025-12-08T12:22:49.364997 | 50055 | 06FFB6D6D3D752BF | -1.1500900972e-03
2025-12-08T12:22:49.365294 | 50053 | EB975BABBD635A40 | 1.0555845150e+02
2025-12-08T12:22:49.365339 | 50056 | CE554AF4349736BF | -3.4470599011e-04
2025-12-08T12:22:49.464402 | 50053 | 3A0EC5A9DCA05940 | 1.0251346821e+02
2025-12-08T12:22:49.464511 | 50056 | A0DF03A5DA2841BF | -5.2366901403e-04
2025-12-08T12:22:49.464855 | 50055 | 7E41C2F29F5935BF | -3.2577662456e-04
2025-12-08T12:22:49.465442 | 50054 | 0F4A1D40D4525A40 | 1.0529420474e+02
2025-12-08T12:22:49.567315 | 50053 | 50A17AADF7535940 | 1.0131199204e+02
2025-12-08T12:22:49.568907 | 50056 | 286ED16D344343BF | -5.8784542092e-04
2025-12-08T12:22:49.569084 | 50055 | C0E4DD0DB707143F | 7.6408908596e-05
2025-12-08T12:22:49.569858 | 50054 | D8692F7FB6C25940 | 1.0304238872e+02
2025-12-08T12:22:49.668466 | 50054 | E6943EB0BA775940 | 1.0187076956e+02
2025-12-08T12:22:49.668551 | 50055 | B089AA5923ED16BF | -8.7456972703e-05
2025-12-08T12:22:49.668595 | 50056 | 77B8151397514EBF | -9.2525364577e-04
2025-12-08T12:22:49.668685 | 50053 | E2F40E346B775940 | 1.0186591817e+02
2025-12-08T12:22:49.768448 | 50055 | CA687A7D25414DBF | -8.9277582716e-04
2025-12-08T12:22:49.768675 | 50054 | F63D62442A5B5A40 | 1.0542445478e+02
2025-12-08T12:22:49.769051 | 50053 | CE2DCA3B71275A40 | 1.0461628623e+02
2025-12-08T12:22:49.769894 | 50056 | C39A9C8E0ACE53BF | -1.2087920281e-03
2025-12-08T12:22:49.869503 | 50054 | E1BEC3D0AD135B40 | 1.0830748386e+02
2025-12-08T12:22:49.869947 | 50056 | 325C50B02FFF33BF | -3.0512728000e-04
2025-12-08T12:22:49.869992 | 50055 | B00F5C527C52023F | 3.4946841238e-05
2025-12-08T12:22:49.870024 | 50053 | AD13363CFDDF5940 | 1.0349983125e+02
2025-12-08T12:22:49.969644 | 50054 | BAF2BC8AB4DD5840 | 9.9464144406e+01
2025-12-08T12:22:49.970666 | 50055 | 3D8C1C6B9B1B47BF | -7.0519532003e-04
2025-12-08T12:22:49.970726 | 50056 | 408249B8FF29E6BE | -1.0568646539e-05
2025-12-08T12:22:49.970839 | 50053 | E62E5A2079F15A40 | 1.0777301797e+02
2025-12-08T12:22:50.070797 | 50054 | 518B2AFBA4AC5A40 | 1.0669756965e+02
2025-12-08T12:22:50.070830 | 50055 | F6CCF742EF6240BF | -5.0007517524e-04
2025-12-08T12:22:50.073091 | 50056 | 626FF51FA1E459BF | -1.5803884015e-03
2025-12-08T12:22:50.073178 | 50053 | D4B1383353105B40 | 1.0825507813e+02
2025-12-08T12:22:50.170232 | 50053 | 3CAFF0D794955940 | 1.0233720969e+02
2025-12-08T12:22:50.170308 | 50055 | A061670CDBD201BF | -3.3995923832e-05
2025-12-08T12:22:50.170376 | 50054 | 1710A83FBC195A40 | 1.0440211479e+02
2025-12-08T12:22:50.170660 | 50056 | 94602D324CD656BF | -1.3938659765e-03
2025-12-08T12:22:50.272914 | 50054 | 936DFEF0B0C95940 | 1.0315142464e+02
2025-12-08T12:22:50.273374 | 50053 | 5880A957A9035B40 | 1.0805721084e+02
2025-12-08T12:22:50.273786 | 50056 | C8AD6CDF9E2C5EBF | -1.8416930668e-03
2025-12-08T12:22:50.274734 | 50055 | C84257F312EF4ABF | -8.2195687599e-04
2025-12-08T12:22:50.371271 | 50054 | 8783B390B4055B40 | 1.0808914583e+02
2025-12-08T12:22:50.372114 | 50055 | D0226B6A531B023F | 3.4535868783e-05
2025-12-08T12:22:50.372146 | 50053 | 2E77CE51496B5A40 | 1.0567635007e+02
2025-12-08T12:22:50.372260 | 50056 | 0FA42FF7B91453BF | -1.1646095343e-03
2025-12-08T12:22:50.472587 | 50055 | 2160225796F35ABF | -1.6449897926e-03
2025-12-08T12:22:50.472743 | 50053 | 4DA5B2605EF25940 | 1.0378701036e+02
2025-12-08T12:22:50.474231 | 50056 | 86158A1616AE57BF | -1.4453139976e-03
2025-12-08T12:22:50.474695 | 50054 | F738EE54C18A5A40 | 1.0616805003e+02
2025-12-08T12:22:50.571816 | 50055 | D0B615DE5C6718BF | -9.3092959579e-05
2025-12-08T12:22:50.572431 | 50054 | 36DB359296675A40 | 1.0561856513e+02
2025-12-08T12:22:50.572766 | 50056 | D4042EAA077157BF | -1.4307570316e-03
2025-12-08T12:22:50.572921 | 50053 | 6872008D41F65940 | 1.0384775090e+02
2025-12-08T12:22:50.677141 | 50053 | 413E8197A9AA5940 | 1.0266660106e+02
2025-12-08T12:22:50.677177 | 50055 | F64B18E5A54D30BF | -2.4876880806e-04
2025-12-08T12:22:50.677326 | 50056 | E0B8C11727DD16BF | -8.7218771968e-05
2025-12-08T12:22:50.677415 | 50054 | FFA7DA8694685A40 | 1.0563406535e+02
2025-12-08T12:22:50.773319 | 50053 | 9BFA52FE1F725940 | 1.0178320273e+02
2025-12-08T12:22:50.773684 | 50055 | D89E6960CECA4EBF | -9.3970372184e-04
2025-12-08T12:22:50.773746 | 50054 | 14B9492022B25840 | 9.8783332893e+01
2025-12-08T12:22:50.774243 | 50056 | 6A4009B91F8F55BF | -1.3158616822e-03
2025-12-08T12:22:50.873888 | 50055 | 80330FCA5CAE283F | 1.8830187494e-04
2025-12-08T12:22:50.874150 | 50056 | B134BA0E186556BF | -1.3668761193e-03
2025-12-08T12:22:50.875330 | 50053 | 4F60BB9BD50F5940 | 1.0024741262e+02
2025-12-08T12:22:50.875393 | 50054 | 4E601A63E69D5940 | 1.0246718671e+02
2025-12-08T12:22:50.974321 | 50054 | AB69A4E91B445940 | 1.0106420365e+02
2025-12-08T12:22:50.974889 | 50055 | D0FFA24501932ABF | -2.0274534729e-04
2025-12-08T12:22:50.975231 | 50056 | 3A2BDC3DA8F443BF | -6.0899939464e-04
2025-12-08T12:22:50.975515 | 50053 | 033BE47C141E5940 | 1.0047000048e+02
2025-12-08T12:22:51.076238 | 50053 | CD45A4DA2DB25940 | 1.0278404871e+02
2025-12-08T12:22:51.076306 | 50056 | 292D1116B88E43BF | -5.9684742531e-04
2025-12-08T12:22:51.076438 | 50055 | 90A085A039BD11BF | -6.7669527316e-05
2025-12-08T12:22:51.078040 | 50054 | BB1F65C4AD925A40 | 1.0629185591e+02
2025-12-08T12:22:51.175864 | 50055 | 84EA63D13DD04FBF | -9.7086924032e-04
2025-12-08T12:22:51.176033 | 50056 | 980A980EDDC21DBF | -1.1352991319e-04
2025-12-08T12:22:51.176132 | 50054 | E2EABA8027265940 | 1.0059616106e+02
2025-12-08T12:22:51.176154 | 50053 | 65D22389A1505B40 | 1.0925985936e+02
2025-12-08T12:22:51.277707 | 50054 | 0574125776385A40 | 1.0488222291e+02
2025-12-08T12:22:51.280991 | 50053 | 5E221CEAFDAA5940 | 1.0267174771e+02
2025-12-08T12:22:51.281495 | 50055 | 6084D4AAC5BD5ABF | -1.6321592660e-03
2025-12-08T12:22:51.283290 | 50056 | 44BDB0569F1A29BF | -1.9152827312e-04
2025-12-08T12:22:51.382403 | 50056 | A8E855ACBB9C21BF | -1.3437071736e-04
2025-12-08T12:22:51.382866 | 50053 | 7012033C33025B40 | 1.0803437710e+02
2025-12-08T12:22:51.383021 | 50055 | B6175B87F7A854BF | -1.2609879754e-03
2025-12-08T12:22:51.383404 | 50054 | 15CC7F37F79A5940 | 1.0242133892e+02
2025-12-08T12:22:51.479803 | 50055 | 852BA230E34346BF | -6.7947953473e-04
2025-12-08T12:22:51.479884 | 50056 | E26A61B761AC3CBF | -4.3752084401e-04
2025-12-08T12:22:51.480408 | 50054 | B36AC0C331CC5A40 | 1.0719053739e+02
2025-12-08T12:22:51.480663 | 50053 | A40CED63E81B5A40 | 1.0443605898e+02
2025-12-08T12:22:51.580000 | 50056 | E4FC6EF4397B4CBF | -8.6918191743e-04
2025-12-08T12:22:51.580052 | 50053 | A0F33E3431795B40 | 1.0989362818e+02
2025-12-08T12:22:51.580696 | 50054 | 1AF2F221E6C95A40 | 1.0715467118e+02
2025-12-08T12:22:51.580794 | 50055 | 703F81D16EB947BF | -7.2400961927e-04
2025-12-08T12:22:51.681013 | 50055 | 303E9B2CF53E5CBF | -1.7239946632e-03
2025-12-08T12:22:51.681158 | 50054 | ABEDEDC3FB2D5A40 | 1.0471849154e+02
2025-12-08T12:22:51.681267 | 50056 | 687B91F8B3B31A3F | 1.0185991245e-04
2025-12-08T12:22:51.681635 | 50053 | 1A1CC7FE946B5A40 | 1.0568096895e+02
2025-12-08T12:22:51.782479 | 50056 | E08DE34FBD4C17BF | -8.8881544773e-05
2025-12-08T12:22:51.782544 | 50053 | B06CC669DC3A5940 | 1.0091970295e+02
2025-12-08T12:22:51.782917 | 50055 | A8F73260F4E65ABF | -1.6419779284e-03
2025-12-08T12:22:51.783497 | 50054 | 3656445A7AC25940 | 1.0303871781e+02
2025-12-08T12:22:51.881432 | 50053 | D37C13F77D345B40 | 1.0882018830e+02
2025-12-08T12:22:51.881651 | 50056 | 000B2CAA93EA57BF | -1.4597360648e-03
2025-12-08T12:22:51.882657 | 50055 | 5EAC1147746D5BBF | -1.6740451358e-03
2025-12-08T12:22:51.883786 | 50054 | 0417EA10B3D95A40 | 1.0740155433e+02
2025-12-08T12:22:51.982510 | 50054 | D00D6041B1135940 | 1.0030769381e+02
2025-12-08T12:22:51.982763 | 50053 | 5A2E4DD21C445940 | 1.0106425912e+02
2025-12-08T12:22:51.982937 | 50056 | F5CBF8B80A0A54BF | -1.2230972969e-03
2025-12-08T12:22:51.983528 | 50055 | DAA16440FAB05BBF | -1.6901439536e-03
2025-12-08T12:22:52.082739 | 50055 | 9F07DE5EF05A4DBF | -8.9585053296e-04
2025-12-08T12:22:52.082899 | 50053 | E56BA73641F35940 | 1.0380085532e+02
2025-12-08T12:22:52.083066 | 50056 | 3E3F5D296D123ABF | -3.9782681539e-04
2025-12-08T12:22:52.086073 | 50054 | 7DE2DC0193BB5840 | 9.8930847612e+01
2025-12-08T12:22:52.184390 | 50055 | 50F8C22E382A1FBF | -1.1888473427e-04
2025-12-08T12:22:52.184522 | 50053 | F9392B87B5825940 | 1.0204232959e+02
2025-12-08T12:22:52.185016 | 50054 | CAF8B56F26AD5940 | 1.0270547097e+02
2025-12-08T12:22:52.185314 | 50056 | 00522523D87516BF | -8.5679356549e-05
2025-12-08T12:22:52.284406 | 50056 | 3A72EE9DF46A50BF | -1.0020626866e-03
2025-12-08T12:22:52.284530 | 50055 | 86951B75A5134BBF | -8.2631663301e-04
2025-12-08T12:22:52.285477 | 50053 | F20976B60A715B40 | 1.0976627885e+02
2025-12-08T12:22:52.285746 | 50054 | 38F7146A050B5A40 | 1.0417220547e+02
2025-12-08T12:22:52.385503 | 50053 | 705BA83A917E5940 | 1.0197761408e+02
2025-12-08T12:22:52.385797 | 50054 | D22AF6643F1C5940 | 1.0044136929e+02
2025-12-08T12:22:52.387961 | 50055 | 0420A3B6292357BF | -1.4121920927e-03
2025-12-08T12:22:52.390270 | 50056 | 2DD2255F2E6650BF | -1.0009243821e-03
2025-12-08T12:22:52.485161 | 50056 | 856BAF8E35E53CBF | -4.4090802720e-04
2025-12-08T12:22:52.485239 | 50054 | 90BD77F7BAC25840 | 9.9042661540e+01
2025-12-08T12:22:52.485286 | 50053 | D886E2A1364A5940 | 1.0115958449e+02
2025-12-08T12:22:52.485621 | 50055 | 5AF0F3DC4FE45ABF | -1.6413478768e-03
2025-12-08T12:22:52.586152 | 50055 | 664074CF31B74CBF | -8.7633068225e-04
2025-12-08T12:22:52.586230 | 50054 | 41E4795953505A40 | 1.0525508725e+02
2025-12-08T12:22:52.586818 | 50056 | A048907381435DBF | -1.7861141371e-03
2025-12-08T12:22:52.587104 | 50053 | 8EE273975D505940 | 1.0125571238e+02
2025-12-08T12:22:52.686705 | 50056 | AAB0885CD53D31BF | -2.6308497448e-04
2025-12-08T12:22:52.686930 | 50053 | D1492138A7DB5A40 | 1.0743208125e+02
2025-12-08T12:22:52.687164 | 50054 | 04CCA778769D5840 | 9.8460355915e+01
2025-12-08T12:22:52.687704 | 50055 | 9049F1AF839B5FBF | -1.9291673668e-03
2025-12-08T12:22:52.787213 | 50055 | 866C35E5620A32BF | -2.7527727544e-04
2025-12-08T12:22:52.787255 | 50053 | 8735A53678A05940 | 1.0250733725e+02
2025-12-08T12:22:52.787344 | 50056 | E645A794F11034BF | -3.0618570295e-04
2025-12-08T12:22:52.787392 | 50054 | 3B23CB073F8E5940 | 1.0222259707e+02
2025-12-08T12:22:52.887972 | 50053 | 9100821660005A40 | 1.0400586474e+02
2025-12-08T12:22:52.889129 | 50056 | B9FF08E3EEC23EBF | -4.6938259314e-04
2025-12-08T12:22:52.889592 | 50054 | 7021C647E65D5940 | 1.0146718020e+02
2025-12-08T12:22:52.890979 | 50055 | E6A9022773E545BF | -6.6822168994e-04
2025-12-08T12:22:52.989184 | 50053 | 224998FD3D475940 | 1.0111315861e+02
2025-12-08T12:22:52.989320 | 50055 | DF2AA85498F15BBF | -1.7055499653e-03
2025-12-08T12:22:52.989656 | 50056 | D73E1303CE5F56BF | -1.3656150662e-03
2025-12-08T12:22:52.990198 | 50054 | 7B6ED15582875A40 | 1.0611733003e+02
2025-12-08T12:22:53.088857 | 50054 | 2805977FCDF85840 | 9.9887542627e+01
2025-12-08T12:22:53.089522 | 50056 | DE503775AA7432BF | -2.8161202974e-04
2025-12-08T12:22:53.089621 | 50053 | 37153B5571315940 | 1.0077254229e+02
2025-12-08T12:22:53.089965 | 50055 | 84EB78DB19A532BF | -2.8449898989e-04
2025-12-08T12:22:53.189574 | 50055 | DEF849793A7245BF | -6.5448622861e-04
2025-12-08T12:22:53.189801 | 50053 | 4C3755F94D105A40 | 1.0425475915e+02
2025-12-08T12:22:53.190142 | 50054 | F636B6DE247F5940 | 1.0198662536e+02
2025-12-08T12:22:53.190510 | 50056 | 80DC7467F63BDABE | -6.2547275015e-06
2025-12-08T12:22:53.289734 | 50053 | AEEAE76084085A40 | 1.0413307974e+02
2025-12-08T12:22:53.289798 | 50054 | 54BC25A32F5F5840 | 9.7487282550e+01
2025-12-08T12:22:53.292938 | 50055 | 36DB8854273D47BF | -7.0919437810e-04
2025-12-08T12:22:53.295440 | 50056 | 2CF5CC5E937B5ABF | -1.6163767970e-03
2025-12-08T12:22:53.391953 | 50054 | 50D4F1DF24055A40 | 1.0408037566e+02
2025-12-08T12:22:53.392746 | 50055 | 10841205795F4ABF | -8.0483826800e-04
2025-12-08T12:22:53.393071 | 50056 | 00DC4264D77E06BF | -4.2906711799e-05
2025-12-08T12:22:53.393551 | 50053 | A1BA5E27B2E75940 | 1.0362024864e+02
2025-12-08T12:22:53.491890 | 50053 | A3E847E246EF5A40 | 1.0773870141e+02
2025-12-08T12:22:53.494157 | 50054 | DFE1C009A08A5840 | 9.8166017950e+01
2025-12-08T12:22:53.495261 | 50055 | 2230888D190C3CBF | -4.2796729898e-04
2025-12-08T12:22:53.496390 | 50056 | 48B5EE5DE9811B3F | 1.0493265971e-04
2025-12-08T12:22:53.592214 | 50054 | 5BFF155D049E5840 | 9.8469016334e+01
2025-12-08T12:22:53.592622 | 50056 | 36A063B7DA6455BF | -1.3057838346e-03
2025-12-08T12:22:53.593198 | 50053 | DD718F2310C75940 | 1.0311036004e+02
2025-12-08T12:22:53.593365 | 50055 | 76A376E8030D48BF | -7.3397341560e-04
2025-12-08T12:22:53.692314 | 50056 | 3C6692099B8C46BF | -6.8814821420e-04
2025-12-08T12:22:53.692816 | 50055 | BF855121231549BF | -7.6545920696e-04
2025-12-08T12:22:53.693237 | 50054 | 3684991DC12E5940 | 1.0073053684e+02
2025-12-08T12:22:53.693330 | 50053 | D0F30282EC0D5940 | 1.0021756029e+02
2025-12-08T12:22:53.792921 | 50055 | 46943E4C30A258BF | -1.5035125407e-03
2025-12-08T12:22:53.793238 | 50053 | 552845C4895B5A40 | 1.0543028361e+02
2025-12-08T12:22:53.793322 | 50054 | AB872F59C5F75840 | 9.9871420189e+01
2025-12-08T12:22:53.794106 | 50056 | 87979B700CF752BF | -1.1575337871e-03
2025-12-08T12:22:53.893374 | 50056 | B23574555AEF303F | 2.5840716758e-04
2025-12-08T12:22:53.893461 | 50054 | 9C7A80C9E2FE5840 | 9.9982591987e+01
2025-12-08T12:22:53.894508 | 50055 | 6A13337FB49150BF | -1.0113012948e-03
2025-12-08T12:22:53.894792 | 50053 | 5AD217BA9A2A5B40 | 1.0866569378e+02
2025-12-08T12:22:53.994933 | 50056 | 8A6DBE5BFBCA5ABF | -1.6353087112e-03
2025-12-08T12:22:53.995653 | 50055 | E10AA41C659A50BF | -1.0133731290e-03
2025-12-08T12:22:53.995905 | 50054 | 3803C67114B65940 | 1.0284499783e+02
2025-12-08T12:22:53.998722 | 50053 | FE573542BA195940 | 1.0040199332e+02
2025-12-08T12:22:54.095060 | 50055 | 8517D3EE537F54BF | -1.2510604532e-03
2025-12-08T12:22:54.095124 | 50054 | 8E28A169CEB35940 | 1.0280947343e+02
2025-12-08T12:22:54.095522 | 50056 | E26EAFB8B4874DBF | -9.0118717469e-04
2025-12-08T12:22:54.095855 | 50053 | 7251447E6AD65940 | 1.0335024983e+02
2025-12-08T12:22:54.195923 | 50054 | 7D6A42000FCD5940 | 1.0320404059e+02
2025-12-08T12:22:54.195977 | 50055 | 1A16D0C3017B37BF | -3.5828393067e-04
2025-12-08T12:22:54.196281 | 50056 | 919CFAC7A3AB53BF | -1.2005900789e-03
2025-12-08T12:22:54.197050 | 50053 | 62D03C2E234B5940 | 1.0117402225e+02
2025-12-08T12:22:54.295734 | 50053 | 5AA90E1EC0695B40 | 1.0965235092e+02
2025-12-08T12:22:54.296000 | 50055 | A91D0C7F60DF58BF | -1.5181009623e-03
2025-12-08T12:22:54.296054 | 50056 | ED6F8107E2CD40BF | -5.1282440746e-04
2025-12-08T12:22:54.296884 | 50054 | 6AD2883E45BE5840 | 9.8972976335e+01
2025-12-08T12:22:54.396681 | 50053 | C08B49D373525B40 | 1.0928831942e+02
2025-12-08T12:22:54.396770 | 50056 | 11EC555198525ABF | -1.6066062429e-03
2025-12-08T12:22:54.396807 | 50055 | CC36C920EE9941BF | -5.3714873645e-04
2025-12-08T12:22:54.397292 | 50054 | 38356380C3045940 | 1.0007443247e+02
2025-12-08T12:22:54.499318 | 50056 | F83681584EB91A3F | 1.0194340405e-04
2025-12-08T12:22:54.499406 | 50055 | 7C0E2AC2AF7633BF | -2.9699126223e-04
2025-12-08T12:22:54.500113 | 50053 | BBCCB5248A6A5B40 | 1.0966468160e+02
2025-12-08T12:22:54.500182 | 50054 | DC541EE0868A5840 | 9.8164482145e+01
2025-12-08T12:22:54.598125 | 50056 | 6248726ED3C14DBF | -9.0811561394e-04
2025-12-08T12:22:54.598241 | 50053 | 3869F301A37A5A40 | 1.0591619920e+02
2025-12-08T12:22:54.600319 | 50054 | B1D981C90FF55840 | 9.9829088570e+01
2025-12-08T12:22:54.600459 | 50055 | 4A8F348AD5B25CBF | -1.7516217566e-03
2025-12-08T12:22:54.700077 | 50055 | 44669C57817F2BBF | -2.0979360470e-04
2025-12-08T12:22:54.700390 | 50053 | B530264E516A5940 | 1.0166121248e+02
2025-12-08T12:22:54.700723 | 50056 | ACAB0DF531D559BF | -1.5767085899e-03
2025-12-08T12:22:54.700933 | 50054 | D6F9E46B6DA85840 | 9.8631678556e+01
2025-12-08T12:22:54.799715 | 50056 | 16EA6CDCEC5C24BF | -1.5535727854e-04
2025-12-08T12:22:54.799963 | 50055 | EF04E8CFECFF47BF | -7.3241293995e-04
2025-12-08T12:22:54.800055 | 50053 | 88B53AB1D4B35A40 | 1.0680985671e+02
2025-12-08T12:22:54.800881 | 50054 | 5739970F81525840 | 9.7289127252e+01
2025-12-08T12:22:54.900615 | 50053 | 7FAD882FEA025A40 | 1.0404554356e+02
2025-12-08T12:22:54.901294 | 50054 | DECF340723665840 | 9.7595887949e+01
2025-12-08T12:22:54.901462 | 50055 | 5D80A8C824A350BF | -1.0154589860e-03
2025-12-08T12:22:54.901496 | 50056 | FE6A2B7E76AF2ABF | -2.0359345861e-04
2025-12-08T12:22:55.002878 | 50054 | F5338D387A415A40 | 1.0502308477e+02
2025-12-08T12:22:55.003238 | 50053 | 0DB0DC1293375940 | 1.0086835167e+02
2025-12-08T12:22:55.003310 | 50056 | DE8A70E32AB456BF | -1.3857287247e-03
2025-12-08T12:22:55.004592 | 50055 | E0DAD9FA016E57BF | -1.4300364814e-03
2025-12-08T12:22:55.103380 | 50056 | 3CE30FAE5F9A4BBF | -8.4237739441e-04
2025-12-08T12:22:55.103417 | 50055 | CDB1716527AF5BBF | -1.6897091607e-03
2025-12-08T12:22:55.103438 | 50054 | 7F0C8754A6E75840 | 9.9619526989e+01
2025-12-08T12:22:55.105820 | 50053 | 127AA68CC6625A40 | 1.0554336849e+02
2025-12-08T12:22:55.202623 | 50054 | 3292C3D209655940 | 1.0157872457e+02
2025-12-08T12:22:55.202934 | 50055 | B24CDB3C3DFC40BF | -5.1835050700e-04
2025-12-08T12:22:55.203201 | 50056 | 7A1FA83568D5363F | 3.4841341190e-04
2025-12-08T12:22:55.203386 | 50053 | AC26652C94795940 | 1.0189966879e+02
2025-12-08T12:22:55.302373 | 50056 | BCB0B567A02139BF | -3.8347402707e-04
2025-12-08T12:22:55.302526 | 50054 | 77CDC9D78C8C5A40 | 1.0619609637e+02
2025-12-08T12:22:55.302585 | 50053 | 29616F009B405940 | 1.0100946055e+02
2025-12-08T12:22:55.303059 | 50055 | 68C5AE4198EC11BF | -6.8375390056e-05
2025-12-08T12:22:55.402482 | 50053 | 0D006B7926545940 | 1.0131484828e+02
2025-12-08T12:22:55.402540 | 50054 | E0A838F9435E5940 | 1.0147289877e+02
2025-12-08T12:22:55.403026 | 50056 | F82123D7E39243BF | -5.9734463709e-04
2025-12-08T12:22:55.403084 | 50055 | 7C89ECF2AA7B34BF | -3.1254695470e-04
2025-12-08T12:22:55.503142 | 50053 | 00E2A3D792435B40 | 1.0905583755e+02
2025-12-08T12:22:55.503267 | 50056 | 8412B0C397CD3EBF | -4.7001795946e-04
2025-12-08T12:22:55.503216 | 50055 | E00F5BEA5AA05EBF | -1.8692863318e-03
2025-12-08T12:22:55.503722 | 50054 | F21026FE79725940 | 1.0178869585e+02
2025-12-08T12:22:55.604374 | 50053 | 797E717AA91A5940 | 1.0041659413e+02
2025-12-08T12:22:55.604512 | 50055 | 48B0F89DFB1857BF | -1.4097649763e-03
2025-12-08T12:22:55.604562 | 50056 | 0C6610C925D44CBF | -8.7978215209e-04
2025-12-08T12:22:55.605794 | 50054 | FC4831613B7D5840 | 9.7956749247e+01
2025-12-08T12:22:55.705030 | 50056 | DC44BB7132933E3F | 4.6653729963e-04
2025-12-08T12:22:55.708934 | 50053 | 027C6647C16F5A40 | 1.0574617181e+02
2025-12-08T12:22:55.709361 | 50055 | 98D2148246B440BF | -5.0977175503e-04
2025-12-08T12:22:55.709967 | 50054 | F254B3AACA915840 | 9.8277994800e+01
2025-12-08T12:22:55.806019 | 50056 | 581992B5DBD0153F | 8.3220872869e-05
2025-12-08T12:22:55.806096 | 50055 | 9A8E27426AB73FBF | -4.8395485115e-04
2025-12-08T12:22:55.806342 | 50053 | 6CD121B8637D5940 | 1.0195921138e+02
2025-12-08T12:22:55.806841 | 50054 | 512A87FD70B25940 | 1.0278814638e+02
2025-12-08T12:22:55.905800 | 50056 | 41855394FE1F3CBF | -4.2915311162e-04
2025-12-08T12:22:55.906097 | 50055 | 8681A0BF16CB45BF | -6.6507921952e-04
2025-12-08T12:22:55.906393 | 50053 | 4AB9370C53D75A40 | 1.0736444383e+02
2025-12-08T12:22:55.906629 | 50054 | F6FC934876645940 | 1.0156971945e+02
2025-12-08T12:22:56.006707 | 50056 | CC57A3F021F94FBF | -9.7574383951e-04
2025-12-08T12:22:56.006818 | 50054 | 449CA8602E055A40 | 1.0408095566e+02
2025-12-08T12:22:56.006975 | 50055 | 8CCEC1736B5E5ABF | -1.6094254816e-03
2025-12-08T12:22:56.007285 | 50053 | 34F9B8A4752C5940 | 1.0069468039e+02
2025-12-08T12:22:56.107176 | 50056 | 0459B0FD8F1324BF | -1.5317089751e-04
2025-12-08T12:22:56.107407 | 50054 | 0C5A7373DDD65940 | 1.0335726630e+02
2025-12-08T12:22:56.107879 | 50055 | CC262F6FF0D23ABF | -4.0930147150e-04
2025-12-08T12:22:56.108150 | 50053 | 7B26B9F24AFB5A40 | 1.0792644947e+02
2025-12-08T12:22:56.208922 | 50056 | F0EBD06025101B3F | 1.0323742045e-04
2025-12-08T12:22:56.209415 | 50055 | C791A28FA99F51BF | -1.0756641264e-03
2025-12-08T12:22:56.209606 | 50054 | F3B06B3908485A40 | 1.0512550197e+02
2025-12-08T12:22:56.212314 | 50053 | 79D95413F5215A40 | 1.0453058322e+02
2025-12-08T12:22:56.309342 | 50055 | 945E597F3B4F52BF | -1.1175232916e-03
2025-12-08T12:22:56.310475 | 50056 | 40A8968B300AEABE | -1.2416745778e-05
2025-12-08T12:22:56.310672 | 50053 | B23DD7BD2DF45840 | 9.9815291844e+01
2025-12-08T12:22:56.310714 | 50054 | 4279E47A440B5A40 | 1.0417605469e+02
2025-12-08T12:22:56.408870 | 50053 | 176D6AD4226C5A40 | 1.0568962584e+02
2025-12-08T12:22:56.408899 | 50055 | DA916995165655BF | -1.3022633117e-03
2025-12-08T12:22:56.409027 | 50056 | C16CA973C6D44EBF | -9.4089212446e-04
2025-12-08T12:22:56.409964 | 50054 | 96E745C4585F5A40 | 1.0548979289e+02
2025-12-08T12:22:56.509876 | 50055 | 10CA768C47605DBF | -1.7929743498e-03
2025-12-08T12:22:56.510122 | 50056 | BBCDDA11EAB73ABF | -4.0769066423e-04
2025-12-08T12:22:56.510808 | 50054 | 361B5F9BC16E5840 | 9.7730566829e+01
2025-12-08T12:22:56.511123 | 50053 | 802EF81F5B145B40 | 1.0831806182e+02
2025-12-08T12:22:56.609977 | 50053 | FFDEF38CB7A35A40 | 1.0655807804e+02
2025-12-08T12:22:56.610247 | 50056 | 1A54C1F0752853BF | -1.1693145525e-03
2025-12-08T12:22:56.610341 | 50054 | 146BBB57AC4C5940 | 1.0119801896e+02
2025-12-08T12:22:56.610829 | 50055 | C6EE4CAAF9B14BBF | -8.4519091306e-04
2025-12-08T12:22:56.710576 | 50054 | 36EC4B3D17685840 | 9.7626418423e+01
2025-12-08T12:22:56.711095 | 50055 | A572635FC96F54BF | -1.2473551301e-03
2025-12-08T12:22:56.711359 | 50056 | 402EC4CDFB5E243F | 1.5541862275e-04
2025-12-08T12:22:56.711438 | 50053 | 4F2AA179C2CD5940 | 1.0321499482e+02
2025-12-08T12:22:56.814198 | 50054 | 38EED8A7EC0C5940 | 1.0020194431e+02
2025-12-08T12:22:56.814314 | 50053 | 0C41D89C31895A40 | 1.0614365312e+02
2025-12-08T12:22:56.814414 | 50055 | A0EC5D0CE581003F | 3.1485369205e-05
2025-12-08T12:22:56.817180 | 50056 | B00527EB2819203F | 1.2282013411e-04
2025-12-08T12:22:56.911222 | 50055 | 110F20B0A5E350BF | -1.0308378264e-03
2025-12-08T12:22:56.911255 | 50056 | DC3C71BC81DD463F | 6.9779238482e-04
2025-12-08T12:22:56.912005 | 50054 | 388A062A47725840 | 9.7785593516e+01
2025-12-08T12:22:56.912399 | 50053 | 868101F5374F5B40 | 1.0923779035e+02
2025-12-08T12:22:57.011494 | 50056 | B526BB5D991150BF | -9.8075844919e-04
2025-12-08T12:22:57.011562 | 50055 | F421F79C738520BF | -1.2604748052e-04
2025-12-08T12:22:57.011685 | 50053 | AB08CEBDACA45A40 | 1.0657304330e+02
2025-12-08T12:22:57.011861 | 50054 | 18FD6EC22C765940 | 1.0184648190e+02
2025-12-08T12:22:57.112876 | 50056 | FE98488DDDE539BF | -3.9517077428e-04
2025-12-08T12:22:57.113421 | 50053 | EEDEB3EC09A15940 | 1.0251623075e+02
2025-12-08T12:22:57.113658 | 50055 | FE016F71D52633BF | -2.9223166478e-04
2025-12-08T12:22:57.114056 | 50054 | 4242577363545A40 | 1.0531856998e+02
2025-12-08T12:22:57.211991 | 50056 | 46D4534DE30F3E3F | 4.5871066443e-04
2025-12-08T12:22:57.212384 | 50053 | 699C6F0F57015A40 | 1.0402093874e+02
2025-12-08T12:22:57.212559 | 50055 | 26EA29D92B9E54BF | -1.2584140974e-03
2025-12-08T12:22:57.212615 | 50054 | 170E297CE1075A40 | 1.0412313751e+02
2025-12-08T12:22:57.313696 | 50055 | 94B273A45F635EBF | -1.8547472007e-03
2025-12-08T12:22:57.313809 | 50056 | CADD716360813B3F | 4.1969874605e-04
2025-12-08T12:22:57.313993 | 50053 | 971C6FE9795C5940 | 1.0144494091e+02
2025-12-08T12:22:57.315878 | 50054 | CCF7829A30455840 | 9.7081091526e+01
2025-12-08T12:22:57.414128 | 50053 | 88D817AF7DE65A40 | 1.0760142114e+02
2025-12-08T12:22:57.414224 | 50054 | EC242DCF44185940 | 1.0037919979e+02
2025-12-08T12:22:57.415902 | 50056 | A0DA018A01F30D3F | 5.7123646230e-05
2025-12-08T12:22:57.416402 | 50055 | 7E6E1C5A41CF53BF | -1.2090814784e-03
2025-12-08T12:22:57.515240 | 50055 | F0ED5BAEECCD0FBF | -6.0662064966e-05
2025-12-08T12:22:57.515451 | 50053 | ACFCDA7E90B15A40 | 1.0677444431e+02
2025-12-08T12:22:57.515651 | 50056 | 68C7A1C62868103F | 6.2587250484e-05
2025-12-08T12:22:57.516874 | 50054 | 2F3D7E9E52175840 | 9.6364417671e+01
2025-12-08T12:22:57.615922 | 50056 | 0093186D118243BF | -5.9533930670e-04
2025-12-08T12:22:57.615991 | 50054 | A6319B696B1B5A40 | 1.0442843094e+02
2025-12-08T12:22:57.616075 | 50055 | A0008BC7F22A24BF | -1.5386785141e-04
2025-12-08T12:22:57.617096 | 50053 | 2483FE308C605A40 | 1.0550855660e+02
2025-12-08T12:22:57.716208 | 50053 | 5BACFBF64B3D5940 | 1.0095776152e+02
2025-12-08T12:22:57.716373 | 50055 | 570A6E80F2995EBF | -1.8677585774e-03
2025-12-08T12:22:57.716588 | 50054 | FCACC97FF6F05940 | 1.0376504512e+02
2025-12-08T12:22:57.716795 | 50056 | 093D1C2F50CB213F | 1.3575891312e-04
2025-12-08T12:22:57.816618 | 50056 | 002F1C2BF3873E3F | 4.6586691597e-04
2025-12-08T12:22:57.816953 | 50054 | E653B81013F75840 | 9.9860538654e+01
2025-12-08T12:22:57.817006 | 50055 | DE89154B909157BF | -1.4385136713e-03
2025-12-08T12:22:57.817116 | 50053 | EDD68B5247525B40 | 1.0928560318e+02
2025-12-08T12:22:57.916334 | 50054 | 37F0B100E1195A40 | 1.0440435808e+02
2025-12-08T12:22:57.916632 | 50056 | AAAD3C64CDCC41BF | -5.4321316609e-04
2025-12-08T12:22:57.916681 | 50055 | CF9846B765C140BF | -5.1133600805e-04
2025-12-08T12:22:57.916786 | 50053 | D928E6BAA3BD5940 | 1.0296311829e+02
2025-12-08T12:22:58.019025 | 50053 | 8D8F94AA414E5B40 | 1.0922275795e+02
2025-12-08T12:22:58.019229 | 50056 | CAEDA4E19F0505BF | -4.0096227354e-05
2025-12-08T12:22:58.019706 | 50054 | 841D56CCE3385840 | 9.6888903698e+01
2025-12-08T12:22:58.019743 | 50055 | E31A99A370DE48BF | -7.5893878893e-04
2025-12-08T12:22:58.118498 | 50055 | E656F4891E285EBF | -1.8406198722e-03
2025-12-08T12:22:58.118821 | 50056 | 692BBEDAAED53FBF | -4.8575896175e-04
2025-12-08T12:22:58.118920 | 50054 | D20DC2BE8B085940 | 1.0013352937e+02
2025-12-08T12:22:58.118978 | 50053 | 1B9E49F743685940 | 1.0162914831e+02
2025-12-08T12:22:58.220639 | 50055 | E2AD20DC914F5BBF | -1.6669201291e-03
2025-12-08T12:22:58.221091 | 50053 | F31D2B12D18E5A40 | 1.0623151068e+02
2025-12-08T12:22:58.221239 | 50056 | 23BE59D6DB9F423F | 5.6837305301e-04
2025-12-08T12:22:58.221439 | 50054 | F68884DD4C6E5840 | 9.7723441486e+01
2025-12-08T12:22:58.319102 | 50053 | B7425EE19B145B40 | 1.0832201418e+02
2025-12-08T12:22:58.319753 | 50056 | BBE1C7C72C1250BF | -9.8089573942e-04
2025-12-08T12:22:58.319815 | 50054 | 88FF044CAEBA5940 | 1.0291688824e+02
2025-12-08T12:22:58.320141 | 50055 | DA8AD8DD7B8357BF | -1.4351567874e-03
2025-12-08T12:22:58.419946 | 50053 | D1A144462C055A40 | 1.0408082730e+02
2025-12-08T12:22:58.420165 | 50056 | 2374212554EC4ABF | -8.2162960667e-04
2025-12-08T12:22:58.420310 | 50054 | 889253F279165940 | 1.0035119303e+02
2025-12-08T12:22:58.420818 | 50055 | 90CD791B6DE534BF | -3.1885064843e-04
2025-12-08T12:22:58.525567 | 50056 | 0F08909BA0AD29BF | -1.9590936225e-04
2025-12-08T12:22:58.527176 | 50054 | 9836A7B64ECE5940 | 1.0322355429e+02
2025-12-08T12:22:58.527515 | 50053 | 228514D5E21B5940 | 1.0043571975e+02
2025-12-08T12:22:58.527619 | 50055 | 8A51AC432CC34EBF | -9.3879376741e-04
2025-12-08T12:22:58.623072 | 50054 | 91C765D1A0A45840 | 9.8572315549e+01
2025-12-08T12:22:58.623198 | 50053 | 556A00F3EDD05A40 | 1.0726452327e+02
2025-12-08T12:22:58.623284 | 50056 | CD490C95C51233BF | -2.9103587899e-04
2025-12-08T12:22:58.623875 | 50055 | 9FC6BCD5086F57BF | -1.4302812842e-03
2025-12-08T12:22:58.721073 | 50054 | A39CD62BE3FA5840 | 9.9920115432e+01
2025-12-08T12:22:58.721638 | 50055 | 00E8CFEDAB4A95BE | -3.1727084410e-07
2025-12-08T12:22:58.721843 | 50053 | 2E82421BB9F45940 | 1.0382379800e+02
2025-12-08T12:22:58.721920 | 50056 | CE0F3D7449BE2BBF | -2.1166464478e-04
2025-12-08T12:22:58.822680 | 50056 | EECC7FE7C7DC443F | 6.3667069389e-04
2025-12-08T12:22:58.823287 | 50053 | 18A84862EF5A5A40 | 1.0542086084e+02
2025-12-08T12:22:58.823366 | 50055 | 4161AA91D2A149BF | -7.8223020258e-04
2025-12-08T12:22:58.823555 | 50054 | F18C746B16925840 | 9.8282618393e+01
2025-12-08T12:22:58.922446 | 50055 | 54E0F614219856BF | -1.3790438714e-03
2025-12-08T12:22:58.922569 | 50053 | 588FD146ACAF5A40 | 1.0674488993e+02
2025-12-08T12:22:58.923296 | 50056 | 9B79ECE52068443F | 6.2276464800e-04
2025-12-08T12:22:58.923741 | 50054 | E4F09F65268A5840 | 9.8158593565e+01
2025-12-08T12:22:59.022916 | 50053 | 32D2F45E5BE45840 | 9.9568076839e+01
2025-12-08T12:22:59.023038 | 50054 | 371EB40CBBC25740 | 9.5042666603e+01
2025-12-08T12:22:59.023230 | 50055 | 841AFF5B97B252BF | -1.1412122840e-03
2025-12-08T12:22:59.024480 | 50056 | 5033DCAF7A1D2FBF | -2.3738978046e-04
2025-12-08T12:22:59.123765 | 50055 | 97BA00BB876B4ABF | -8.0627562966e-04
2025-12-08T12:22:59.127625 | 50054 | 39FB9B2083CC5740 | 9.5195503380e+01
2025-12-08T12:22:59.127668 | 50056 | 3E7FB08EA5F84D3F | 9.1465076310e-04
2025-12-08T12:22:59.128054 | 50053 | 79C5DC1143295940 | 1.0064471861e+02
2025-12-08T12:22:59.226994 | 50055 | 70C35855ECBD5CBF | -1.7542655891e-03
2025-12-08T12:22:59.227230 | 50056 | 2156617A091D46BF | -6.7484820171e-04
2025-12-08T12:22:59.227345 | 50053 | 15CE913C307B5940 | 1.0192481913e+02
2025-12-08T12:22:59.227984 | 50054 | 7FC1F8BBFFB75740 | 9.4874983781e+01
2025-12-08T12:22:59.326976 | 50056 | AF86A717BC60513F | 1.0606610145e-03
2025-12-08T12:22:59.327112 | 50053 | 13B2C19264AD5A40 | 1.0670926351e+02
2025-12-08T12:22:59.327191 | 50055 | CC9C6214933232BF | -2.7767268001e-04
2025-12-08T12:22:59.327709 | 50054 | 786EE539C7D05940 | 1.0326215980e+02
2025-12-08T12:22:59.426531 | 50054 | D7D89573D5C45940 | 1.0307552805e+02
2025-12-08T12:22:59.426749 | 50055 | 1CAE01FF028A59BF | -1.5587834605e-03
2025-12-08T12:22:59.427017 | 50056 | 50F18B87253542BF | -5.5565197462e-04
2025-12-08T12:22:59.427197 | 50053 | 1E4D4F4670625940 | 1.0153810270e+02
2025-12-08T12:22:59.527032 | 50054 | 48F0FE655F225940 | 1.0053707266e+02
2025-12-08T12:22:59.527443 | 50053 | DF67AD16E3405940 | 1.0101386039e+02
2025-12-08T12:22:59.528057 | 50056 | 6A2B2ADED54B463F | 6.8042700544e-04
2025-12-08T12:22:59.528744 | 50055 | E5C2FCA3F60F45BF | -6.4277213094e-04
2025-12-08T12:22:59.627017 | 50054 | 6969B7B43F795940 | 1.0189451330e+02
2025-12-08T12:22:59.627124 | 50055 | 97E7173CDE9D34BF | -3.1458545354e-04
2025-12-08T12:22:59.627354 | 50056 | C0265CAAFF94103F | 6.3255409796e-05
2025-12-08T12:22:59.628389 | 50053 | 19ADDD9CFB895940 | 1.0215598222e+02
2025-12-08T12:22:59.729115 | 50055 | 02282F929FC958BF | -1.5129144965e-03
2025-12-08T12:22:59.729210 | 50054 | 98A50EFAC6305940 | 1.0076214458e+02
2025-12-08T12:22:59.729394 | 50053 | 13B92361F5A25940 | 1.0254622677e+02
2025-12-08T12:22:59.729536 | 50056 | B5ED257556C84F3F | 9.6992703975e-04
2025-12-08T12:22:59.829423 | 50054 | AD6AE7FBF4B25740 | 9.4796202637e+01
2025-12-08T12:22:59.829603 | 50053 | 3FD624E593A55940 | 1.0258715180e+02
2025-12-08T12:22:59.829681 | 50056 | D7577ED1280D43BF | -5.8140271266e-04
2025-12-08T12:22:59.830168 | 50055 | 285CE5E496F353BF | -1.2177442146e-03
2025-12-08T12:22:59.929355 | 50055 | C6AFBF056CA051BF | -1.0758452327e-03
2025-12-08T12:22:59.929661 | 50056 | E1DFF988D45C49BF | -7.7400567711e-04
2025-12-08T12:22:59.929725 | 50054 | D42D546B4A285940 | 1.0062954219e+02
2025-12-08T12:22:59.929888 | 50053 | F7328FBA9A855940 | 1.0208756889e+02
2025-12-08T12:23:00.030660 | 50056 | 36425FFEDCFD2FBF | -2.4407694508e-04
2025-12-08T12:23:00.031222 | 50053 | 39A237535F7E5A40 | 1.0597456818e+02
2025-12-08T12:23:00.031694 | 50055 | 72B4CA41EAF754BF | -1.2798106829e-03
2025-12-08T12:23:00.031833 | 50054 | 0D43D678F0C65940 | 1.0310842725e+02
2025-12-08T12:23:00.130493 | 50054 | F4B370CAB33A5840 | 9.6917223558e+01
2025-12-08T12:23:00.130753 | 50053 | 2B0BF63F3DB95940 | 1.0289436339e+02
2025-12-08T12:23:00.130893 | 50055 | D44DA03EAEE035BF | -3.3382658023e-04
2025-12-08T12:23:00.131248 | 50056 | FBE5B23A3CEA323F | 2.8861971323e-04
2025-12-08T12:23:00.232497 | 50054 | B42A5408BCA25940 | 1.0254272660e+02
2025-12-08T12:23:00.234870 | 50055 | CAA47CE956E143BF | -6.0669654610e-04
2025-12-08T12:23:00.236140 | 50053 | 327A1412DF145A40 | 1.0432611515e+02
2025-12-08T12:23:00.236625 | 50056 | 28E30F72F68E453F | 6.5791161990e-04
2025-12-08T12:23:00.332651 | 50055 | E3D23A4841DF3DBF | -4.5581191828e-04
2025-12-08T12:23:00.332879 | 50053 | 9A9F2FF5885C5940 | 1.0144585924e+02
2025-12-08T12:23:00.333450 | 50056 | FEDC573EFB913EBF | -4.6646484256e-04
2025-12-08T12:23:00.333501 | 50054 | 47089FB4CE425840 | 9.7043866306e+01
2025-12-08T12:23:00.433724 | 50054 | 0DE57685A58E5940 | 1.0222885262e+02
2025-12-08T12:23:00.433947 | 50053 | 9550FCAF00DE5940 | 1.0346879196e+02
2025-12-08T12:23:00.434510 | 50055 | 833E1996EB2852BF | -1.1083889625e-03
2025-12-08T12:23:00.434569 | 50056 | B6130148DFDC353F | 3.3359957888e-04
2025-12-08T12:23:00.533331 | 50053 | 8D2B9C959B855A40 | 1.0608762112e+02
2025-12-08T12:23:00.533427 | 50054 | DD2E9B3527255840 | 9.6580518152e+01
2025-12-08T12:23:00.534168 | 50055 | 3408E76CA05E2ABF | -2.0118435209e-04
2025-12-08T12:23:00.534234 | 50056 | 4ED67F8B71E7403F | 5.1587146936e-04
2025-12-08T12:23:00.634356 | 50053 | 449122EAB9035940 | 1.0005822233e+02
2025-12-08T12:23:00.634592 | 50054 | 8A4245F2414E5840 | 9.7222775047e+01
2025-12-08T12:23:00.635129 | 50055 | 8E68AE6342B149BF | -7.8407041234e-04
2025-12-08T12:23:00.635199 | 50056 | D40AC9BD577130BF | -2.5089637873e-04
2025-12-08T12:23:00.738190 | 50056 | A84BB60AF60A4E3F | 9.1683400881e-04
2025-12-08T12:23:00.739400 | 50055 | 78D27AAEB4031D3F | 1.1068144124e-04
2025-12-08T12:23:00.739591 | 50054 | DF844A75F0855940 | 1.0209280140e+02
2025-12-08T12:23:00.740026 | 50053 | D4258EDC0C315940 | 1.0076641001e+02
2025-12-08T12:23:00.836776 | 50055 | FE2A52F56ECF3ABF | -4.0909251158e-04
2025-12-08T12:23:00.836921 | 50056 | B82ABFDF15112CBF | -2.1413223283e-04
2025-12-08T12:23:00.837128 | 50053 | 09E55DB1863D5940 | 1.0096134600e+02
2025-12-08T12:23:00.837484 | 50054 | AACC61F7873E5940 | 1.0097704873e+02
2025-12-08T12:23:00.936589 | 50055 | F4DD0F64EFEF4DBF | -9.1361226089e-04
2025-12-08T12:23:00.937636 | 50054 | 763BF86485675840 | 9.7617516749e+01
2025-12-08T12:23:00.937792 | 50056 | B9630715C7B4523F | 1.1417335664e-03
2025-12-08T12:23:00.937928 | 50053 | CC54198AEB9D5940 | 1.0246750119e+02
2025-12-08T12:23:01.037128 | 50054 | EC2F624035DD5840 | 9.9456375214e+01
2025-12-08T12:23:01.037445 | 50056 | 397BD301BF684C3F | 8.6697889824e-04
2025-12-08T12:23:01.037744 | 50053 | C956D6F9CC725A40 | 1.0579376074e+02
2025-12-08T12:23:01.038111 | 50055 | 74AB5503EFDA47BF | -7.2800322111e-04
2025-12-08T12:23:01.137425 | 50054 | 0911C1576C335840 | 9.6803487719e+01
2025-12-08T12:23:01.138008 | 50053 | EA6EEFBF87725940 | 1.0178953551e+02
2025-12-08T12:23:01.138075 | 50056 | 3C3775BE84A14E3F | 9.3478185310e-04
2025-12-08T12:23:01.138483 | 50055 | 3B8D854696FC45BF | -6.7097985906e-04
2025-12-08T12:23:01.239024 | 50053 | 30EC4D9154CB5840 | 9.9177036596e+01
2025-12-08T12:23:01.241424 | 50056 | D2711B21CC4B44BF | -6.1938731434e-04
2025-12-08T12:23:01.241732 | 50054 | F8B479A96C965940 | 1.0235038220e+02
2025-12-08T12:23:01.241847 | 50055 | C041BCFB785C50BF | -9.9860968379e-04
2025-12-08T12:23:01.343545 | 50053 | 504A9090E1CD5A40 | 1.0721689238e+02
2025-12-08T12:23:01.343644 | 50055 | C0C9839A0925E8BE | -1.1513079543e-05
2025-12-08T12:23:01.344362 | 50056 | FF849AC0B165513F | 1.0618434775e-03
2025-12-08T12:23:01.344449 | 50054 | 5F0BE364003B5940 | 1.0092189905e+02
2025-12-08T12:23:01.438741 | 50053 | 6CD328E7EE995A40 | 1.0640520648e+02
2025-12-08T12:23:01.438888 | 50056 | D57BC6E357E33EBF | -4.7131438967e-04
2025-12-08T12:23:01.440897 | 50055 | 2CEC734A488B59BF | -1.5590864148e-03
2025-12-08T12:23:01.441083 | 50054 | 0A52E6CE9DE85840 | 9.9634631848e+01
2025-12-08T12:23:01.539936 | 50053 | AC2A8CAB90615A40 | 1.0552445496e+02
2025-12-08T12:23:01.540298 | 50055 | 92D42081B6BD373F | 3.6225991892e-04
2025-12-08T12:23:01.540357 | 50054 | 861A6A89D1F75740 | 9.5872164110e+01
2025-12-08T12:23:01.541175 | 50056 | 6B7FBB1CF21641BF | -5.2153417479e-04
2025-12-08T12:23:01.641112 | 50056 | A95917E20659563F | 1.3639991015e-03
2025-12-08T12:23:01.641347 | 50055 | 94CBB517CCA456BF | -1.3820641605e-03
2025-12-08T12:23:01.641411 | 50054 | 4EA4000773DC5740 | 9.5444520712e+01
2025-12-08T12:23:01.642702 | 50053 | 5BFFA12818035A40 | 1.0404834953e+02
2025-12-08T12:23:01.741025 | 50056 | 3AC8F3DE24744A3F | 8.0730247819e-04
2025-12-08T12:23:01.741270 | 50054 | FD258EA7CE635940 | 1.0155948819e+02
2025-12-08T12:23:01.741447 | 50055 | EA5ABC35079341BF | -5.3632595106e-04
2025-12-08T12:23:01.741995 | 50053 | BE17E42098C65A40 | 1.0710303519e+02
2025-12-08T12:23:01.844666 | 50056 | 19614AD56BB9473F | 7.2400822917e-04
2025-12-08T12:23:01.845212 | 50053 | 57D338CBCC9D5A40 | 1.0646562462e+02
2025-12-08T12:23:01.845258 | 50055 | 0A390F403B1A22BF | -1.3811085958e-04
2025-12-08T12:23:01.846655 | 50054 | 07DBF307A3A85940 | 1.0263495063e+02
2025-12-08T12:23:01.942044 | 50054 | CC08A33BAF745740 | 9.3823195371e+01
2025-12-08T12:23:01.942147 | 50056 | B61CF5D4A3BD343F | 3.1647920419e-04
2025-12-08T12:23:01.942200 | 50053 | 45747874CA6A5A40 | 1.0566860687e+02
2025-12-08T12:23:01.943006 | 50055 | E0AB51B6CC8051BF | -1.0683058875e-03
2025-12-08T12:23:02.046231 | 50053 | 3596DE17816B5A40 | 1.0567975423e+02
2025-12-08T12:23:02.046373 | 50056 | 10D138C9FE0E203F | 1.2251720601e-04
2025-12-08T12:23:02.046501 | 50054 | EE2E1F1B43E55740 | 9.5582220822e+01
2025-12-08T12:23:02.046728 | 50055 | CFE452FB41D552BF | -1.1494774201e-03
2025-12-08T12:23:02.144165 | 50053 | FA3D200AC39C5840 | 9.8449404270e+01
2025-12-08T12:23:02.144304 | 50054 | 5A3A0F1BF0B05840 | 9.8764654889e+01
2025-12-08T12:23:02.144661 | 50056 | FC4E841BF1984F3F | 9.6427700831e-04
2025-12-08T12:23:02.145421 | 50055 | 39331258F9CF4BBF | -8.4876704217e-04
2025-12-08T12:23:02.244878 | 50056 | 34105F292FE3453F | 6.6795161069e-04
2025-12-08T12:23:02.245815 | 50053 | 2C006AA8D1FD5840 | 9.9965921501e+01
2025-12-08T12:23:02.245879 | 50054 | E4AFBF327A545840 | 9.7319958389e+01
2025-12-08T12:23:02.246124 | 50055 | 98FD7BA490B24FBF | -9.6733152984e-04
2025-12-08T12:23:02.345345 | 50053 | B65650D511C05940 | 1.0300108846e+02
2025-12-08T12:23:02.345764 | 50054 | C3A8A438FEB35740 | 9.4812391434e+01
2025-12-08T12:23:02.346285 | 50055 | D8E34B8C2774383F | 3.7313428429e-04
2025-12-08T12:23:02.346499 | 50056 | 9EA6CC1087BC31BF | -2.7063653470e-04
2025-12-08T12:23:02.448357 | 50056 | 93062369FD49483F | 7.4124215669e-04
2025-12-08T12:23:02.448514 | 50055 | 599BA8E5A74E47BF | -7.1128080464e-04
2025-12-08T12:23:02.449951 | 50053 | 477A6C5C19BC5840 | 9.8939047914e+01
2025-12-08T12:23:02.450107 | 50054 | 1503672284B25940 | 1.0278931484e+02
2025-12-08T12:23:02.547771 | 50055 | 34ECDB0E5F3D18BF | -9.2467238314e-05
2025-12-08T12:23:02.547840 | 50054 | 611EFA93C2475740 | 9.3121251101e+01
2025-12-08T12:23:02.548571 | 50056 | B09D3611ECF9483F | 7.6221491547e-04
2025-12-08T12:23:02.549083 | 50053 | 5DAD08B5DC4B5940 | 1.0118534590e+02
2025-12-08T12:23:02.648494 | 50055 | 289A7BB00E6324BF | -1.5554003061e-04
2025-12-08T12:23:02.648608 | 50056 | E4D715B475F02CBF | -2.2078930673e-04
2025-12-08T12:23:02.649056 | 50054 | 193672EAE8955740 | 9.4342341053e+01
2025-12-08T12:23:02.649085 | 50053 | 8CC1361C35E35A40 | 1.0755011659e+02
2025-12-08T12:23:02.748184 | 50053 | 31069FDF20A05940 | 1.0250200644e+02
2025-12-08T12:23:02.748328 | 50054 | 245A07B6BCBA5740 | 9.4917768008e+01
2025-12-08T12:23:02.748469 | 50056 | 6CE9A182F35B583F | 1.4867666273e-03
2025-12-08T12:23:02.748857 | 50055 | B1F8A5DE2F7A52BF | -1.1277644613e-03
2025-12-08T12:23:02.849575 | 50053 | 37FF41B17A1D5940 | 1.0046061355e+02
2025-12-08T12:23:02.849656 | 50055 | 78BA231DF45E48BF | -7.4374122258e-04
2025-12-08T12:23:02.850203 | 50054 | 51FD302ED5F25740 | 9.5794261501e+01
2025-12-08T12:23:02.850344 | 50056 | C0857818148C283F | 1.8728013332e-04
2025-12-08T12:23:02.948886 | 50056 | 6FC06A5B9A5E503F | 9.9911760269e-04
2025-12-08T12:23:02.948980 | 50054 | 988DC97F465F5840 | 9.7488677928e+01
2025-12-08T12:23:02.949008 | 50055 | C558C88D0C44353F | 3.2449060908e-04
2025-12-08T12:23:02.949047 | 50053 | AEB0C664FD325940 | 1.0079671592e+02
2025-12-08T12:23:03.051827 | 50055 | CACEA0D1F0874FBF | -9.6225031598e-04
2025-12-08T12:23:03.052350 | 50056 | 00DC7830083CFEBE | -2.8833866081e-05
2025-12-08T12:23:03.052911 | 50053 | E4BD26D644A25840 | 9.8535451448e+01
2025-12-08T12:23:03.052960 | 50054 | 6BA5C059688B5940 | 1.0217824405e+02
2025-12-08T12:23:03.151801 | 50053 | 56013688451D5A40 | 1.0445736890e+02
2025-12-08T12:23:03.152196 | 50056 | 20DF18C61502573F | 1.4043057094e-03
2025-12-08T12:23:03.152675 | 50054 | 3B0B35C75DB15840 | 9.8771348764e+01
2025-12-08T12:23:03.152954 | 50055 | 4F69EC0A16D751BF | -1.0888781796e-03
2025-12-08T12:23:03.252309 | 50053 | 918C3E9293425A40 | 1.0504025704e+02
2025-12-08T12:23:03.252684 | 50056 | F2CD72CA3BD8523F | 1.1501869101e-03
2025-12-08T12:23:03.252834 | 50055 | FE811954CCD24EBF | -9.4065644243e-04
2025-12-08T12:23:03.252937 | 50054 | A664AC7047185940 | 1.0037936036e+02
2025-12-08T12:23:03.353012 | 50053 | C60194F585355A40 | 1.0483630123e+02
2025-12-08T12:23:03.353315 | 50055 | 362607A595583ABF | -4.0200856622e-04
2025-12-08T12:23:03.353987 | 50054 | BBF813A32A135940 | 1.0029947736e+02
2025-12-08T12:23:03.354567 | 50056 | 5DB12E998E9D363F | 3.4508448987e-04
2025-12-08T12:23:03.452820 | 50055 | D6B839891A8C2D3F | 2.2542785574e-04
2025-12-08T12:23:03.453585 | 50054 | 9158F3F2B2AF5740 | 9.4745297182e+01
2025-12-08T12:23:03.453627 | 50056 | 3AE319F008524D3F | 8.9478908940e-04
2025-12-08T12:23:03.453665 | 50053 | EF48C08A2ED15840 | 9.9268465698e+01
2025-12-08T12:23:03.557212 | 50055 | 2CC6B7A11606313F | 2.5976231129e-04
2025-12-08T12:23:03.557256 | 50054 | 20B89E3F045E5740 | 9.3469009309e+01
2025-12-08T12:23:03.557302 | 50053 | EEB45C67C7E15840 | 9.9527795640e+01
2025-12-08T12:23:03.557378 | 50056 | 729E6C599696563F | 1.3786762481e-03
2025-12-08T12:23:03.655470 | 50053 | DE1BFC098D455940 | 1.0108673334e+02
2025-12-08T12:23:03.655524 | 50056 | C88EC4FCC815353F | 3.2173306387e-04
2025-12-08T12:23:03.655735 | 50054 | 0EF1B5D5859B5840 | 9.8430043628e+01
2025-12-08T12:23:03.657218 | 50055 | 32A7DC1E7C74423F | 5.6320248198e-04
2025-12-08T12:23:03.754698 | 50056 | 0D14785C20A7523F | 1.1384788539e-03
2025-12-08T12:23:03.755241 | 50055 | C60633D6668141BF | -5.3422471355e-04
2025-12-08T12:23:03.755473 | 50054 | 95AB1DBB64D05740 | 9.5256148128e+01
2025-12-08T12:23:03.755948 | 50053 | F421E009AD435940 | 1.0105743644e+02
2025-12-08T12:23:03.856159 | 50054 | 15BD1996C50A5940 | 1.0016830971e+02
2025-12-08T12:23:03.856278 | 50053 | 7A7D7C9BD9C85940 | 1.0313828170e+02
2025-12-08T12:23:03.857265 | 50055 | 09C2DB9FE66D3C3F | 4.3379669647e-04
2025-12-08T12:23:03.858126 | 50056 | B69974F05000583F | 1.4649191306e-03
2025-12-08T12:23:03.956365 | 50056 | 999EF07EC4304B3F | 8.2978815579e-04
2025-12-08T12:23:03.956966 | 50055 | 005CE1B75C4BA1BE | -5.1541279312e-07
2025-12-08T12:23:03.957048 | 50054 | E4FCD844CE775840 | 9.7871964657e+01
2025-12-08T12:23:03.957234 | 50053 | 5C783961A17F5A40 | 1.0599422484e+02
2025-12-08T12:23:04.059481 | 50056 | 5885ADFB807B16BF | -8.5763690476e-05
2025-12-08T12:23:04.059536 | 50053 | 3A31CE1BE5BE5940 | 1.0298273368e+02
2025-12-08T12:23:04.060484 | 50055 | 60F97E7A7DF352BF | -1.1566853882e-03
2025-12-08T12:23:04.060676 | 50054 | 55DF41EE49225840 | 9.6535762371e+01
2025-12-08T12:23:04.158533 | 50053 | A2FB5E012E655A40 | 1.0558093294e+02
2025-12-08T12:23:04.158590 | 50056 | 35CA681ABC49533F | 1.1772477097e-03
2025-12-08T12:23:04.158823 | 50054 | 1CF326A42F7D5840 | 9.7956032789e+01
2025-12-08T12:23:04.159393 | 50055 | 481403215E4BF0BE | -1.5539555591e-05
2025-12-08T12:23:04.260054 | 50053 | F3A33EB912625A40 | 1.0553239280e+02
2025-12-08T12:23:04.260353 | 50055 | 609426D0245652BF | -1.1191710952e-03
2025-12-08T12:23:04.260449 | 50054 | A350AA4B76B25840 | 9.8788470188e+01
2025-12-08T12:23:04.262425 | 50056 | 0C3710DA115E20BF | -1.2487380903e-04
2025-12-08T12:23:04.358880 | 50053 | 213BF6840D085A40 | 1.0412582516e+02
2025-12-08T12:23:04.359109 | 50055 | B4962E40CF8F50BF | -1.0108493741e-03
2025-12-08T12:23:04.359395 | 50056 | 7C8283B168E122BF | -1.4404681202e-04
2025-12-08T12:23:04.360089 | 50054 | 71A6B6B824835840 | 9.8049116305e+01
2025-12-08T12:23:04.460333 | 50055 | 9AF13476395B203F | 1.2478901326e-04
2025-12-08T12:23:04.460409 | 50056 | 106FFC4E8E5303BF | -3.6862163937e-05
2025-12-08T12:23:04.460972 | 50053 | 51A73A4D88505840 | 9.7258319194e+01
2025-12-08T12:23:04.461025 | 50054 | B247F829C1D25740 | 9.5293039792e+01
2025-12-08T12:23:04.561046 | 50056 | AA53DF9D7E2E4E3F | 9.2106993156e-04
2025-12-08T12:23:04.561117 | 50054 | 6AF746F0E9525740 | 9.3295528478e+01
2025-12-08T12:23:04.561285 | 50053 | 3FCD967FA7185940 | 1.0038522329e+02
2025-12-08T12:23:04.562415 | 50055 | 10D591C471DAEDBE | -1.4235162000e-05
2025-12-08T12:23:04.664070 | 50056 | 5CF52C70B9492BBF | -2.0819080972e-04
2025-12-08T12:23:04.664437 | 50055 | 3C726F72D7EF00BF | -3.2304537221e-05
2025-12-08T12:23:04.665789 | 50053 | 48718379DA755A40 | 1.0584145964e+02
2025-12-08T12:23:04.667807 | 50054 | 1229506F42F95740 | 9.5894679859e+01
2025-12-08T12:23:04.760659 | 50054 | 855C1B103A6A5740 | 9.3659793879e+01
2025-12-08T12:23:04.761007 | 50053 | 3D9F75BA16365A40 | 1.0484513723e+02
2025-12-08T12:23:04.761257 | 50056 | 44C8676CB3295C3F | 1.7189266379e-03
2025-12-08T12:23:04.761873 | 50055 | FF798B626E8A433F | 5.9633626833e-04
2025-12-08T12:23:04.862813 | 50056 | 3835581E3616503F | 9.8185811055e-04
2025-12-08T12:23:04.863149 | 50055 | 9E6953B7CBFD0F3F | 6.1018733428e-05
2025-12-08T12:23:04.863254 | 50053 | D9E4D9AB25E65840 | 9.9596049273e+01
2025-12-08T12:23:04.865115 | 50054 | 2D98D94388145940 | 1.0032081696e+02
2025-12-08T12:23:04.961325 | 50053 | B282C02EBCEC5940 | 1.0369898576e+02
2025-12-08T12:23:04.961780 | 50056 | 456F102E11123F3F | 4.7409934456e-04
2025-12-08T12:23:04.962277 | 50055 | 419ED2C400CA423F | 5.7339704076e-04
2025-12-08T12:23:04.962672 | 50054 | EAFA5F46E4335840 | 9.6810807794e+01
2025-12-08T12:23:05.062744 | 50056 | 0EE2F13DA53F4A3F | 8.0104416328e-04
2025-12-08T12:23:05.063067 | 50054 | 50169890ABBF5840 | 9.8994846486e+01
2025-12-08T12:23:05.063371 | 50055 | 922242C49DC32F3F | 2.4234104979e-04
2025-12-08T12:23:05.063490 | 50053 | 098B483D64355A40 | 1.0483424313e+02
2025-12-08T12:23:05.161932 | 50053 | 57869376ECD05940 | 1.0326443257e+02
2025-12-08T12:23:05.162087 | 50054 | EC0A533CA5CC5740 | 9.5197585183e+01
2025-12-08T12:23:05.162137 | 50056 | D68524B659F0523F | 1.1559368218e-03
2025-12-08T12:23:05.162493 | 50055 | D527B780A223433F | 5.8408198077e-04
2025-12-08T12:23:05.264601 | 50054 | 1486C35042005840 | 9.6004047576e+01
2025-12-08T12:23:05.264946 | 50053 | 244FA0D6E5025A40 | 1.0404527822e+02
2025-12-08T12:23:05.265385 | 50055 | 5A8BC06408EE393F | 3.9565758630e-04
2025-12-08T12:23:05.265686 | 50056 | 733001F9FE29593F | 1.5358915298e-03
2025-12-08T12:23:05.364660 | 50053 | D623347BDDEC5940 | 1.0370101814e+02
2025-12-08T12:23:05.364878 | 50056 | BAB5860D4CCF403F | 5.1299298780e-04
2025-12-08T12:23:05.365231 | 50055 | 7A01C4BDE9392CBF | -2.1534899032e-04
2025-12-08T12:23:05.365645 | 50054 | A92B24BE6BA25740 | 9.4537826095e+01
2025-12-08T12:23:05.463814 | 50056 | E58057295CC44F3F | 9.6945285867e-04
2025-12-08T12:23:05.464116 | 50053 | 776EA19A20FC5840 | 9.9939489992e+01
2025-12-08T12:23:05.465422 | 50055 | 4E93A50936D04FBF | -9.7086561736e-04
2025-12-08T12:23:05.465880 | 50054 | 64EE47B50AE45840 | 9.9563153572e+01
2025-12-08T12:23:05.565280 | 50054 | 6136789D08345940 | 1.0081302582e+02
2025-12-08T12:23:05.565848 | 50053 | 54F0B177F85A5940 | 1.0142141526e+02
2025-12-08T12:23:05.566102 | 50055 | A9DB66FEA5C9433F | 6.0387234844e-04
2025-12-08T12:23:05.566279 | 50056 | EB8C481C1868473F | 7.1431329031e-04
2025-12-08T12:23:05.667126 | 50056 | 506EAD8EF40F00BF | -3.0636454389e-05
2025-12-08T12:23:05.667334 | 50055 | BFC1DA64097244BF | -6.2394579591e-04
2025-12-08T12:23:05.667380 | 50053 | 43E31806E8535A40 | 1.0531103661e+02
2025-12-08T12:23:05.673125 | 50054 | C363F00859A05840 | 9.8505434260e+01
2025-12-08T12:23:05.766138 | 50053 | 96D4DE3BA4D55940 | 1.0333814904e+02
2025-12-08T12:23:05.766429 | 50055 | 74048E42C61B41BF | -5.2210980094e-04
2025-12-08T12:23:05.766510 | 50056 | BF7D553AE1CE4A3F | 8.1811902480e-04
2025-12-08T12:23:05.766673 | 50054 | 9EA2BECB045E5940 | 1.0146904272e+02
2025-12-08T12:23:05.866277 | 50056 | D41316A5F7E3423F | 5.7649223361e-04
2025-12-08T12:23:05.866511 | 50053 | C123D220CE5A5840 | 9.7418831067e+01
2025-12-08T12:23:05.867080 | 50054 | 0BCB812CF8375740 | 9.2874522330e+01
2025-12-08T12:23:05.868114 | 50055 | EC57B75B511F513F | 1.0450644030e-03
2025-12-08T12:23:05.966970 | 50054 | 0DC9C8745E1F5740 | 9.2490140148e+01
2025-12-08T12:23:05.967182 | 50055 | E290D776CC7D483F | 7.4741824727e-04
2025-12-08T12:23:05.967334 | 50056 | 9CA396CB1AD05A3F | 1.6365300820e-03
2025-12-08T12:23:05.967406 | 50053 | 4252BCA2B6335940 | 1.0080802220e+02
2025-12-08T12:23:06.067307 | 50054 | 7EEFF06B43785840 | 9.7879115091e+01
2025-12-08T12:23:06.067600 | 50055 | D281045C6C893BBF | -4.2017837042e-04
2025-12-08T12:23:06.067825 | 50056 | 0CC1903F0785533F | 1.1913843903e-03
2025-12-08T12:23:06.069177 | 50053 | 5EF4DE0D6EA35940 | 1.0255359217e+02
2025-12-08T12:23:06.168527 | 50054 | 2480D78354F25740 | 9.5786408387e+01
2025-12-08T12:23:06.168736 | 50053 | BB887675AAA75940 | 1.0261977898e+02
2025-12-08T12:23:06.170715 | 50055 | CCC6C6BF9C13443F | 6.1268953100e-04
2025-12-08T12:23:06.171008 | 50056 | E79666AEA9915B3F | 1.6826779407e-03
2025-12-08T12:23:06.268073 | 50055 | F59FB188619E32BF | -2.8409844589e-04
2025-12-08T12:23:06.269387 | 50053 | 9DCA61DF6B6A5A40 | 1.0566283402e+02
2025-12-08T12:23:06.269461 | 50054 | 0C556EAA764E5740 | 9.3225992782e+01
2025-12-08T12:23:06.273376 | 50056 | F8CD25BB842010BF | -6.1519719372e-05
2025-12-08T12:23:06.368612 | 50056 | 0018CE2992E3203F | 1.2885245533e-04
2025-12-08T12:23:06.369027 | 50055 | 2C1777B6771040BF | -4.9024434423e-04
2025-12-08T12:23:06.369050 | 50053 | 01592147A4915940 | 1.0227565172e+02
2025-12-08T12:23:06.369397 | 50054 | C49DD2CCBC1B5840 | 9.6433398443e+01
2025-12-08T12:23:06.468970 | 50054 | 4D3DFFB602C35740 | 9.5047040700e+01
2025-12-08T12:23:06.469023 | 50053 | CAAF7BF775765840 | 9.7850950118e+01
2025-12-08T12:23:06.469380 | 50055 | 7C3323F4A04A433F | 5.8873042169e-04
2025-12-08T12:23:06.469920 | 50056 | 18D94FAA218C513F | 1.0710076106e-03
2025-12-08T12:23:06.568996 | 50054 | CEB7F7E1404A5740 | 9.3160210125e+01
2025-12-08T12:23:06.569631 | 50053 | E021E04C4F785840 | 9.7879840106e+01
2025-12-08T12:23:06.569701 | 50055 | C632B2EC89B64E3F | 9.3728766059e-04
2025-12-08T12:23:06.570170 | 50056 | 65CDD3D00962513F | 1.0609718186e-03
2025-12-08T12:23:06.669379 | 50053 | C06E54463E285840 | 9.6628800948e+01
2025-12-08T12:23:06.669442 | 50056 | 97EC84A62367513F | 1.0621879720e-03
2025-12-08T12:23:06.669713 | 50054 | 7857CA2AD3435740 | 9.3059763620e+01
2025-12-08T12:23:06.669802 | 50055 | 02D60BE37B4943BF | -5.8859395185e-04
2025-12-08T12:23:06.770049 | 50053 | C4FF6C5C15FC5840 | 9.9938803774e+01
2025-12-08T12:23:06.770505 | 50056 | C4CA8187E0F9463F | 7.0117438646e-04
2025-12-08T12:23:06.770936 | 50054 | CF945DDFA86A5740 | 9.3666557161e+01
2025-12-08T12:23:06.771009 | 50055 | EEF541ECD1FE493F | 7.9331636563e-04
2025-12-08T12:23:06.871919 | 50053 | EE32C107F8695940 | 1.0165576357e+02
2025-12-08T12:23:06.871940 | 50056 | 8A9203724641573F | 1.4193714088e-03
2025-12-08T12:23:06.872322 | 50055 | C0D404C234D4F63E | 2.1771364232e-05
2025-12-08T12:23:06.874890 | 50054 | 75565E35EEC05840 | 9.9014539091e+01
2025-12-08T12:23:06.970305 | 50054 | 266BB7C673F05840 | 9.9757066421e+01
2025-12-08T12:23:06.970442 | 50055 | 109BFB3ACDB849BF | -7.8496953026e-04
2025-12-08T12:23:06.971189 | 50056 | 50A35B8311F8163F | 8.7619847217e-05
2025-12-08T12:23:06.971897 | 50053 | 62A4F2CBF60A5940 | 1.0017131327e+02
2025-12-08T12:23:07.071134 | 50055 | 947F66B7C844523F | 1.1150322076e-03
2025-12-08T12:23:07.071487 | 50053 | EC7B4600E5115840 | 9.6279602116e+01
2025-12-08T12:23:07.072096 | 50056 | 762494C588F3553F | 1.3398013746e-03
2025-12-08T12:23:07.072126 | 50054 | 8C5BF2D26C025840 | 9.6037892090e+01
2025-12-08T12:23:07.171396 | 50056 | 324AF95423D2593F | 1.5759797133e-03
2025-12-08T12:23:07.171728 | 50054 | FA4347CB41735740 | 9.3800890750e+01
2025-12-08T12:23:07.172029 | 50055 | F14D5D63463A43BF | -5.8678090020e-04
2025-12-08T12:23:07.172776 | 50053 | F2D8E4999AB55940 | 1.0283756111e+02
2025-12-08T12:23:07.272882 | 50055 | 3D873AD27F61213F | 1.3260541265e-04
2025-12-08T12:23:07.273078 | 50056 | 2E663E67BA19403F | 4.9134828304e-04
2025-12-08T12:23:07.273551 | 50053 | 9E7D80D6F5745840 | 9.7827504755e+01
2025-12-08T12:23:07.273682 | 50054 | C2C277A42DAF5840 | 9.8737160794e+01
2025-12-08T12:23:07.373237 | 50053 | 748B38AF3D4F5840 | 9.7238139920e+01
2025-12-08T12:23:07.373524 | 50056 | 7E643098ED384B3F | 8.3076096815e-04
2025-12-08T12:23:07.374183 | 50055 | CE2F9C5D52B14C3F | 8.7563058625e-04
2025-12-08T12:23:07.375587 | 50054 | 63F78D44162D5740 | 9.2704484118e+01
